[2.160s] Invoking command in '/home/nvidia/rby1_ros2_ws/rby1-ros2/rby1_mobile_control': PYTHONPATH=/home/nvidia/rby1_ros2_ws/rby1-ros2/build/rby1_mobile_control/prefix_override:/usr/lib/python3/dist-packages/colcon_core/task/python/colcon_distutils_commands:/home/nvidia/rby1_ros2_ws/rby1-ros2/install/rby1_mobile_control/lib/python3.10/site-packages:${PYTHONPATH} /usr/bin/python3 -W ignore:setup.py install is deprecated -W ignore:easy_install command is deprecated setup.py egg_info --egg-base ../build/rby1_mobile_control build --build-base /home/nvidia/rby1_ros2_ws/rby1-ros2/build/rby1_mobile_control/build install --record /home/nvidia/rby1_ros2_ws/rby1-ros2/build/rby1_mobile_control/install.log --single-version-externally-managed install_data
[2.680s] running egg_info
[2.681s] writing ../build/rby1_mobile_control/rby1_mobile_control.egg-info/PKG-INFO
[2.682s] writing dependency_links to ../build/rby1_mobile_control/rby1_mobile_control.egg-info/dependency_links.txt
[2.682s] writing entry points to ../build/rby1_mobile_control/rby1_mobile_control.egg-info/entry_points.txt
[2.682s] writing requirements to ../build/rby1_mobile_control/rby1_mobile_control.egg-info/requires.txt
[2.683s] writing top-level names to ../build/rby1_mobile_control/rby1_mobile_control.egg-info/top_level.txt
[2.686s] reading manifest file '../build/rby1_mobile_control/rby1_mobile_control.egg-info/SOURCES.txt'
[2.687s] writing manifest file '../build/rby1_mobile_control/rby1_mobile_control.egg-info/SOURCES.txt'
[2.688s] running build
[2.688s] running build_py
[2.688s] running install
[2.689s] running install_lib
[2.692s] running install_data
[2.693s] running install_egg_info
[2.696s] removing '/home/nvidia/rby1_ros2_ws/rby1-ros2/install/rby1_mobile_control/lib/python3.10/site-packages/rby1_mobile_control-0.0.1-py3.10.egg-info' (and everything under it)
[2.697s] Copying ../build/rby1_mobile_control/rby1_mobile_control.egg-info to /home/nvidia/rby1_ros2_ws/rby1-ros2/install/rby1_mobile_control/lib/python3.10/site-packages/rby1_mobile_control-0.0.1-py3.10.egg-info
[2.699s] running install_scripts
[2.740s] Installing mobile_publisher script to /home/nvidia/rby1_ros2_ws/rby1-ros2/install/rby1_mobile_control/lib/rby1_mobile_control
[2.741s] writing list of installed files to '/home/nvidia/rby1_ros2_ws/rby1-ros2/build/rby1_mobile_control/install.log'
[2.807s] Invoked command in '/home/nvidia/rby1_ros2_ws/rby1-ros2/rby1_mobile_control' returned '0': PYTHONPATH=/home/nvidia/rby1_ros2_ws/rby1-ros2/build/rby1_mobile_control/prefix_override:/usr/lib/python3/dist-packages/colcon_core/task/python/colcon_distutils_commands:/home/nvidia/rby1_ros2_ws/rby1-ros2/install/rby1_mobile_control/lib/python3.10/site-packages:${PYTHONPATH} /usr/bin/python3 -W ignore:setup.py install is deprecated -W ignore:easy_install command is deprecated setup.py egg_info --egg-base ../build/rby1_mobile_control build --build-base /home/nvidia/rby1_ros2_ws/rby1-ros2/build/rby1_mobile_control/build install --record /home/nvidia/rby1_ros2_ws/rby1-ros2/build/rby1_mobile_control/install.log --single-version-externally-managed install_data
