/home/nvidia/rby1_ros2_ws/rby1-ros2/install/rby1_subscriber_pkg/lib/python3.10/site-packages/rby1_subscriber_pkg/04_right_arm_control.py
/home/nvidia/rby1_ros2_ws/rby1-ros2/install/rby1_subscriber_pkg/lib/python3.10/site-packages/rby1_subscriber_pkg/07_mobile_control.py
/home/nvidia/rby1_ros2_ws/rby1-ros2/install/rby1_subscriber_pkg/lib/python3.10/site-packages/rby1_subscriber_pkg/01_dualarm_control.py
/home/nvidia/rby1_ros2_ws/rby1-ros2/install/rby1_subscriber_pkg/lib/python3.10/site-packages/rby1_subscriber_pkg/06_head_control.py
/home/nvidia/rby1_ros2_ws/rby1-ros2/install/rby1_subscriber_pkg/lib/python3.10/site-packages/rby1_subscriber_pkg/02_wholebody_control.py
/home/nvidia/rby1_ros2_ws/rby1-ros2/install/rby1_subscriber_pkg/lib/python3.10/site-packages/rby1_subscriber_pkg/05_left_arm_control.py
/home/nvidia/rby1_ros2_ws/rby1-ros2/install/rby1_subscriber_pkg/lib/python3.10/site-packages/rby1_subscriber_pkg/03_torso_control.py
/home/nvidia/rby1_ros2_ws/rby1-ros2/install/rby1_subscriber_pkg/lib/python3.10/site-packages/rby1_subscriber_pkg/__init__.py
/home/nvidia/rby1_ros2_ws/rby1-ros2/install/rby1_subscriber_pkg/lib/python3.10/site-packages/rby1_subscriber_pkg/__pycache__/04_right_arm_control.cpython-310.pyc
/home/nvidia/rby1_ros2_ws/rby1-ros2/install/rby1_subscriber_pkg/lib/python3.10/site-packages/rby1_subscriber_pkg/__pycache__/07_mobile_control.cpython-310.pyc
/home/nvidia/rby1_ros2_ws/rby1-ros2/install/rby1_subscriber_pkg/lib/python3.10/site-packages/rby1_subscriber_pkg/__pycache__/01_dualarm_control.cpython-310.pyc
/home/nvidia/rby1_ros2_ws/rby1-ros2/install/rby1_subscriber_pkg/lib/python3.10/site-packages/rby1_subscriber_pkg/__pycache__/06_head_control.cpython-310.pyc
/home/nvidia/rby1_ros2_ws/rby1-ros2/install/rby1_subscriber_pkg/lib/python3.10/site-packages/rby1_subscriber_pkg/__pycache__/02_wholebody_control.cpython-310.pyc
/home/nvidia/rby1_ros2_ws/rby1-ros2/install/rby1_subscriber_pkg/lib/python3.10/site-packages/rby1_subscriber_pkg/__pycache__/05_left_arm_control.cpython-310.pyc
/home/nvidia/rby1_ros2_ws/rby1-ros2/install/rby1_subscriber_pkg/lib/python3.10/site-packages/rby1_subscriber_pkg/__pycache__/03_torso_control.cpython-310.pyc
/home/nvidia/rby1_ros2_ws/rby1-ros2/install/rby1_subscriber_pkg/lib/python3.10/site-packages/rby1_subscriber_pkg/__pycache__/__init__.cpython-310.pyc
/home/nvidia/rby1_ros2_ws/rby1-ros2/install/rby1_subscriber_pkg/share/ament_index/resource_index/packages/rby1_subscriber_pkg
/home/nvidia/rby1_ros2_ws/rby1-ros2/install/rby1_subscriber_pkg/share/rby1_subscriber_pkg/package.xml
/home/nvidia/rby1_ros2_ws/rby1-ros2/install/rby1_subscriber_pkg/share/rby1_subscriber_pkg/launch/subscriber_launch.py
/home/nvidia/rby1_ros2_ws/rby1-ros2/install/rby1_subscriber_pkg/share/rby1_subscriber_pkg/launch/demo_with_ros_launch.py
/home/nvidia/rby1_ros2_ws/rby1-ros2/install/rby1_subscriber_pkg/lib/python3.10/site-packages/rby1_subscriber_pkg-0.0.1-py3.10.egg-info/PKG-INFO
/home/nvidia/rby1_ros2_ws/rby1-ros2/install/rby1_subscriber_pkg/lib/python3.10/site-packages/rby1_subscriber_pkg-0.0.1-py3.10.egg-info/requires.txt
/home/nvidia/rby1_ros2_ws/rby1-ros2/install/rby1_subscriber_pkg/lib/python3.10/site-packages/rby1_subscriber_pkg-0.0.1-py3.10.egg-info/entry_points.txt
/home/nvidia/rby1_ros2_ws/rby1-ros2/install/rby1_subscriber_pkg/lib/python3.10/site-packages/rby1_subscriber_pkg-0.0.1-py3.10.egg-info/dependency_links.txt
/home/nvidia/rby1_ros2_ws/rby1-ros2/install/rby1_subscriber_pkg/lib/python3.10/site-packages/rby1_subscriber_pkg-0.0.1-py3.10.egg-info/SOURCES.txt
/home/nvidia/rby1_ros2_ws/rby1-ros2/install/rby1_subscriber_pkg/lib/python3.10/site-packages/rby1_subscriber_pkg-0.0.1-py3.10.egg-info/top_level.txt
/home/nvidia/rby1_ros2_ws/rby1-ros2/install/rby1_subscriber_pkg/lib/python3.10/site-packages/rby1_subscriber_pkg-0.0.1-py3.10.egg-info/zip-safe
/home/nvidia/rby1_ros2_ws/rby1-ros2/install/rby1_subscriber_pkg/lib/rby1_subscriber_pkg/01_dualarm_control
/home/nvidia/rby1_ros2_ws/rby1-ros2/install/rby1_subscriber_pkg/lib/rby1_subscriber_pkg/02_wholebody_control
/home/nvidia/rby1_ros2_ws/rby1-ros2/install/rby1_subscriber_pkg/lib/rby1_subscriber_pkg/03_torso_control
/home/nvidia/rby1_ros2_ws/rby1-ros2/install/rby1_subscriber_pkg/lib/rby1_subscriber_pkg/04_right_arm_control
/home/nvidia/rby1_ros2_ws/rby1-ros2/install/rby1_subscriber_pkg/lib/rby1_subscriber_pkg/05_left_arm_control
/home/nvidia/rby1_ros2_ws/rby1-ros2/install/rby1_subscriber_pkg/lib/rby1_subscriber_pkg/06_head_control
/home/nvidia/rby1_ros2_ws/rby1-ros2/install/rby1_subscriber_pkg/lib/rby1_subscriber_pkg/07_mobile_control
/home/nvidia/rby1_ros2_ws/rby1-ros2/install/rby1_subscriber_pkg/lib/rby1_subscriber_pkg/08_DH_dualarm_control_2
/home/nvidia/rby1_ros2_ws/rby1-ros2/install/rby1_subscriber_pkg/lib/rby1_subscriber_pkg/controller_manager_ui
/home/nvidia/rby1_ros2_ws/rby1-ros2/install/rby1_subscriber_pkg/lib/rby1_subscriber_pkg/sorted_joint_state
