-- Install configuration: ""
-- Up-to-date: /home/nvidia/rby1_ros2_ws/rby1-ros2/install/rby1_bringup/share/rby1_bringup/launch
-- Up-to-date: /home/nvidia/rby1_ros2_ws/rby1-ros2/install/rby1_bringup/share/rby1_bringup/launch/bringup.launch.py
-- Up-to-date: /home/nvidia/rby1_ros2_ws/rby1-ros2/install/rby1_bringup/share/rby1_bringup/config
-- Up-to-date: /home/nvidia/rby1_ros2_ws/rby1-ros2/install/rby1_bringup/share/rby1_bringup/config/rby1_controllers.yaml
-- Up-to-date: /home/nvidia/rby1_ros2_ws/rby1-ros2/install/rby1_bringup/share/ament_index/resource_index/package_run_dependencies/rby1_bringup
-- Up-to-date: /home/nvidia/rby1_ros2_ws/rby1-ros2/install/rby1_bringup/share/ament_index/resource_index/parent_prefix_path/rby1_bringup
-- Up-to-date: /home/nvidia/rby1_ros2_ws/rby1-ros2/install/rby1_bringup/share/rby1_bringup/environment/ament_prefix_path.sh
-- Up-to-date: /home/nvidia/rby1_ros2_ws/rby1-ros2/install/rby1_bringup/share/rby1_bringup/environment/ament_prefix_path.dsv
-- Up-to-date: /home/nvidia/rby1_ros2_ws/rby1-ros2/install/rby1_bringup/share/rby1_bringup/environment/path.sh
-- Up-to-date: /home/nvidia/rby1_ros2_ws/rby1-ros2/install/rby1_bringup/share/rby1_bringup/environment/path.dsv
-- Up-to-date: /home/nvidia/rby1_ros2_ws/rby1-ros2/install/rby1_bringup/share/rby1_bringup/local_setup.bash
-- Up-to-date: /home/nvidia/rby1_ros2_ws/rby1-ros2/install/rby1_bringup/share/rby1_bringup/local_setup.sh
-- Up-to-date: /home/nvidia/rby1_ros2_ws/rby1-ros2/install/rby1_bringup/share/rby1_bringup/local_setup.zsh
-- Up-to-date: /home/nvidia/rby1_ros2_ws/rby1-ros2/install/rby1_bringup/share/rby1_bringup/local_setup.dsv
-- Up-to-date: /home/nvidia/rby1_ros2_ws/rby1-ros2/install/rby1_bringup/share/rby1_bringup/package.dsv
-- Up-to-date: /home/nvidia/rby1_ros2_ws/rby1-ros2/install/rby1_bringup/share/ament_index/resource_index/packages/rby1_bringup
-- Up-to-date: /home/nvidia/rby1_ros2_ws/rby1-ros2/install/rby1_bringup/share/rby1_bringup/cmake/ament_cmake_export_dependencies-extras.cmake
-- Up-to-date: /home/nvidia/rby1_ros2_ws/rby1-ros2/install/rby1_bringup/share/rby1_bringup/cmake/rby1_bringupConfig.cmake
-- Up-to-date: /home/nvidia/rby1_ros2_ws/rby1-ros2/install/rby1_bringup/share/rby1_bringup/cmake/rby1_bringupConfig-version.cmake
-- Up-to-date: /home/nvidia/rby1_ros2_ws/rby1-ros2/install/rby1_bringup/share/rby1_bringup/package.xml
