-- Install configuration: ""
-- Up-to-date: /home/nvidia/rby1_ros2_ws/rby1-ros2/install/rby1_description/share/rby1_description/urdf
-- Up-to-date: /home/nvidia/rby1_ros2_ws/rby1-ros2/install/rby1_description/share/rby1_description/urdf/rby1.urdf
-- Up-to-date: /home/nvidia/rby1_ros2_ws/rby1-ros2/install/rby1_description/share/rby1_description/urdf/rby1.urdf.xacro
-- Up-to-date: /home/nvidia/rby1_ros2_ws/rby1-ros2/install/rby1_description/share/rby1_description/urdf/rby1.ros2_control.xacro
-- Up-to-date: /home/nvidia/rby1_ros2_ws/rby1-ros2/install/rby1_description/share/rby1_description/urdf/initial_positions.yaml
-- Up-to-date: /home/nvidia/rby1_ros2_ws/rby1-ros2/install/rby1_description/share/rby1_description/meshes
-- Up-to-date: /home/nvidia/rby1_ros2_ws/rby1-ros2/install/rby1_description/share/rby1_description/meshes/LINK_2.dae
-- Up-to-date: /home/nvidia/rby1_ros2_ws/rby1-ros2/install/rby1_description/share/rby1_description/meshes/base.dae
-- Up-to-date: /home/nvidia/rby1_ros2_ws/rby1-ros2/install/rby1_description/share/rby1_description/meshes/FT_SENSOR_R.dae
-- Up-to-date: /home/nvidia/rby1_ros2_ws/rby1-ros2/install/rby1_description/share/rby1_description/meshes/LINK_19.dae
-- Up-to-date: /home/nvidia/rby1_ros2_ws/rby1-ros2/install/rby1_description/share/rby1_description/meshes/LINK_1.dae
-- Up-to-date: /home/nvidia/rby1_ros2_ws/rby1-ros2/install/rby1_description/share/rby1_description/meshes/LINK_15.dae
-- Up-to-date: /home/nvidia/rby1_ros2_ws/rby1-ros2/install/rby1_description/share/rby1_description/meshes/LINK_10.dae
-- Up-to-date: /home/nvidia/rby1_ros2_ws/rby1-ros2/install/rby1_description/share/rby1_description/meshes/LINK_12.dae
-- Up-to-date: /home/nvidia/rby1_ros2_ws/rby1-ros2/install/rby1_description/share/rby1_description/meshes/WHEEL.dae
-- Up-to-date: /home/nvidia/rby1_ros2_ws/rby1-ros2/install/rby1_description/share/rby1_description/meshes/PAN_TILT_1.dae
-- Up-to-date: /home/nvidia/rby1_ros2_ws/rby1-ros2/install/rby1_description/share/rby1_description/meshes/LINK_17.dae
-- Up-to-date: /home/nvidia/rby1_ros2_ws/rby1-ros2/install/rby1_description/share/rby1_description/meshes/EE_FINGER.dae
-- Up-to-date: /home/nvidia/rby1_ros2_ws/rby1-ros2/install/rby1_description/share/rby1_description/meshes/FT_SENSOR_L.dae
-- Up-to-date: /home/nvidia/rby1_ros2_ws/rby1-ros2/install/rby1_description/share/rby1_description/meshes/LINK_6.dae
-- Up-to-date: /home/nvidia/rby1_ros2_ws/rby1-ros2/install/rby1_description/share/rby1_description/meshes/LINK_9.dae
-- Up-to-date: /home/nvidia/rby1_ros2_ws/rby1-ros2/install/rby1_description/share/rby1_description/meshes/MECANUM_WHEEL_M.dae
-- Up-to-date: /home/nvidia/rby1_ros2_ws/rby1-ros2/install/rby1_description/share/rby1_description/meshes/PAN_TILT_2.dae
-- Up-to-date: /home/nvidia/rby1_ros2_ws/rby1-ros2/install/rby1_description/share/rby1_description/meshes/EE_BODY.dae
-- Up-to-date: /home/nvidia/rby1_ros2_ws/rby1-ros2/install/rby1_description/share/rby1_description/meshes/LINK_16.dae
-- Up-to-date: /home/nvidia/rby1_ros2_ws/rby1-ros2/install/rby1_description/share/rby1_description/meshes/LINK_18.dae
-- Up-to-date: /home/nvidia/rby1_ros2_ws/rby1-ros2/install/rby1_description/share/rby1_description/meshes/base_m.dae
-- Up-to-date: /home/nvidia/rby1_ros2_ws/rby1-ros2/install/rby1_description/share/rby1_description/meshes/LINK_8.dae
-- Up-to-date: /home/nvidia/rby1_ros2_ws/rby1-ros2/install/rby1_description/share/rby1_description/meshes/LINK_5.dae
-- Up-to-date: /home/nvidia/rby1_ros2_ws/rby1-ros2/install/rby1_description/share/rby1_description/meshes/LINK_20.dae
-- Up-to-date: /home/nvidia/rby1_ros2_ws/rby1-ros2/install/rby1_description/share/rby1_description/meshes/LINK_3.dae
-- Up-to-date: /home/nvidia/rby1_ros2_ws/rby1-ros2/install/rby1_description/share/rby1_description/meshes/LINK_14.dae
-- Up-to-date: /home/nvidia/rby1_ros2_ws/rby1-ros2/install/rby1_description/share/rby1_description/meshes/LINK_11.dae
-- Up-to-date: /home/nvidia/rby1_ros2_ws/rby1-ros2/install/rby1_description/share/rby1_description/meshes/LINK_7.dae
-- Up-to-date: /home/nvidia/rby1_ros2_ws/rby1-ros2/install/rby1_description/share/rby1_description/meshes/PAN_TILT_3.dae
-- Up-to-date: /home/nvidia/rby1_ros2_ws/rby1-ros2/install/rby1_description/share/rby1_description/meshes/LINK_13.dae
-- Up-to-date: /home/nvidia/rby1_ros2_ws/rby1-ros2/install/rby1_description/share/rby1_description/meshes/LINK_4.dae
-- Up-to-date: /home/nvidia/rby1_ros2_ws/rby1-ros2/install/rby1_description/share/rby1_description/meshes/MECANUM_WHEEL.dae
-- Up-to-date: /home/nvidia/rby1_ros2_ws/rby1-ros2/install/rby1_description/share/rby1_description/launch
-- Up-to-date: /home/nvidia/rby1_ros2_ws/rby1-ros2/install/rby1_description/share/rby1_description/launch/online_async_launch.py
-- Up-to-date: /home/nvidia/rby1_ros2_ws/rby1-ros2/install/rby1_description/share/rby1_description/launch/nav_rby1.launch.py
-- Up-to-date: /home/nvidia/rby1_ros2_ws/rby1-ros2/install/rby1_description/share/rby1_description/launch/test.launch.py
-- Up-to-date: /home/nvidia/rby1_ros2_ws/rby1-ros2/install/rby1_description/share/rby1_description/launch/rby1_state_publisher.launch.py
-- Up-to-date: /home/nvidia/rby1_ros2_ws/rby1-ros2/install/rby1_description/share/rby1_description/launch/navigation_launch.py
-- Up-to-date: /home/nvidia/rby1_ros2_ws/rby1-ros2/install/rby1_description/share/rby1_description/config
-- Up-to-date: /home/nvidia/rby1_ros2_ws/rby1-ros2/install/rby1_description/share/rby1_description/config/mapper_params_online_async.yaml
-- Up-to-date: /home/nvidia/rby1_ros2_ws/rby1-ros2/install/rby1_description/share/rby1_description/config/twist_mux.yaml
-- Up-to-date: /home/nvidia/rby1_ros2_ws/rby1-ros2/install/rby1_description/share/rby1_description/config/nav2_params.yaml
-- Up-to-date: /home/nvidia/rby1_ros2_ws/rby1-ros2/install/rby1_description/share/rby1_description/maps
-- Up-to-date: /home/nvidia/rby1_ros2_ws/rby1-ros2/install/rby1_description/share/rby1_description/urdf/initial_positions.yaml
-- Up-to-date: /home/nvidia/rby1_ros2_ws/rby1-ros2/install/rby1_description/share/ament_index/resource_index/package_run_dependencies/rby1_description
-- Up-to-date: /home/nvidia/rby1_ros2_ws/rby1-ros2/install/rby1_description/share/ament_index/resource_index/parent_prefix_path/rby1_description
-- Up-to-date: /home/nvidia/rby1_ros2_ws/rby1-ros2/install/rby1_description/share/rby1_description/environment/ament_prefix_path.sh
-- Up-to-date: /home/nvidia/rby1_ros2_ws/rby1-ros2/install/rby1_description/share/rby1_description/environment/ament_prefix_path.dsv
-- Up-to-date: /home/nvidia/rby1_ros2_ws/rby1-ros2/install/rby1_description/share/rby1_description/environment/path.sh
-- Up-to-date: /home/nvidia/rby1_ros2_ws/rby1-ros2/install/rby1_description/share/rby1_description/environment/path.dsv
-- Up-to-date: /home/nvidia/rby1_ros2_ws/rby1-ros2/install/rby1_description/share/rby1_description/local_setup.bash
-- Up-to-date: /home/nvidia/rby1_ros2_ws/rby1-ros2/install/rby1_description/share/rby1_description/local_setup.sh
-- Up-to-date: /home/nvidia/rby1_ros2_ws/rby1-ros2/install/rby1_description/share/rby1_description/local_setup.zsh
-- Up-to-date: /home/nvidia/rby1_ros2_ws/rby1-ros2/install/rby1_description/share/rby1_description/local_setup.dsv
-- Up-to-date: /home/nvidia/rby1_ros2_ws/rby1-ros2/install/rby1_description/share/rby1_description/package.dsv
-- Up-to-date: /home/nvidia/rby1_ros2_ws/rby1-ros2/install/rby1_description/share/ament_index/resource_index/packages/rby1_description
-- Up-to-date: /home/nvidia/rby1_ros2_ws/rby1-ros2/install/rby1_description/share/rby1_description/cmake/rby1_descriptionConfig.cmake
-- Up-to-date: /home/nvidia/rby1_ros2_ws/rby1-ros2/install/rby1_description/share/rby1_description/cmake/rby1_descriptionConfig-version.cmake
-- Up-to-date: /home/nvidia/rby1_ros2_ws/rby1-ros2/install/rby1_description/share/rby1_description/package.xml
