[0.107s] Invoking command in '/home/nvidia/rby1_ros2_ws/rby1-ros2/build/rby1_description': CMAKE_PREFIX_PATH=${CMAKE_PREFIX_PATH}:/home/nvidia/rby1_ros2_ws/rby1-ros2/install/rby1_subscriber_pkg:/home/nvidia/rby1_ros2_ws/rby1-ros2/install/rby1_mobile_control:/home/nvidia/ros2_ws/install/pynput_teleop_twist_keyboard:/home/nvidia/ros2_ws/install/launch_param_builder:/home/nvidia/ros2_ws/install/keyboard_joy:/home/nvidia/apriltag_py_ros2/install/apriltag_detector:/home/nvidia/rby1_ros2_ws/install/rby1_subscriber_pkg:/home/nvidia/rby1_ros2_ws/install/rby1_mobile_control:/opt/ros/humble /usr/bin/cmake --build /home/nvidia/rby1_ros2_ws/rby1-ros2/build/rby1_description -- -j8 -l8
[0.709s] Invoked command in '/home/nvidia/rby1_ros2_ws/rby1-ros2/build/rby1_description' returned '0': CMAKE_PREFIX_PATH=${CMAKE_PREFIX_PATH}:/home/nvidia/rby1_ros2_ws/rby1-ros2/install/rby1_subscriber_pkg:/home/nvidia/rby1_ros2_ws/rby1-ros2/install/rby1_mobile_control:/home/nvidia/ros2_ws/install/pynput_teleop_twist_keyboard:/home/nvidia/ros2_ws/install/launch_param_builder:/home/nvidia/ros2_ws/install/keyboard_joy:/home/nvidia/apriltag_py_ros2/install/apriltag_detector:/home/nvidia/rby1_ros2_ws/install/rby1_subscriber_pkg:/home/nvidia/rby1_ros2_ws/install/rby1_mobile_control:/opt/ros/humble /usr/bin/cmake --build /home/nvidia/rby1_ros2_ws/rby1-ros2/build/rby1_description -- -j8 -l8
[0.722s] Invoking command in '/home/nvidia/rby1_ros2_ws/rby1-ros2/build/rby1_description': CMAKE_PREFIX_PATH=${CMAKE_PREFIX_PATH}:/home/nvidia/rby1_ros2_ws/rby1-ros2/install/rby1_subscriber_pkg:/home/nvidia/rby1_ros2_ws/rby1-ros2/install/rby1_mobile_control:/home/nvidia/ros2_ws/install/pynput_teleop_twist_keyboard:/home/nvidia/ros2_ws/install/launch_param_builder:/home/nvidia/ros2_ws/install/keyboard_joy:/home/nvidia/apriltag_py_ros2/install/apriltag_detector:/home/nvidia/rby1_ros2_ws/install/rby1_subscriber_pkg:/home/nvidia/rby1_ros2_ws/install/rby1_mobile_control:/opt/ros/humble /usr/bin/cmake --install /home/nvidia/rby1_ros2_ws/rby1-ros2/build/rby1_description
[1.333s] -- Install configuration: ""
[1.336s] -- Up-to-date: /home/nvidia/rby1_ros2_ws/rby1-ros2/install/rby1_description/share/rby1_description/urdf
[1.337s] -- Up-to-date: /home/nvidia/rby1_ros2_ws/rby1-ros2/install/rby1_description/share/rby1_description/urdf/rby1.urdf
[1.337s] -- Up-to-date: /home/nvidia/rby1_ros2_ws/rby1-ros2/install/rby1_description/share/rby1_description/urdf/rby1.urdf.xacro
[1.337s] -- Up-to-date: /home/nvidia/rby1_ros2_ws/rby1-ros2/install/rby1_description/share/rby1_description/urdf/rby1.ros2_control.xacro
[1.338s] -- Up-to-date: /home/nvidia/rby1_ros2_ws/rby1-ros2/install/rby1_description/share/rby1_description/urdf/initial_positions.yaml
[1.340s] -- Up-to-date: /home/nvidia/rby1_ros2_ws/rby1-ros2/install/rby1_description/share/rby1_description/meshes
[1.341s] -- Up-to-date: /home/nvidia/rby1_ros2_ws/rby1-ros2/install/rby1_description/share/rby1_description/meshes/LINK_2.dae
[1.341s] -- Up-to-date: /home/nvidia/rby1_ros2_ws/rby1-ros2/install/rby1_description/share/rby1_description/meshes/base.dae
[1.342s] -- Up-to-date: /home/nvidia/rby1_ros2_ws/rby1-ros2/install/rby1_description/share/rby1_description/meshes/FT_SENSOR_R.dae
[1.343s] -- Up-to-date: /home/nvidia/rby1_ros2_ws/rby1-ros2/install/rby1_description/share/rby1_description/meshes/LINK_19.dae
[1.345s] -- Up-to-date: /home/nvidia/rby1_ros2_ws/rby1-ros2/install/rby1_description/share/rby1_description/meshes/LINK_1.dae
[1.345s] -- Up-to-date: /home/nvidia/rby1_ros2_ws/rby1-ros2/install/rby1_description/share/rby1_description/meshes/LINK_15.dae
[1.346s] -- Up-to-date: /home/nvidia/rby1_ros2_ws/rby1-ros2/install/rby1_description/share/rby1_description/meshes/LINK_10.dae
[1.346s] -- Up-to-date: /home/nvidia/rby1_ros2_ws/rby1-ros2/install/rby1_description/share/rby1_description/meshes/LINK_12.dae
[1.346s] -- Up-to-date: /home/nvidia/rby1_ros2_ws/rby1-ros2/install/rby1_description/share/rby1_description/meshes/WHEEL.dae
[1.347s] -- Up-to-date: /home/nvidia/rby1_ros2_ws/rby1-ros2/install/rby1_description/share/rby1_description/meshes/PAN_TILT_1.dae
[1.347s] -- Up-to-date: /home/nvidia/rby1_ros2_ws/rby1-ros2/install/rby1_description/share/rby1_description/meshes/LINK_17.dae
[1.347s] -- Up-to-date: /home/nvidia/rby1_ros2_ws/rby1-ros2/install/rby1_description/share/rby1_description/meshes/EE_FINGER.dae
[1.348s] -- Up-to-date: /home/nvidia/rby1_ros2_ws/rby1-ros2/install/rby1_description/share/rby1_description/meshes/FT_SENSOR_L.dae
[1.348s] -- Up-to-date: /home/nvidia/rby1_ros2_ws/rby1-ros2/install/rby1_description/share/rby1_description/meshes/LINK_6.dae
[1.348s] -- Up-to-date: /home/nvidia/rby1_ros2_ws/rby1-ros2/install/rby1_description/share/rby1_description/meshes/LINK_9.dae
[1.348s] -- Up-to-date: /home/nvidia/rby1_ros2_ws/rby1-ros2/install/rby1_description/share/rby1_description/meshes/MECANUM_WHEEL_M.dae
[1.349s] -- Up-to-date: /home/nvidia/rby1_ros2_ws/rby1-ros2/install/rby1_description/share/rby1_description/meshes/PAN_TILT_2.dae
[1.349s] -- Up-to-date: /home/nvidia/rby1_ros2_ws/rby1-ros2/install/rby1_description/share/rby1_description/meshes/EE_BODY.dae
[1.349s] -- Up-to-date: /home/nvidia/rby1_ros2_ws/rby1-ros2/install/rby1_description/share/rby1_description/meshes/LINK_16.dae
[1.350s] -- Up-to-date: /home/nvidia/rby1_ros2_ws/rby1-ros2/install/rby1_description/share/rby1_description/meshes/LINK_18.dae
[1.350s] -- Up-to-date: /home/nvidia/rby1_ros2_ws/rby1-ros2/install/rby1_description/share/rby1_description/meshes/base_m.dae
[1.350s] -- Up-to-date: /home/nvidia/rby1_ros2_ws/rby1-ros2/install/rby1_description/share/rby1_description/meshes/LINK_8.dae
[1.350s] -- Up-to-date: /home/nvidia/rby1_ros2_ws/rby1-ros2/install/rby1_description/share/rby1_description/meshes/LINK_5.dae
[1.351s] -- Up-to-date: /home/nvidia/rby1_ros2_ws/rby1-ros2/install/rby1_description/share/rby1_description/meshes/LINK_20.dae
[1.351s] -- Up-to-date: /home/nvidia/rby1_ros2_ws/rby1-ros2/install/rby1_description/share/rby1_description/meshes/LINK_3.dae
[1.351s] -- Up-to-date: /home/nvidia/rby1_ros2_ws/rby1-ros2/install/rby1_description/share/rby1_description/meshes/LINK_14.dae
[1.351s] -- Up-to-date: /home/nvidia/rby1_ros2_ws/rby1-ros2/install/rby1_description/share/rby1_description/meshes/LINK_11.dae
[1.352s] -- Up-to-date: /home/nvidia/rby1_ros2_ws/rby1-ros2/install/rby1_description/share/rby1_description/meshes/LINK_7.dae
[1.352s] -- Up-to-date: /home/nvidia/rby1_ros2_ws/rby1-ros2/install/rby1_description/share/rby1_description/meshes/PAN_TILT_3.dae
[1.352s] -- Up-to-date: /home/nvidia/rby1_ros2_ws/rby1-ros2/install/rby1_description/share/rby1_description/meshes/LINK_13.dae
[1.352s] -- Up-to-date: /home/nvidia/rby1_ros2_ws/rby1-ros2/install/rby1_description/share/rby1_description/meshes/LINK_4.dae
[1.353s] -- Up-to-date: /home/nvidia/rby1_ros2_ws/rby1-ros2/install/rby1_description/share/rby1_description/meshes/MECANUM_WHEEL.dae
[1.353s] -- Up-to-date: /home/nvidia/rby1_ros2_ws/rby1-ros2/install/rby1_description/share/rby1_description/launch
[1.353s] -- Up-to-date: /home/nvidia/rby1_ros2_ws/rby1-ros2/install/rby1_description/share/rby1_description/launch/online_async_launch.py
[1.353s] -- Up-to-date: /home/nvidia/rby1_ros2_ws/rby1-ros2/install/rby1_description/share/rby1_description/launch/nav_rby1.launch.py
[1.354s] -- Up-to-date: /home/nvidia/rby1_ros2_ws/rby1-ros2/install/rby1_description/share/rby1_description/launch/test.launch.py
[1.354s] -- Up-to-date: /home/nvidia/rby1_ros2_ws/rby1-ros2/install/rby1_description/share/rby1_description/launch/rby1_state_publisher.launch.py
[1.354s] -- Up-to-date: /home/nvidia/rby1_ros2_ws/rby1-ros2/install/rby1_description/share/rby1_description/launch/navigation_launch.py
[1.355s] -- Up-to-date: /home/nvidia/rby1_ros2_ws/rby1-ros2/install/rby1_description/share/rby1_description/config
[1.356s] -- Up-to-date: /home/nvidia/rby1_ros2_ws/rby1-ros2/install/rby1_description/share/rby1_description/config/mapper_params_online_async.yaml
[1.357s] -- Up-to-date: /home/nvidia/rby1_ros2_ws/rby1-ros2/install/rby1_description/share/rby1_description/config/twist_mux.yaml
[1.357s] -- Up-to-date: /home/nvidia/rby1_ros2_ws/rby1-ros2/install/rby1_description/share/rby1_description/config/nav2_params.yaml
[1.357s] -- Up-to-date: /home/nvidia/rby1_ros2_ws/rby1-ros2/install/rby1_description/share/rby1_description/maps
[1.357s] -- Up-to-date: /home/nvidia/rby1_ros2_ws/rby1-ros2/install/rby1_description/share/rby1_description/urdf/initial_positions.yaml
[1.357s] -- Up-to-date: /home/nvidia/rby1_ros2_ws/rby1-ros2/install/rby1_description/share/ament_index/resource_index/package_run_dependencies/rby1_description
[1.358s] -- Up-to-date: /home/nvidia/rby1_ros2_ws/rby1-ros2/install/rby1_description/share/ament_index/resource_index/parent_prefix_path/rby1_description
[1.358s] -- Up-to-date: /home/nvidia/rby1_ros2_ws/rby1-ros2/install/rby1_description/share/rby1_description/environment/ament_prefix_path.sh
[1.358s] -- Up-to-date: /home/nvidia/rby1_ros2_ws/rby1-ros2/install/rby1_description/share/rby1_description/environment/ament_prefix_path.dsv
[1.358s] -- Up-to-date: /home/nvidia/rby1_ros2_ws/rby1-ros2/install/rby1_description/share/rby1_description/environment/path.sh
[1.359s] -- Up-to-date: /home/nvidia/rby1_ros2_ws/rby1-ros2/install/rby1_description/share/rby1_description/environment/path.dsv
[1.359s] -- Up-to-date: /home/nvidia/rby1_ros2_ws/rby1-ros2/install/rby1_description/share/rby1_description/local_setup.bash
[1.359s] -- Up-to-date: /home/nvidia/rby1_ros2_ws/rby1-ros2/install/rby1_description/share/rby1_description/local_setup.sh
[1.359s] -- Up-to-date: /home/nvidia/rby1_ros2_ws/rby1-ros2/install/rby1_description/share/rby1_description/local_setup.zsh
[1.360s] -- Up-to-date: /home/nvidia/rby1_ros2_ws/rby1-ros2/install/rby1_description/share/rby1_description/local_setup.dsv
[1.360s] -- Up-to-date: /home/nvidia/rby1_ros2_ws/rby1-ros2/install/rby1_description/share/rby1_description/package.dsv
[1.360s] -- Up-to-date: /home/nvidia/rby1_ros2_ws/rby1-ros2/install/rby1_description/share/ament_index/resource_index/packages/rby1_description
[1.360s] -- Up-to-date: /home/nvidia/rby1_ros2_ws/rby1-ros2/install/rby1_description/share/rby1_description/cmake/rby1_descriptionConfig.cmake
[1.360s] -- Up-to-date: /home/nvidia/rby1_ros2_ws/rby1-ros2/install/rby1_description/share/rby1_description/cmake/rby1_descriptionConfig-version.cmake
[1.361s] -- Up-to-date: /home/nvidia/rby1_ros2_ws/rby1-ros2/install/rby1_description/share/rby1_description/package.xml
[1.375s] Invoked command in '/home/nvidia/rby1_ros2_ws/rby1-ros2/build/rby1_description' returned '0': CMAKE_PREFIX_PATH=${CMAKE_PREFIX_PATH}:/home/nvidia/rby1_ros2_ws/rby1-ros2/install/rby1_subscriber_pkg:/home/nvidia/rby1_ros2_ws/rby1-ros2/install/rby1_mobile_control:/home/nvidia/ros2_ws/install/pynput_teleop_twist_keyboard:/home/nvidia/ros2_ws/install/launch_param_builder:/home/nvidia/ros2_ws/install/keyboard_joy:/home/nvidia/apriltag_py_ros2/install/apriltag_detector:/home/nvidia/rby1_ros2_ws/install/rby1_subscriber_pkg:/home/nvidia/rby1_ros2_ws/install/rby1_mobile_control:/opt/ros/humble /usr/bin/cmake --install /home/nvidia/rby1_ros2_ws/rby1-ros2/build/rby1_description
