running egg_info
creating ../build/rby1_subscriber_pkg/rby1_subscriber_pkg.egg-info
writing ../build/rby1_subscriber_pkg/rby1_subscriber_pkg.egg-info/PKG-INFO
writing dependency_links to ../build/rby1_subscriber_pkg/rby1_subscriber_pkg.egg-info/dependency_links.txt
writing entry points to ../build/rby1_subscriber_pkg/rby1_subscriber_pkg.egg-info/entry_points.txt
writing requirements to ../build/rby1_subscriber_pkg/rby1_subscriber_pkg.egg-info/requires.txt
writing top-level names to ../build/rby1_subscriber_pkg/rby1_subscriber_pkg.egg-info/top_level.txt
writing manifest file '../build/rby1_subscriber_pkg/rby1_subscriber_pkg.egg-info/SOURCES.txt'
reading manifest file '../build/rby1_subscriber_pkg/rby1_subscriber_pkg.egg-info/SOURCES.txt'
writing manifest file '../build/rby1_subscriber_pkg/rby1_subscriber_pkg.egg-info/SOURCES.txt'
running build
running build_py
creating /home/nvidia/rby1_ros2_ws/rby1-ros2/build/rby1_subscriber_pkg/build
creating /home/nvidia/rby1_ros2_ws/rby1-ros2/build/rby1_subscriber_pkg/build/lib
creating /home/nvidia/rby1_ros2_ws/rby1-ros2/build/rby1_subscriber_pkg/build/lib/rby1_subscriber_pkg
copying rby1_subscriber_pkg/04_right_arm_control.py -> /home/nvidia/rby1_ros2_ws/rby1-ros2/build/rby1_subscriber_pkg/build/lib/rby1_subscriber_pkg
copying rby1_subscriber_pkg/07_mobile_control.py -> /home/nvidia/rby1_ros2_ws/rby1-ros2/build/rby1_subscriber_pkg/build/lib/rby1_subscriber_pkg
copying rby1_subscriber_pkg/01_dualarm_control.py -> /home/nvidia/rby1_ros2_ws/rby1-ros2/build/rby1_subscriber_pkg/build/lib/rby1_subscriber_pkg
copying rby1_subscriber_pkg/06_head_control.py -> /home/nvidia/rby1_ros2_ws/rby1-ros2/build/rby1_subscriber_pkg/build/lib/rby1_subscriber_pkg
copying rby1_subscriber_pkg/02_wholebody_control.py -> /home/nvidia/rby1_ros2_ws/rby1-ros2/build/rby1_subscriber_pkg/build/lib/rby1_subscriber_pkg
copying rby1_subscriber_pkg/05_left_arm_control.py -> /home/nvidia/rby1_ros2_ws/rby1-ros2/build/rby1_subscriber_pkg/build/lib/rby1_subscriber_pkg
copying rby1_subscriber_pkg/03_torso_control.py -> /home/nvidia/rby1_ros2_ws/rby1-ros2/build/rby1_subscriber_pkg/build/lib/rby1_subscriber_pkg
copying rby1_subscriber_pkg/__init__.py -> /home/nvidia/rby1_ros2_ws/rby1-ros2/build/rby1_subscriber_pkg/build/lib/rby1_subscriber_pkg
running install
running install_lib
creating /home/nvidia/rby1_ros2_ws/rby1-ros2/install/rby1_subscriber_pkg/lib/python3.10/site-packages/rby1_subscriber_pkg
copying /home/nvidia/rby1_ros2_ws/rby1-ros2/build/rby1_subscriber_pkg/build/lib/rby1_subscriber_pkg/04_right_arm_control.py -> /home/nvidia/rby1_ros2_ws/rby1-ros2/install/rby1_subscriber_pkg/lib/python3.10/site-packages/rby1_subscriber_pkg
copying /home/nvidia/rby1_ros2_ws/rby1-ros2/build/rby1_subscriber_pkg/build/lib/rby1_subscriber_pkg/07_mobile_control.py -> /home/nvidia/rby1_ros2_ws/rby1-ros2/install/rby1_subscriber_pkg/lib/python3.10/site-packages/rby1_subscriber_pkg
copying /home/nvidia/rby1_ros2_ws/rby1-ros2/build/rby1_subscriber_pkg/build/lib/rby1_subscriber_pkg/01_dualarm_control.py -> /home/nvidia/rby1_ros2_ws/rby1-ros2/install/rby1_subscriber_pkg/lib/python3.10/site-packages/rby1_subscriber_pkg
copying /home/nvidia/rby1_ros2_ws/rby1-ros2/build/rby1_subscriber_pkg/build/lib/rby1_subscriber_pkg/06_head_control.py -> /home/nvidia/rby1_ros2_ws/rby1-ros2/install/rby1_subscriber_pkg/lib/python3.10/site-packages/rby1_subscriber_pkg
copying /home/nvidia/rby1_ros2_ws/rby1-ros2/build/rby1_subscriber_pkg/build/lib/rby1_subscriber_pkg/02_wholebody_control.py -> /home/nvidia/rby1_ros2_ws/rby1-ros2/install/rby1_subscriber_pkg/lib/python3.10/site-packages/rby1_subscriber_pkg
copying /home/nvidia/rby1_ros2_ws/rby1-ros2/build/rby1_subscriber_pkg/build/lib/rby1_subscriber_pkg/05_left_arm_control.py -> /home/nvidia/rby1_ros2_ws/rby1-ros2/install/rby1_subscriber_pkg/lib/python3.10/site-packages/rby1_subscriber_pkg
copying /home/nvidia/rby1_ros2_ws/rby1-ros2/build/rby1_subscriber_pkg/build/lib/rby1_subscriber_pkg/03_torso_control.py -> /home/nvidia/rby1_ros2_ws/rby1-ros2/install/rby1_subscriber_pkg/lib/python3.10/site-packages/rby1_subscriber_pkg
copying /home/nvidia/rby1_ros2_ws/rby1-ros2/build/rby1_subscriber_pkg/build/lib/rby1_subscriber_pkg/__init__.py -> /home/nvidia/rby1_ros2_ws/rby1-ros2/install/rby1_subscriber_pkg/lib/python3.10/site-packages/rby1_subscriber_pkg
byte-compiling /home/nvidia/rby1_ros2_ws/rby1-ros2/install/rby1_subscriber_pkg/lib/python3.10/site-packages/rby1_subscriber_pkg/04_right_arm_control.py to 04_right_arm_control.cpython-310.pyc
byte-compiling /home/nvidia/rby1_ros2_ws/rby1-ros2/install/rby1_subscriber_pkg/lib/python3.10/site-packages/rby1_subscriber_pkg/07_mobile_control.py to 07_mobile_control.cpython-310.pyc
byte-compiling /home/nvidia/rby1_ros2_ws/rby1-ros2/install/rby1_subscriber_pkg/lib/python3.10/site-packages/rby1_subscriber_pkg/01_dualarm_control.py to 01_dualarm_control.cpython-310.pyc
byte-compiling /home/nvidia/rby1_ros2_ws/rby1-ros2/install/rby1_subscriber_pkg/lib/python3.10/site-packages/rby1_subscriber_pkg/06_head_control.py to 06_head_control.cpython-310.pyc
byte-compiling /home/nvidia/rby1_ros2_ws/rby1-ros2/install/rby1_subscriber_pkg/lib/python3.10/site-packages/rby1_subscriber_pkg/02_wholebody_control.py to 02_wholebody_control.cpython-310.pyc
byte-compiling /home/nvidia/rby1_ros2_ws/rby1-ros2/install/rby1_subscriber_pkg/lib/python3.10/site-packages/rby1_subscriber_pkg/05_left_arm_control.py to 05_left_arm_control.cpython-310.pyc
byte-compiling /home/nvidia/rby1_ros2_ws/rby1-ros2/install/rby1_subscriber_pkg/lib/python3.10/site-packages/rby1_subscriber_pkg/03_torso_control.py to 03_torso_control.cpython-310.pyc
byte-compiling /home/nvidia/rby1_ros2_ws/rby1-ros2/install/rby1_subscriber_pkg/lib/python3.10/site-packages/rby1_subscriber_pkg/__init__.py to __init__.cpython-310.pyc
running install_data
creating /home/nvidia/rby1_ros2_ws/rby1-ros2/install/rby1_subscriber_pkg/share/ament_index
creating /home/nvidia/rby1_ros2_ws/rby1-ros2/install/rby1_subscriber_pkg/share/ament_index/resource_index
creating /home/nvidia/rby1_ros2_ws/rby1-ros2/install/rby1_subscriber_pkg/share/ament_index/resource_index/packages
copying resource/rby1_subscriber_pkg -> /home/nvidia/rby1_ros2_ws/rby1-ros2/install/rby1_subscriber_pkg/share/ament_index/resource_index/packages
copying package.xml -> /home/nvidia/rby1_ros2_ws/rby1-ros2/install/rby1_subscriber_pkg/share/rby1_subscriber_pkg
creating /home/nvidia/rby1_ros2_ws/rby1-ros2/install/rby1_subscriber_pkg/share/rby1_subscriber_pkg/launch
copying launch/subscriber_launch.py -> /home/nvidia/rby1_ros2_ws/rby1-ros2/install/rby1_subscriber_pkg/share/rby1_subscriber_pkg/launch
copying launch/demo_with_ros_launch.py -> /home/nvidia/rby1_ros2_ws/rby1-ros2/install/rby1_subscriber_pkg/share/rby1_subscriber_pkg/launch
running install_egg_info
Copying ../build/rby1_subscriber_pkg/rby1_subscriber_pkg.egg-info to /home/nvidia/rby1_ros2_ws/rby1-ros2/install/rby1_subscriber_pkg/lib/python3.10/site-packages/rby1_subscriber_pkg-0.0.1-py3.10.egg-info
running install_scripts
Installing 01_dualarm_control script to /home/nvidia/rby1_ros2_ws/rby1-ros2/install/rby1_subscriber_pkg/lib/rby1_subscriber_pkg
Installing 02_wholebody_control script to /home/nvidia/rby1_ros2_ws/rby1-ros2/install/rby1_subscriber_pkg/lib/rby1_subscriber_pkg
Installing 03_torso_control script to /home/nvidia/rby1_ros2_ws/rby1-ros2/install/rby1_subscriber_pkg/lib/rby1_subscriber_pkg
Installing 04_right_arm_control script to /home/nvidia/rby1_ros2_ws/rby1-ros2/install/rby1_subscriber_pkg/lib/rby1_subscriber_pkg
Installing 05_left_arm_control script to /home/nvidia/rby1_ros2_ws/rby1-ros2/install/rby1_subscriber_pkg/lib/rby1_subscriber_pkg
Installing 06_head_control script to /home/nvidia/rby1_ros2_ws/rby1-ros2/install/rby1_subscriber_pkg/lib/rby1_subscriber_pkg
Installing 07_mobile_control script to /home/nvidia/rby1_ros2_ws/rby1-ros2/install/rby1_subscriber_pkg/lib/rby1_subscriber_pkg
Installing 08_DH_dualarm_control_2 script to /home/nvidia/rby1_ros2_ws/rby1-ros2/install/rby1_subscriber_pkg/lib/rby1_subscriber_pkg
Installing controller_manager_ui script to /home/nvidia/rby1_ros2_ws/rby1-ros2/install/rby1_subscriber_pkg/lib/rby1_subscriber_pkg
Installing sorted_joint_state script to /home/nvidia/rby1_ros2_ws/rby1-ros2/install/rby1_subscriber_pkg/lib/rby1_subscriber_pkg
writing list of installed files to '/home/nvidia/rby1_ros2_ws/rby1-ros2/build/rby1_subscriber_pkg/install.log'
