[2.484s] Invoking command in '/home/nvidia/rby1_ros2_ws/rby1-ros2/rby1_subscriber_pkg': PYTHONPATH=/home/nvidia/rby1_ros2_ws/rby1-ros2/build/rby1_subscriber_pkg/prefix_override:/usr/lib/python3/dist-packages/colcon_core/task/python/colcon_distutils_commands:/home/nvidia/rby1_ros2_ws/rby1-ros2/install/rby1_subscriber_pkg/lib/python3.10/site-packages:${PYTHONPATH} /usr/bin/python3 -W ignore:setup.py install is deprecated -W ignore:easy_install command is deprecated setup.py egg_info --egg-base ../build/rby1_subscriber_pkg build --build-base /home/nvidia/rby1_ros2_ws/rby1-ros2/build/rby1_subscriber_pkg/build install --record /home/nvidia/rby1_ros2_ws/rby1-ros2/build/rby1_subscriber_pkg/install.log --single-version-externally-managed install_data
[3.025s] running egg_info
[3.026s] creating ../build/rby1_subscriber_pkg/rby1_subscriber_pkg.egg-info
[3.026s] writing ../build/rby1_subscriber_pkg/rby1_subscriber_pkg.egg-info/PKG-INFO
[3.027s] writing dependency_links to ../build/rby1_subscriber_pkg/rby1_subscriber_pkg.egg-info/dependency_links.txt
[3.028s] writing entry points to ../build/rby1_subscriber_pkg/rby1_subscriber_pkg.egg-info/entry_points.txt
[3.028s] writing requirements to ../build/rby1_subscriber_pkg/rby1_subscriber_pkg.egg-info/requires.txt
[3.028s] writing top-level names to ../build/rby1_subscriber_pkg/rby1_subscriber_pkg.egg-info/top_level.txt
[3.028s] writing manifest file '../build/rby1_subscriber_pkg/rby1_subscriber_pkg.egg-info/SOURCES.txt'
[3.032s] reading manifest file '../build/rby1_subscriber_pkg/rby1_subscriber_pkg.egg-info/SOURCES.txt'
[3.033s] writing manifest file '../build/rby1_subscriber_pkg/rby1_subscriber_pkg.egg-info/SOURCES.txt'
[3.034s] running build
[3.034s] running build_py
[3.034s] creating /home/nvidia/rby1_ros2_ws/rby1-ros2/build/rby1_subscriber_pkg/build
[3.034s] creating /home/nvidia/rby1_ros2_ws/rby1-ros2/build/rby1_subscriber_pkg/build/lib
[3.035s] creating /home/nvidia/rby1_ros2_ws/rby1-ros2/build/rby1_subscriber_pkg/build/lib/rby1_subscriber_pkg
[3.035s] copying rby1_subscriber_pkg/04_right_arm_control.py -> /home/nvidia/rby1_ros2_ws/rby1-ros2/build/rby1_subscriber_pkg/build/lib/rby1_subscriber_pkg
[3.035s] copying rby1_subscriber_pkg/07_mobile_control.py -> /home/nvidia/rby1_ros2_ws/rby1-ros2/build/rby1_subscriber_pkg/build/lib/rby1_subscriber_pkg
[3.035s] copying rby1_subscriber_pkg/01_dualarm_control.py -> /home/nvidia/rby1_ros2_ws/rby1-ros2/build/rby1_subscriber_pkg/build/lib/rby1_subscriber_pkg
[3.036s] copying rby1_subscriber_pkg/06_head_control.py -> /home/nvidia/rby1_ros2_ws/rby1-ros2/build/rby1_subscriber_pkg/build/lib/rby1_subscriber_pkg
[3.036s] copying rby1_subscriber_pkg/02_wholebody_control.py -> /home/nvidia/rby1_ros2_ws/rby1-ros2/build/rby1_subscriber_pkg/build/lib/rby1_subscriber_pkg
[3.036s] copying rby1_subscriber_pkg/05_left_arm_control.py -> /home/nvidia/rby1_ros2_ws/rby1-ros2/build/rby1_subscriber_pkg/build/lib/rby1_subscriber_pkg
[3.036s] copying rby1_subscriber_pkg/03_torso_control.py -> /home/nvidia/rby1_ros2_ws/rby1-ros2/build/rby1_subscriber_pkg/build/lib/rby1_subscriber_pkg
[3.036s] copying rby1_subscriber_pkg/__init__.py -> /home/nvidia/rby1_ros2_ws/rby1-ros2/build/rby1_subscriber_pkg/build/lib/rby1_subscriber_pkg
[3.036s] running install
[3.037s] running install_lib
[3.038s] creating /home/nvidia/rby1_ros2_ws/rby1-ros2/install/rby1_subscriber_pkg/lib/python3.10/site-packages/rby1_subscriber_pkg
[3.039s] copying /home/nvidia/rby1_ros2_ws/rby1-ros2/build/rby1_subscriber_pkg/build/lib/rby1_subscriber_pkg/04_right_arm_control.py -> /home/nvidia/rby1_ros2_ws/rby1-ros2/install/rby1_subscriber_pkg/lib/python3.10/site-packages/rby1_subscriber_pkg
[3.039s] copying /home/nvidia/rby1_ros2_ws/rby1-ros2/build/rby1_subscriber_pkg/build/lib/rby1_subscriber_pkg/07_mobile_control.py -> /home/nvidia/rby1_ros2_ws/rby1-ros2/install/rby1_subscriber_pkg/lib/python3.10/site-packages/rby1_subscriber_pkg
[3.039s] copying /home/nvidia/rby1_ros2_ws/rby1-ros2/build/rby1_subscriber_pkg/build/lib/rby1_subscriber_pkg/01_dualarm_control.py -> /home/nvidia/rby1_ros2_ws/rby1-ros2/install/rby1_subscriber_pkg/lib/python3.10/site-packages/rby1_subscriber_pkg
[3.039s] copying /home/nvidia/rby1_ros2_ws/rby1-ros2/build/rby1_subscriber_pkg/build/lib/rby1_subscriber_pkg/06_head_control.py -> /home/nvidia/rby1_ros2_ws/rby1-ros2/install/rby1_subscriber_pkg/lib/python3.10/site-packages/rby1_subscriber_pkg
[3.040s] copying /home/nvidia/rby1_ros2_ws/rby1-ros2/build/rby1_subscriber_pkg/build/lib/rby1_subscriber_pkg/02_wholebody_control.py -> /home/nvidia/rby1_ros2_ws/rby1-ros2/install/rby1_subscriber_pkg/lib/python3.10/site-packages/rby1_subscriber_pkg
[3.040s] copying /home/nvidia/rby1_ros2_ws/rby1-ros2/build/rby1_subscriber_pkg/build/lib/rby1_subscriber_pkg/05_left_arm_control.py -> /home/nvidia/rby1_ros2_ws/rby1-ros2/install/rby1_subscriber_pkg/lib/python3.10/site-packages/rby1_subscriber_pkg
[3.040s] copying /home/nvidia/rby1_ros2_ws/rby1-ros2/build/rby1_subscriber_pkg/build/lib/rby1_subscriber_pkg/03_torso_control.py -> /home/nvidia/rby1_ros2_ws/rby1-ros2/install/rby1_subscriber_pkg/lib/python3.10/site-packages/rby1_subscriber_pkg
[3.040s] copying /home/nvidia/rby1_ros2_ws/rby1-ros2/build/rby1_subscriber_pkg/build/lib/rby1_subscriber_pkg/__init__.py -> /home/nvidia/rby1_ros2_ws/rby1-ros2/install/rby1_subscriber_pkg/lib/python3.10/site-packages/rby1_subscriber_pkg
[3.042s] byte-compiling /home/nvidia/rby1_ros2_ws/rby1-ros2/install/rby1_subscriber_pkg/lib/python3.10/site-packages/rby1_subscriber_pkg/04_right_arm_control.py to 04_right_arm_control.cpython-310.pyc
[3.044s] byte-compiling /home/nvidia/rby1_ros2_ws/rby1-ros2/install/rby1_subscriber_pkg/lib/python3.10/site-packages/rby1_subscriber_pkg/07_mobile_control.py to 07_mobile_control.cpython-310.pyc
[3.046s] byte-compiling /home/nvidia/rby1_ros2_ws/rby1-ros2/install/rby1_subscriber_pkg/lib/python3.10/site-packages/rby1_subscriber_pkg/01_dualarm_control.py to 01_dualarm_control.cpython-310.pyc
[3.047s] byte-compiling /home/nvidia/rby1_ros2_ws/rby1-ros2/install/rby1_subscriber_pkg/lib/python3.10/site-packages/rby1_subscriber_pkg/06_head_control.py to 06_head_control.cpython-310.pyc
[3.048s] byte-compiling /home/nvidia/rby1_ros2_ws/rby1-ros2/install/rby1_subscriber_pkg/lib/python3.10/site-packages/rby1_subscriber_pkg/02_wholebody_control.py to 02_wholebody_control.cpython-310.pyc
[3.050s] byte-compiling /home/nvidia/rby1_ros2_ws/rby1-ros2/install/rby1_subscriber_pkg/lib/python3.10/site-packages/rby1_subscriber_pkg/05_left_arm_control.py to 05_left_arm_control.cpython-310.pyc
[3.051s] byte-compiling /home/nvidia/rby1_ros2_ws/rby1-ros2/install/rby1_subscriber_pkg/lib/python3.10/site-packages/rby1_subscriber_pkg/03_torso_control.py to 03_torso_control.cpython-310.pyc
[3.052s] byte-compiling /home/nvidia/rby1_ros2_ws/rby1-ros2/install/rby1_subscriber_pkg/lib/python3.10/site-packages/rby1_subscriber_pkg/__init__.py to __init__.cpython-310.pyc
[3.052s] running install_data
[3.053s] creating /home/nvidia/rby1_ros2_ws/rby1-ros2/install/rby1_subscriber_pkg/share/ament_index
[3.053s] creating /home/nvidia/rby1_ros2_ws/rby1-ros2/install/rby1_subscriber_pkg/share/ament_index/resource_index
[3.053s] creating /home/nvidia/rby1_ros2_ws/rby1-ros2/install/rby1_subscriber_pkg/share/ament_index/resource_index/packages
[3.053s] copying resource/rby1_subscriber_pkg -> /home/nvidia/rby1_ros2_ws/rby1-ros2/install/rby1_subscriber_pkg/share/ament_index/resource_index/packages
[3.053s] copying package.xml -> /home/nvidia/rby1_ros2_ws/rby1-ros2/install/rby1_subscriber_pkg/share/rby1_subscriber_pkg
[3.053s] creating /home/nvidia/rby1_ros2_ws/rby1-ros2/install/rby1_subscriber_pkg/share/rby1_subscriber_pkg/launch
[3.054s] copying launch/subscriber_launch.py -> /home/nvidia/rby1_ros2_ws/rby1-ros2/install/rby1_subscriber_pkg/share/rby1_subscriber_pkg/launch
[3.054s] copying launch/demo_with_ros_launch.py -> /home/nvidia/rby1_ros2_ws/rby1-ros2/install/rby1_subscriber_pkg/share/rby1_subscriber_pkg/launch
[3.054s] running install_egg_info
[3.058s] Copying ../build/rby1_subscriber_pkg/rby1_subscriber_pkg.egg-info to /home/nvidia/rby1_ros2_ws/rby1-ros2/install/rby1_subscriber_pkg/lib/python3.10/site-packages/rby1_subscriber_pkg-0.0.1-py3.10.egg-info
[3.060s] running install_scripts
[3.104s] Installing 01_dualarm_control script to /home/nvidia/rby1_ros2_ws/rby1-ros2/install/rby1_subscriber_pkg/lib/rby1_subscriber_pkg
[3.104s] Installing 02_wholebody_control script to /home/nvidia/rby1_ros2_ws/rby1-ros2/install/rby1_subscriber_pkg/lib/rby1_subscriber_pkg
[3.107s] Installing 03_torso_control script to /home/nvidia/rby1_ros2_ws/rby1-ros2/install/rby1_subscriber_pkg/lib/rby1_subscriber_pkg
[3.107s] Installing 04_right_arm_control script to /home/nvidia/rby1_ros2_ws/rby1-ros2/install/rby1_subscriber_pkg/lib/rby1_subscriber_pkg
[3.107s] Installing 05_left_arm_control script to /home/nvidia/rby1_ros2_ws/rby1-ros2/install/rby1_subscriber_pkg/lib/rby1_subscriber_pkg
[3.108s] Installing 06_head_control script to /home/nvidia/rby1_ros2_ws/rby1-ros2/install/rby1_subscriber_pkg/lib/rby1_subscriber_pkg
[3.108s] Installing 07_mobile_control script to /home/nvidia/rby1_ros2_ws/rby1-ros2/install/rby1_subscriber_pkg/lib/rby1_subscriber_pkg
[3.108s] Installing 08_DH_dualarm_control_2 script to /home/nvidia/rby1_ros2_ws/rby1-ros2/install/rby1_subscriber_pkg/lib/rby1_subscriber_pkg
[3.108s] Installing controller_manager_ui script to /home/nvidia/rby1_ros2_ws/rby1-ros2/install/rby1_subscriber_pkg/lib/rby1_subscriber_pkg
[3.108s] Installing sorted_joint_state script to /home/nvidia/rby1_ros2_ws/rby1-ros2/install/rby1_subscriber_pkg/lib/rby1_subscriber_pkg
[3.108s] writing list of installed files to '/home/nvidia/rby1_ros2_ws/rby1-ros2/build/rby1_subscriber_pkg/install.log'
[3.182s] Invoked command in '/home/nvidia/rby1_ros2_ws/rby1-ros2/rby1_subscriber_pkg' returned '0': PYTHONPATH=/home/nvidia/rby1_ros2_ws/rby1-ros2/build/rby1_subscriber_pkg/prefix_override:/usr/lib/python3/dist-packages/colcon_core/task/python/colcon_distutils_commands:/home/nvidia/rby1_ros2_ws/rby1-ros2/install/rby1_subscriber_pkg/lib/python3.10/site-packages:${PYTHONPATH} /usr/bin/python3 -W ignore:setup.py install is deprecated -W ignore:easy_install command is deprecated setup.py egg_info --egg-base ../build/rby1_subscriber_pkg build --build-base /home/nvidia/rby1_ros2_ws/rby1-ros2/build/rby1_subscriber_pkg/build install --record /home/nvidia/rby1_ros2_ws/rby1-ros2/build/rby1_subscriber_pkg/install.log --single-version-externally-managed install_data
