[0.224s] DEBUG:colcon:Command line arguments: ['/usr/bin/colcon', 'build']
[0.224s] DEBUG:colcon:Parsed command line arguments: Namespace(log_base=None, log_level=None, verb_name='build', build_base='build', install_base='install', merge_install=False, symlink_install=False, test_result_base=None, continue_on_error=False, executor='parallel', parallel_workers=8, event_handlers=None, ignore_user_meta=False, metas=['./colcon.meta'], base_paths=['.'], packages_ignore=None, packages_ignore_regex=None, paths=None, packages_up_to=None, packages_up_to_regex=None, packages_above=None, packages_above_and_dependencies=None, packages_above_depth=None, packages_select_by_dep=None, packages_skip_by_dep=None, packages_skip_up_to=None, packages_select_build_failed=False, packages_skip_build_finished=False, packages_select_test_failures=False, packages_skip_test_passed=False, packages_select=None, packages_skip=None, packages_select_regex=None, packages_skip_regex=None, packages_start=None, packages_end=None, allow_overriding=[], cmake_args=None, cmake_target=None, cmake_target_skip_unavailable=False, cmake_clean_cache=False, cmake_clean_first=False, cmake_force_configure=False, ament_cmake_args=None, catkin_cmake_args=None, catkin_skip_building_tests=False, mixin_files=None, mixin=None, verb_parser=<colcon_mixin.mixin.mixin_argument.MixinArgumentDecorator object at 0xffff8ad45300>, verb_extension=<colcon_core.verb.build.BuildVerb object at 0xffff8ad44d30>, main=<bound method BuildVerb.main of <colcon_core.verb.build.BuildVerb object at 0xffff8ad44d30>>, mixin_verb=('build',))
[0.576s] Level 1:colcon.colcon_core.package_discovery:discover_packages(colcon_meta) check parameters
[0.577s] Level 1:colcon.colcon_core.package_discovery:discover_packages(recursive) check parameters
[0.577s] Level 1:colcon.colcon_core.package_discovery:discover_packages(ignore) check parameters
[0.577s] Level 1:colcon.colcon_core.package_discovery:discover_packages(path) check parameters
[0.577s] Level 1:colcon.colcon_core.package_discovery:discover_packages(colcon_meta) discover
[0.577s] Level 1:colcon.colcon_core.package_discovery:discover_packages(recursive) discover
[0.577s] INFO:colcon.colcon_core.package_discovery:Crawling recursively for packages in '/home/nvidia/rby1_ros2_ws/rby1-ros2'
[0.577s] Level 1:colcon.colcon_core.package_identification:_identify(.) by extensions ['ignore', 'ignore_ament_install']
[0.578s] Level 1:colcon.colcon_core.package_identification:_identify(.) by extension 'ignore'
[0.578s] Level 1:colcon.colcon_core.package_identification:_identify(.) by extension 'ignore_ament_install'
[0.578s] Level 1:colcon.colcon_core.package_identification:_identify(.) by extensions ['colcon_pkg']
[0.578s] Level 1:colcon.colcon_core.package_identification:_identify(.) by extension 'colcon_pkg'
[0.578s] Level 1:colcon.colcon_core.package_identification:_identify(.) by extensions ['colcon_meta']
[0.578s] Level 1:colcon.colcon_core.package_identification:_identify(.) by extension 'colcon_meta'
[0.578s] Level 1:colcon.colcon_core.package_identification:_identify(.) by extensions ['ros']
[0.578s] Level 1:colcon.colcon_core.package_identification:_identify(.) by extension 'ros'
[0.600s] Level 1:colcon.colcon_core.package_identification:_identify(.) by extensions ['cmake', 'python']
[0.600s] Level 1:colcon.colcon_core.package_identification:_identify(.) by extension 'cmake'
[0.600s] Level 1:colcon.colcon_core.package_identification:_identify(.) by extension 'python'
[0.601s] Level 1:colcon.colcon_core.package_identification:_identify(.) by extensions ['python_setup_py']
[0.601s] Level 1:colcon.colcon_core.package_identification:_identify(.) by extension 'python_setup_py'
[0.601s] Level 1:colcon.colcon_core.package_identification:_identify(build) by extensions ['ignore', 'ignore_ament_install']
[0.601s] Level 1:colcon.colcon_core.package_identification:_identify(build) by extension 'ignore'
[0.601s] Level 1:colcon.colcon_core.package_identification:_identify(build) ignored
[0.602s] Level 1:colcon.colcon_core.package_identification:_identify(install) by extensions ['ignore', 'ignore_ament_install']
[0.602s] Level 1:colcon.colcon_core.package_identification:_identify(install) by extension 'ignore'
[0.602s] Level 1:colcon.colcon_core.package_identification:_identify(install) ignored
[0.602s] Level 1:colcon.colcon_core.package_identification:_identify(log) by extensions ['ignore', 'ignore_ament_install']
[0.602s] Level 1:colcon.colcon_core.package_identification:_identify(log) by extension 'ignore'
[0.602s] Level 1:colcon.colcon_core.package_identification:_identify(log) ignored
[0.602s] Level 1:colcon.colcon_core.package_identification:_identify(rby1_bringup) by extensions ['ignore', 'ignore_ament_install']
[0.603s] Level 1:colcon.colcon_core.package_identification:_identify(rby1_bringup) by extension 'ignore'
[0.603s] Level 1:colcon.colcon_core.package_identification:_identify(rby1_bringup) by extension 'ignore_ament_install'
[0.603s] Level 1:colcon.colcon_core.package_identification:_identify(rby1_bringup) by extensions ['colcon_pkg']
[0.603s] Level 1:colcon.colcon_core.package_identification:_identify(rby1_bringup) by extension 'colcon_pkg'
[0.603s] Level 1:colcon.colcon_core.package_identification:_identify(rby1_bringup) by extensions ['colcon_meta']
[0.603s] Level 1:colcon.colcon_core.package_identification:_identify(rby1_bringup) by extension 'colcon_meta'
[0.603s] Level 1:colcon.colcon_core.package_identification:_identify(rby1_bringup) by extensions ['ros']
[0.603s] Level 1:colcon.colcon_core.package_identification:_identify(rby1_bringup) by extension 'ros'
[0.633s] DEBUG:colcon.colcon_core.package_identification:Package 'rby1_bringup' with type 'ros.ament_cmake' and name 'rby1_bringup'
[0.633s] Level 1:colcon.colcon_core.package_identification:_identify(rby1_description) by extensions ['ignore', 'ignore_ament_install']
[0.634s] Level 1:colcon.colcon_core.package_identification:_identify(rby1_description) by extension 'ignore'
[0.634s] Level 1:colcon.colcon_core.package_identification:_identify(rby1_description) by extension 'ignore_ament_install'
[0.634s] Level 1:colcon.colcon_core.package_identification:_identify(rby1_description) by extensions ['colcon_pkg']
[0.634s] Level 1:colcon.colcon_core.package_identification:_identify(rby1_description) by extension 'colcon_pkg'
[0.634s] Level 1:colcon.colcon_core.package_identification:_identify(rby1_description) by extensions ['colcon_meta']
[0.634s] Level 1:colcon.colcon_core.package_identification:_identify(rby1_description) by extension 'colcon_meta'
[0.634s] Level 1:colcon.colcon_core.package_identification:_identify(rby1_description) by extensions ['ros']
[0.634s] Level 1:colcon.colcon_core.package_identification:_identify(rby1_description) by extension 'ros'
[0.635s] DEBUG:colcon.colcon_core.package_identification:Package 'rby1_description' with type 'ros.ament_cmake' and name 'rby1_description'
[0.636s] Level 1:colcon.colcon_core.package_identification:_identify(rby1_hardware) by extensions ['ignore', 'ignore_ament_install']
[0.636s] Level 1:colcon.colcon_core.package_identification:_identify(rby1_hardware) by extension 'ignore'
[0.636s] Level 1:colcon.colcon_core.package_identification:_identify(rby1_hardware) by extension 'ignore_ament_install'
[0.636s] Level 1:colcon.colcon_core.package_identification:_identify(rby1_hardware) by extensions ['colcon_pkg']
[0.636s] Level 1:colcon.colcon_core.package_identification:_identify(rby1_hardware) by extension 'colcon_pkg'
[0.636s] Level 1:colcon.colcon_core.package_identification:_identify(rby1_hardware) by extensions ['colcon_meta']
[0.636s] Level 1:colcon.colcon_core.package_identification:_identify(rby1_hardware) by extension 'colcon_meta'
[0.636s] Level 1:colcon.colcon_core.package_identification:_identify(rby1_hardware) by extensions ['ros']
[0.636s] Level 1:colcon.colcon_core.package_identification:_identify(rby1_hardware) by extension 'ros'
[0.638s] DEBUG:colcon.colcon_core.package_identification:Package 'rby1_hardware' with type 'ros.ament_cmake' and name 'rby1_hardware'
[0.638s] Level 1:colcon.colcon_core.package_identification:_identify(rby1_mobile_control) by extensions ['ignore', 'ignore_ament_install']
[0.638s] Level 1:colcon.colcon_core.package_identification:_identify(rby1_mobile_control) by extension 'ignore'
[0.638s] Level 1:colcon.colcon_core.package_identification:_identify(rby1_mobile_control) by extension 'ignore_ament_install'
[0.639s] Level 1:colcon.colcon_core.package_identification:_identify(rby1_mobile_control) by extensions ['colcon_pkg']
[0.639s] Level 1:colcon.colcon_core.package_identification:_identify(rby1_mobile_control) by extension 'colcon_pkg'
[0.639s] Level 1:colcon.colcon_core.package_identification:_identify(rby1_mobile_control) by extensions ['colcon_meta']
[0.639s] Level 1:colcon.colcon_core.package_identification:_identify(rby1_mobile_control) by extension 'colcon_meta'
[0.639s] Level 1:colcon.colcon_core.package_identification:_identify(rby1_mobile_control) by extensions ['ros']
[0.639s] Level 1:colcon.colcon_core.package_identification:_identify(rby1_mobile_control) by extension 'ros'
[0.640s] DEBUG:colcon.colcon_core.package_identification:Package 'rby1_mobile_control' with type 'ros.ament_python' and name 'rby1_mobile_control'
[0.640s] Level 1:colcon.colcon_core.package_identification:_identify(rby1_moveit_config) by extensions ['ignore', 'ignore_ament_install']
[0.641s] Level 1:colcon.colcon_core.package_identification:_identify(rby1_moveit_config) by extension 'ignore'
[0.641s] Level 1:colcon.colcon_core.package_identification:_identify(rby1_moveit_config) by extension 'ignore_ament_install'
[0.641s] Level 1:colcon.colcon_core.package_identification:_identify(rby1_moveit_config) by extensions ['colcon_pkg']
[0.641s] Level 1:colcon.colcon_core.package_identification:_identify(rby1_moveit_config) by extension 'colcon_pkg'
[0.641s] Level 1:colcon.colcon_core.package_identification:_identify(rby1_moveit_config) by extensions ['colcon_meta']
[0.641s] Level 1:colcon.colcon_core.package_identification:_identify(rby1_moveit_config) by extension 'colcon_meta'
[0.641s] Level 1:colcon.colcon_core.package_identification:_identify(rby1_moveit_config) by extensions ['ros']
[0.641s] Level 1:colcon.colcon_core.package_identification:_identify(rby1_moveit_config) by extension 'ros'
[0.643s] DEBUG:colcon.colcon_core.package_identification:Package 'rby1_moveit_config' with type 'ros.ament_cmake' and name 'rby1_moveit_config'
[0.643s] Level 1:colcon.colcon_core.package_identification:_identify(rby1_subscriber_pkg) by extensions ['ignore', 'ignore_ament_install']
[0.643s] Level 1:colcon.colcon_core.package_identification:_identify(rby1_subscriber_pkg) by extension 'ignore'
[0.643s] Level 1:colcon.colcon_core.package_identification:_identify(rby1_subscriber_pkg) by extension 'ignore_ament_install'
[0.643s] Level 1:colcon.colcon_core.package_identification:_identify(rby1_subscriber_pkg) by extensions ['colcon_pkg']
[0.643s] Level 1:colcon.colcon_core.package_identification:_identify(rby1_subscriber_pkg) by extension 'colcon_pkg'
[0.643s] Level 1:colcon.colcon_core.package_identification:_identify(rby1_subscriber_pkg) by extensions ['colcon_meta']
[0.643s] Level 1:colcon.colcon_core.package_identification:_identify(rby1_subscriber_pkg) by extension 'colcon_meta'
[0.643s] Level 1:colcon.colcon_core.package_identification:_identify(rby1_subscriber_pkg) by extensions ['ros']
[0.644s] Level 1:colcon.colcon_core.package_identification:_identify(rby1_subscriber_pkg) by extension 'ros'
[0.645s] DEBUG:colcon.colcon_core.package_identification:Package 'rby1_subscriber_pkg' with type 'ros.ament_python' and name 'rby1_subscriber_pkg'
[0.645s] Level 1:colcon.colcon_core.package_discovery:discover_packages(recursive) using defaults
[0.645s] Level 1:colcon.colcon_core.package_discovery:discover_packages(ignore) discover
[0.645s] Level 1:colcon.colcon_core.package_discovery:discover_packages(ignore) using defaults
[0.645s] Level 1:colcon.colcon_core.package_discovery:discover_packages(path) discover
[0.645s] Level 1:colcon.colcon_core.package_discovery:discover_packages(path) using defaults
[0.686s] Level 1:colcon.colcon_core.package_discovery:discover_packages(prefix_path) check parameters
[0.687s] Level 1:colcon.colcon_core.package_discovery:discover_packages(prefix_path) discover
[0.694s] DEBUG:colcon.colcon_installed_package_information.package_discovery:Found 6 installed packages in /home/nvidia/rby1_ros2_ws/rby1-ros2/install
[0.695s] DEBUG:colcon.colcon_installed_package_information.package_discovery:Found 6 installed packages in /home/nvidia/rby1_ros2_ws/install
[0.697s] DEBUG:colcon.colcon_installed_package_information.package_discovery:Found 1 installed packages in /home/nvidia/lidar_merger_ws/install
[0.697s] DEBUG:colcon.colcon_installed_package_information.package_discovery:Found 1 installed packages in /home/nvidia/lidar_ws/src/install
[0.698s] DEBUG:colcon.colcon_installed_package_information.package_discovery:Found 1 installed packages in /home/nvidia/apriltag_py_ros2/install
[0.699s] DEBUG:colcon.colcon_installed_package_information.package_discovery:Found 3 installed packages in /home/nvidia/apriltag_ros2_ws/install
[0.701s] DEBUG:colcon.colcon_installed_package_information.package_discovery:Found 39 installed packages in /home/nvidia/ros2_ws/install
[0.703s] DEBUG:colcon.colcon_installed_package_information.package_discovery:Found 1 installed packages in /home/nvidia/ros2_ws/src/rby1_base_movement/install
[0.704s] DEBUG:colcon.colcon_installed_package_information.package_discovery:Found 1 installed packages in /home/nvidia/ros2_ws/src/rby1_arm_movement/install
[0.704s] DEBUG:colcon.colcon_installed_package_information.package_discovery:Found 1 installed packages in /home/nvidia/ros2_ws/src/rby1_movement/install
[0.705s] DEBUG:colcon.colcon_installed_package_information.package_discovery:Found 1 installed packages in /home/nvidia/ros2_ws/src/ros2-keyboard/keyboard/install
[0.706s] DEBUG:colcon.colcon_installed_package_information.package_discovery:Found 1 installed packages in /home/nvidia/ros2_ws/src/rby1_nva_description/install
[0.709s] DEBUG:colcon.colcon_installed_package_information.package_discovery:Found 471 installed packages in /opt/ros/humble
[0.715s] Level 1:colcon.colcon_core.package_discovery:discover_packages(prefix_path) using defaults
[0.823s] Level 5:colcon.colcon_core.verb:set package 'rby1_description' build argument 'cmake_args' from command line to 'None'
[0.824s] Level 5:colcon.colcon_core.verb:set package 'rby1_description' build argument 'cmake_target' from command line to 'None'
[0.824s] Level 5:colcon.colcon_core.verb:set package 'rby1_description' build argument 'cmake_target_skip_unavailable' from command line to 'False'
[0.824s] Level 5:colcon.colcon_core.verb:set package 'rby1_description' build argument 'cmake_clean_cache' from command line to 'False'
[0.824s] Level 5:colcon.colcon_core.verb:set package 'rby1_description' build argument 'cmake_clean_first' from command line to 'False'
[0.824s] Level 5:colcon.colcon_core.verb:set package 'rby1_description' build argument 'cmake_force_configure' from command line to 'False'
[0.824s] Level 5:colcon.colcon_core.verb:set package 'rby1_description' build argument 'ament_cmake_args' from command line to 'None'
[0.824s] Level 5:colcon.colcon_core.verb:set package 'rby1_description' build argument 'catkin_cmake_args' from command line to 'None'
[0.824s] Level 5:colcon.colcon_core.verb:set package 'rby1_description' build argument 'catkin_skip_building_tests' from command line to 'False'
[0.824s] DEBUG:colcon.colcon_core.verb:Building package 'rby1_description' with the following arguments: {'ament_cmake_args': None, 'build_base': '/home/nvidia/rby1_ros2_ws/rby1-ros2/build/rby1_description', 'catkin_cmake_args': None, 'catkin_skip_building_tests': False, 'cmake_args': None, 'cmake_clean_cache': False, 'cmake_clean_first': False, 'cmake_force_configure': False, 'cmake_target': None, 'cmake_target_skip_unavailable': False, 'install_base': '/home/nvidia/rby1_ros2_ws/rby1-ros2/install/rby1_description', 'merge_install': False, 'path': '/home/nvidia/rby1_ros2_ws/rby1-ros2/rby1_description', 'symlink_install': False, 'test_result_base': None}
[0.825s] Level 5:colcon.colcon_core.verb:set package 'rby1_hardware' build argument 'cmake_args' from command line to 'None'
[0.825s] Level 5:colcon.colcon_core.verb:set package 'rby1_hardware' build argument 'cmake_target' from command line to 'None'
[0.825s] Level 5:colcon.colcon_core.verb:set package 'rby1_hardware' build argument 'cmake_target_skip_unavailable' from command line to 'False'
[0.825s] Level 5:colcon.colcon_core.verb:set package 'rby1_hardware' build argument 'cmake_clean_cache' from command line to 'False'
[0.825s] Level 5:colcon.colcon_core.verb:set package 'rby1_hardware' build argument 'cmake_clean_first' from command line to 'False'
[0.825s] Level 5:colcon.colcon_core.verb:set package 'rby1_hardware' build argument 'cmake_force_configure' from command line to 'False'
[0.825s] Level 5:colcon.colcon_core.verb:set package 'rby1_hardware' build argument 'ament_cmake_args' from command line to 'None'
[0.825s] Level 5:colcon.colcon_core.verb:set package 'rby1_hardware' build argument 'catkin_cmake_args' from command line to 'None'
[0.826s] Level 5:colcon.colcon_core.verb:set package 'rby1_hardware' build argument 'catkin_skip_building_tests' from command line to 'False'
[0.826s] DEBUG:colcon.colcon_core.verb:Building package 'rby1_hardware' with the following arguments: {'ament_cmake_args': None, 'build_base': '/home/nvidia/rby1_ros2_ws/rby1-ros2/build/rby1_hardware', 'catkin_cmake_args': None, 'catkin_skip_building_tests': False, 'cmake_args': None, 'cmake_clean_cache': False, 'cmake_clean_first': False, 'cmake_force_configure': False, 'cmake_target': None, 'cmake_target_skip_unavailable': False, 'install_base': '/home/nvidia/rby1_ros2_ws/rby1-ros2/install/rby1_hardware', 'merge_install': False, 'path': '/home/nvidia/rby1_ros2_ws/rby1-ros2/rby1_hardware', 'symlink_install': False, 'test_result_base': None}
[0.826s] Level 5:colcon.colcon_core.verb:set package 'rby1_mobile_control' build argument 'cmake_args' from command line to 'None'
[0.826s] Level 5:colcon.colcon_core.verb:set package 'rby1_mobile_control' build argument 'cmake_target' from command line to 'None'
[0.826s] Level 5:colcon.colcon_core.verb:set package 'rby1_mobile_control' build argument 'cmake_target_skip_unavailable' from command line to 'False'
[0.826s] Level 5:colcon.colcon_core.verb:set package 'rby1_mobile_control' build argument 'cmake_clean_cache' from command line to 'False'
[0.826s] Level 5:colcon.colcon_core.verb:set package 'rby1_mobile_control' build argument 'cmake_clean_first' from command line to 'False'
[0.827s] Level 5:colcon.colcon_core.verb:set package 'rby1_mobile_control' build argument 'cmake_force_configure' from command line to 'False'
[0.827s] Level 5:colcon.colcon_core.verb:set package 'rby1_mobile_control' build argument 'ament_cmake_args' from command line to 'None'
[0.827s] Level 5:colcon.colcon_core.verb:set package 'rby1_mobile_control' build argument 'catkin_cmake_args' from command line to 'None'
[0.827s] Level 5:colcon.colcon_core.verb:set package 'rby1_mobile_control' build argument 'catkin_skip_building_tests' from command line to 'False'
[0.827s] DEBUG:colcon.colcon_core.verb:Building package 'rby1_mobile_control' with the following arguments: {'ament_cmake_args': None, 'build_base': '/home/nvidia/rby1_ros2_ws/rby1-ros2/build/rby1_mobile_control', 'catkin_cmake_args': None, 'catkin_skip_building_tests': False, 'cmake_args': None, 'cmake_clean_cache': False, 'cmake_clean_first': False, 'cmake_force_configure': False, 'cmake_target': None, 'cmake_target_skip_unavailable': False, 'install_base': '/home/nvidia/rby1_ros2_ws/rby1-ros2/install/rby1_mobile_control', 'merge_install': False, 'path': '/home/nvidia/rby1_ros2_ws/rby1-ros2/rby1_mobile_control', 'symlink_install': False, 'test_result_base': None}
[0.827s] Level 5:colcon.colcon_core.verb:set package 'rby1_subscriber_pkg' build argument 'cmake_args' from command line to 'None'
[0.827s] Level 5:colcon.colcon_core.verb:set package 'rby1_subscriber_pkg' build argument 'cmake_target' from command line to 'None'
[0.827s] Level 5:colcon.colcon_core.verb:set package 'rby1_subscriber_pkg' build argument 'cmake_target_skip_unavailable' from command line to 'False'
[0.828s] Level 5:colcon.colcon_core.verb:set package 'rby1_subscriber_pkg' build argument 'cmake_clean_cache' from command line to 'False'
[0.828s] Level 5:colcon.colcon_core.verb:set package 'rby1_subscriber_pkg' build argument 'cmake_clean_first' from command line to 'False'
[0.828s] Level 5:colcon.colcon_core.verb:set package 'rby1_subscriber_pkg' build argument 'cmake_force_configure' from command line to 'False'
[0.828s] Level 5:colcon.colcon_core.verb:set package 'rby1_subscriber_pkg' build argument 'ament_cmake_args' from command line to 'None'
[0.828s] Level 5:colcon.colcon_core.verb:set package 'rby1_subscriber_pkg' build argument 'catkin_cmake_args' from command line to 'None'
[0.828s] Level 5:colcon.colcon_core.verb:set package 'rby1_subscriber_pkg' build argument 'catkin_skip_building_tests' from command line to 'False'
[0.828s] DEBUG:colcon.colcon_core.verb:Building package 'rby1_subscriber_pkg' with the following arguments: {'ament_cmake_args': None, 'build_base': '/home/nvidia/rby1_ros2_ws/rby1-ros2/build/rby1_subscriber_pkg', 'catkin_cmake_args': None, 'catkin_skip_building_tests': False, 'cmake_args': None, 'cmake_clean_cache': False, 'cmake_clean_first': False, 'cmake_force_configure': False, 'cmake_target': None, 'cmake_target_skip_unavailable': False, 'install_base': '/home/nvidia/rby1_ros2_ws/rby1-ros2/install/rby1_subscriber_pkg', 'merge_install': False, 'path': '/home/nvidia/rby1_ros2_ws/rby1-ros2/rby1_subscriber_pkg', 'symlink_install': False, 'test_result_base': None}
[0.828s] Level 5:colcon.colcon_core.verb:set package 'rby1_moveit_config' build argument 'cmake_args' from command line to 'None'
[0.829s] Level 5:colcon.colcon_core.verb:set package 'rby1_moveit_config' build argument 'cmake_target' from command line to 'None'
[0.829s] Level 5:colcon.colcon_core.verb:set package 'rby1_moveit_config' build argument 'cmake_target_skip_unavailable' from command line to 'False'
[0.829s] Level 5:colcon.colcon_core.verb:set package 'rby1_moveit_config' build argument 'cmake_clean_cache' from command line to 'False'
[0.829s] Level 5:colcon.colcon_core.verb:set package 'rby1_moveit_config' build argument 'cmake_clean_first' from command line to 'False'
[0.829s] Level 5:colcon.colcon_core.verb:set package 'rby1_moveit_config' build argument 'cmake_force_configure' from command line to 'False'
[0.829s] Level 5:colcon.colcon_core.verb:set package 'rby1_moveit_config' build argument 'ament_cmake_args' from command line to 'None'
[0.829s] Level 5:colcon.colcon_core.verb:set package 'rby1_moveit_config' build argument 'catkin_cmake_args' from command line to 'None'
[0.829s] Level 5:colcon.colcon_core.verb:set package 'rby1_moveit_config' build argument 'catkin_skip_building_tests' from command line to 'False'
[0.829s] DEBUG:colcon.colcon_core.verb:Building package 'rby1_moveit_config' with the following arguments: {'ament_cmake_args': None, 'build_base': '/home/nvidia/rby1_ros2_ws/rby1-ros2/build/rby1_moveit_config', 'catkin_cmake_args': None, 'catkin_skip_building_tests': False, 'cmake_args': None, 'cmake_clean_cache': False, 'cmake_clean_first': False, 'cmake_force_configure': False, 'cmake_target': None, 'cmake_target_skip_unavailable': False, 'install_base': '/home/nvidia/rby1_ros2_ws/rby1-ros2/install/rby1_moveit_config', 'merge_install': False, 'path': '/home/nvidia/rby1_ros2_ws/rby1-ros2/rby1_moveit_config', 'symlink_install': False, 'test_result_base': None}
[0.830s] Level 5:colcon.colcon_core.verb:set package 'rby1_bringup' build argument 'cmake_args' from command line to 'None'
[0.830s] Level 5:colcon.colcon_core.verb:set package 'rby1_bringup' build argument 'cmake_target' from command line to 'None'
[0.830s] Level 5:colcon.colcon_core.verb:set package 'rby1_bringup' build argument 'cmake_target_skip_unavailable' from command line to 'False'
[0.830s] Level 5:colcon.colcon_core.verb:set package 'rby1_bringup' build argument 'cmake_clean_cache' from command line to 'False'
[0.830s] Level 5:colcon.colcon_core.verb:set package 'rby1_bringup' build argument 'cmake_clean_first' from command line to 'False'
[0.830s] Level 5:colcon.colcon_core.verb:set package 'rby1_bringup' build argument 'cmake_force_configure' from command line to 'False'
[0.830s] Level 5:colcon.colcon_core.verb:set package 'rby1_bringup' build argument 'ament_cmake_args' from command line to 'None'
[0.830s] Level 5:colcon.colcon_core.verb:set package 'rby1_bringup' build argument 'catkin_cmake_args' from command line to 'None'
[0.830s] Level 5:colcon.colcon_core.verb:set package 'rby1_bringup' build argument 'catkin_skip_building_tests' from command line to 'False'
[0.830s] DEBUG:colcon.colcon_core.verb:Building package 'rby1_bringup' with the following arguments: {'ament_cmake_args': None, 'build_base': '/home/nvidia/rby1_ros2_ws/rby1-ros2/build/rby1_bringup', 'catkin_cmake_args': None, 'catkin_skip_building_tests': False, 'cmake_args': None, 'cmake_clean_cache': False, 'cmake_clean_first': False, 'cmake_force_configure': False, 'cmake_target': None, 'cmake_target_skip_unavailable': False, 'install_base': '/home/nvidia/rby1_ros2_ws/rby1-ros2/install/rby1_bringup', 'merge_install': False, 'path': '/home/nvidia/rby1_ros2_ws/rby1-ros2/rby1_bringup', 'symlink_install': False, 'test_result_base': None}
[0.830s] INFO:colcon.colcon_core.executor:Executing jobs using 'parallel' executor
[0.833s] DEBUG:colcon.colcon_parallel_executor.executor.parallel:run_until_complete
[0.834s] INFO:colcon.colcon_ros.task.ament_cmake.build:Building ROS package in '/home/nvidia/rby1_ros2_ws/rby1-ros2/rby1_description' with build type 'ament_cmake'
[0.834s] INFO:colcon.colcon_cmake.task.cmake.build:Building CMake package in '/home/nvidia/rby1_ros2_ws/rby1-ros2/rby1_description'
[0.841s] INFO:colcon.colcon_core.plugin_system:Skipping extension 'colcon_core.shell.bat': Not used on non-Windows systems
[0.841s] INFO:colcon.colcon_core.shell:Skip shell extension 'powershell' for command environment: Not usable outside of PowerShell
[0.842s] DEBUG:colcon.colcon_core.shell:Skip shell extension 'dsv' for command environment
[0.863s] INFO:colcon.colcon_ros.task.ament_cmake.build:Building ROS package in '/home/nvidia/rby1_ros2_ws/rby1-ros2/rby1_hardware' with build type 'ament_cmake'
[0.864s] INFO:colcon.colcon_cmake.task.cmake.build:Building CMake package in '/home/nvidia/rby1_ros2_ws/rby1-ros2/rby1_hardware'
[0.864s] INFO:colcon.colcon_core.shell:Skip shell extension 'powershell' for command environment: Not usable outside of PowerShell
[0.865s] DEBUG:colcon.colcon_core.shell:Skip shell extension 'dsv' for command environment
[0.885s] INFO:colcon.colcon_ros.task.ament_python.build:Building ROS package in '/home/nvidia/rby1_ros2_ws/rby1-ros2/rby1_mobile_control' with build type 'ament_python'
[0.885s] Level 1:colcon.colcon_core.shell:create_environment_hook('rby1_mobile_control', 'ament_prefix_path')
[0.886s] INFO:colcon.colcon_core.shell:Creating environment hook '/home/nvidia/rby1_ros2_ws/rby1-ros2/install/rby1_mobile_control/share/rby1_mobile_control/hook/ament_prefix_path.ps1'
[0.887s] INFO:colcon.colcon_core.shell:Creating environment descriptor '/home/nvidia/rby1_ros2_ws/rby1-ros2/install/rby1_mobile_control/share/rby1_mobile_control/hook/ament_prefix_path.dsv'
[0.888s] INFO:colcon.colcon_core.shell:Creating environment hook '/home/nvidia/rby1_ros2_ws/rby1-ros2/install/rby1_mobile_control/share/rby1_mobile_control/hook/ament_prefix_path.sh'
[0.889s] INFO:colcon.colcon_core.shell:Skip shell extension 'powershell' for command environment: Not usable outside of PowerShell
[0.890s] DEBUG:colcon.colcon_core.shell:Skip shell extension 'dsv' for command environment
[0.908s] INFO:colcon.colcon_ros.task.ament_python.build:Building ROS package in '/home/nvidia/rby1_ros2_ws/rby1-ros2/rby1_subscriber_pkg' with build type 'ament_python'
[0.909s] Level 1:colcon.colcon_core.shell:create_environment_hook('rby1_subscriber_pkg', 'ament_prefix_path')
[0.909s] INFO:colcon.colcon_core.shell:Creating environment hook '/home/nvidia/rby1_ros2_ws/rby1-ros2/install/rby1_subscriber_pkg/share/rby1_subscriber_pkg/hook/ament_prefix_path.ps1'
[0.910s] INFO:colcon.colcon_core.shell:Creating environment descriptor '/home/nvidia/rby1_ros2_ws/rby1-ros2/install/rby1_subscriber_pkg/share/rby1_subscriber_pkg/hook/ament_prefix_path.dsv'
[0.911s] INFO:colcon.colcon_core.shell:Creating environment hook '/home/nvidia/rby1_ros2_ws/rby1-ros2/install/rby1_subscriber_pkg/share/rby1_subscriber_pkg/hook/ament_prefix_path.sh'
[0.912s] INFO:colcon.colcon_core.shell:Skip shell extension 'powershell' for command environment: Not usable outside of PowerShell
[0.912s] DEBUG:colcon.colcon_core.shell:Skip shell extension 'dsv' for command environment
[0.942s] DEBUG:colcon.colcon_core.event_handler.log_command:Invoking command in '/home/nvidia/rby1_ros2_ws/rby1-ros2/build/rby1_description': CMAKE_PREFIX_PATH=${CMAKE_PREFIX_PATH}:/home/nvidia/rby1_ros2_ws/rby1-ros2/install/rby1_subscriber_pkg:/home/nvidia/rby1_ros2_ws/rby1-ros2/install/rby1_mobile_control:/home/nvidia/ros2_ws/install/pynput_teleop_twist_keyboard:/home/nvidia/ros2_ws/install/launch_param_builder:/home/nvidia/ros2_ws/install/keyboard_joy:/home/nvidia/apriltag_py_ros2/install/apriltag_detector:/home/nvidia/rby1_ros2_ws/install/rby1_subscriber_pkg:/home/nvidia/rby1_ros2_ws/install/rby1_mobile_control:/opt/ros/humble /usr/bin/cmake --build /home/nvidia/rby1_ros2_ws/rby1-ros2/build/rby1_description -- -j8 -l8
[0.948s] DEBUG:colcon.colcon_core.event_handler.log_command:Invoking command in '/home/nvidia/rby1_ros2_ws/rby1-ros2/build/rby1_hardware': CMAKE_PREFIX_PATH=${CMAKE_PREFIX_PATH}:/home/nvidia/rby1_ros2_ws/rby1-ros2/install/rby1_subscriber_pkg:/home/nvidia/rby1_ros2_ws/rby1-ros2/install/rby1_mobile_control:/home/nvidia/ros2_ws/install/pynput_teleop_twist_keyboard:/home/nvidia/ros2_ws/install/launch_param_builder:/home/nvidia/ros2_ws/install/keyboard_joy:/home/nvidia/apriltag_py_ros2/install/apriltag_detector:/home/nvidia/rby1_ros2_ws/install/rby1_subscriber_pkg:/home/nvidia/rby1_ros2_ws/install/rby1_mobile_control:/opt/ros/humble /usr/bin/cmake --build /home/nvidia/rby1_ros2_ws/rby1-ros2/build/rby1_hardware -- -j8 -l8
[1.516s] INFO:colcon.colcon_core.task.python.build:Building Python package in '/home/nvidia/rby1_ros2_ws/rby1-ros2/rby1_mobile_control'
[1.517s] INFO:colcon.colcon_core.shell:Skip shell extension 'powershell' for command environment: Not usable outside of PowerShell
[1.517s] DEBUG:colcon.colcon_core.shell:Skip shell extension 'dsv' for command environment
[1.544s] DEBUG:colcon.colcon_core.event_handler.log_command:Invoked command in '/home/nvidia/rby1_ros2_ws/rby1-ros2/build/rby1_description' returned '0': CMAKE_PREFIX_PATH=${CMAKE_PREFIX_PATH}:/home/nvidia/rby1_ros2_ws/rby1-ros2/install/rby1_subscriber_pkg:/home/nvidia/rby1_ros2_ws/rby1-ros2/install/rby1_mobile_control:/home/nvidia/ros2_ws/install/pynput_teleop_twist_keyboard:/home/nvidia/ros2_ws/install/launch_param_builder:/home/nvidia/ros2_ws/install/keyboard_joy:/home/nvidia/apriltag_py_ros2/install/apriltag_detector:/home/nvidia/rby1_ros2_ws/install/rby1_subscriber_pkg:/home/nvidia/rby1_ros2_ws/install/rby1_mobile_control:/opt/ros/humble /usr/bin/cmake --build /home/nvidia/rby1_ros2_ws/rby1-ros2/build/rby1_description -- -j8 -l8
[1.558s] DEBUG:colcon.colcon_core.event_handler.log_command:Invoking command in '/home/nvidia/rby1_ros2_ws/rby1-ros2/build/rby1_description': CMAKE_PREFIX_PATH=${CMAKE_PREFIX_PATH}:/home/nvidia/rby1_ros2_ws/rby1-ros2/install/rby1_subscriber_pkg:/home/nvidia/rby1_ros2_ws/rby1-ros2/install/rby1_mobile_control:/home/nvidia/ros2_ws/install/pynput_teleop_twist_keyboard:/home/nvidia/ros2_ws/install/launch_param_builder:/home/nvidia/ros2_ws/install/keyboard_joy:/home/nvidia/apriltag_py_ros2/install/apriltag_detector:/home/nvidia/rby1_ros2_ws/install/rby1_subscriber_pkg:/home/nvidia/rby1_ros2_ws/install/rby1_mobile_control:/opt/ros/humble /usr/bin/cmake --install /home/nvidia/rby1_ros2_ws/rby1-ros2/build/rby1_description
[1.559s] DEBUG:colcon.colcon_core.event_handler.log_command:Invoked command in '/home/nvidia/rby1_ros2_ws/rby1-ros2/build/rby1_hardware' returned '0': CMAKE_PREFIX_PATH=${CMAKE_PREFIX_PATH}:/home/nvidia/rby1_ros2_ws/rby1-ros2/install/rby1_subscriber_pkg:/home/nvidia/rby1_ros2_ws/rby1-ros2/install/rby1_mobile_control:/home/nvidia/ros2_ws/install/pynput_teleop_twist_keyboard:/home/nvidia/ros2_ws/install/launch_param_builder:/home/nvidia/ros2_ws/install/keyboard_joy:/home/nvidia/apriltag_py_ros2/install/apriltag_detector:/home/nvidia/rby1_ros2_ws/install/rby1_subscriber_pkg:/home/nvidia/rby1_ros2_ws/install/rby1_mobile_control:/opt/ros/humble /usr/bin/cmake --build /home/nvidia/rby1_ros2_ws/rby1-ros2/build/rby1_hardware -- -j8 -l8
[1.563s] DEBUG:colcon.colcon_core.event_handler.log_command:Invoking command in '/home/nvidia/rby1_ros2_ws/rby1-ros2/build/rby1_hardware': CMAKE_PREFIX_PATH=${CMAKE_PREFIX_PATH}:/home/nvidia/rby1_ros2_ws/rby1-ros2/install/rby1_subscriber_pkg:/home/nvidia/rby1_ros2_ws/rby1-ros2/install/rby1_mobile_control:/home/nvidia/ros2_ws/install/pynput_teleop_twist_keyboard:/home/nvidia/ros2_ws/install/launch_param_builder:/home/nvidia/ros2_ws/install/keyboard_joy:/home/nvidia/apriltag_py_ros2/install/apriltag_detector:/home/nvidia/rby1_ros2_ws/install/rby1_subscriber_pkg:/home/nvidia/rby1_ros2_ws/install/rby1_mobile_control:/opt/ros/humble /usr/bin/cmake --install /home/nvidia/rby1_ros2_ws/rby1-ros2/build/rby1_hardware
[2.119s] INFO:colcon.colcon_core.task.python.build:Building Python package in '/home/nvidia/rby1_ros2_ws/rby1-ros2/rby1_subscriber_pkg'
[2.120s] INFO:colcon.colcon_core.shell:Skip shell extension 'powershell' for command environment: Not usable outside of PowerShell
[2.120s] DEBUG:colcon.colcon_core.shell:Skip shell extension 'dsv' for command environment
[2.179s] Level 1:colcon.colcon_core.environment:create_environment_scripts_only(rby1_description)
[2.191s] Level 1:colcon.colcon_core.environment:checking '/home/nvidia/rby1_ros2_ws/rby1-ros2/install/rby1_description' for CMake module files
[2.193s] Level 1:colcon.colcon_core.environment:checking '/home/nvidia/rby1_ros2_ws/rby1-ros2/install/rby1_description' for CMake config files
[2.195s] Level 1:colcon.colcon_core.shell:create_environment_hook('rby1_description', 'cmake_prefix_path')
[2.196s] INFO:colcon.colcon_core.shell:Creating environment hook '/home/nvidia/rby1_ros2_ws/rby1-ros2/install/rby1_description/share/rby1_description/hook/cmake_prefix_path.ps1'
[2.198s] INFO:colcon.colcon_core.shell:Creating environment descriptor '/home/nvidia/rby1_ros2_ws/rby1-ros2/install/rby1_description/share/rby1_description/hook/cmake_prefix_path.dsv'
[2.199s] INFO:colcon.colcon_core.shell:Creating environment hook '/home/nvidia/rby1_ros2_ws/rby1-ros2/install/rby1_description/share/rby1_description/hook/cmake_prefix_path.sh'
[2.201s] Level 1:colcon.colcon_core.environment:checking '/home/nvidia/rby1_ros2_ws/rby1-ros2/install/rby1_description/bin'
[2.201s] Level 1:colcon.colcon_core.environment:checking '/home/nvidia/rby1_ros2_ws/rby1-ros2/install/rby1_description/lib/pkgconfig/rby1_description.pc'
[2.202s] Level 1:colcon.colcon_core.environment:checking '/home/nvidia/rby1_ros2_ws/rby1-ros2/install/rby1_description/lib/python3.10/site-packages'
[2.202s] Level 1:colcon.colcon_core.environment:checking '/home/nvidia/rby1_ros2_ws/rby1-ros2/install/rby1_description/bin'
[2.203s] INFO:colcon.colcon_core.shell:Creating package script '/home/nvidia/rby1_ros2_ws/rby1-ros2/install/rby1_description/share/rby1_description/package.ps1'
[2.206s] INFO:colcon.colcon_core.shell:Creating package descriptor '/home/nvidia/rby1_ros2_ws/rby1-ros2/install/rby1_description/share/rby1_description/package.dsv'
[2.207s] INFO:colcon.colcon_core.shell:Creating package script '/home/nvidia/rby1_ros2_ws/rby1-ros2/install/rby1_description/share/rby1_description/package.sh'
[2.210s] DEBUG:colcon.colcon_core.event_handler.log_command:Invoked command in '/home/nvidia/rby1_ros2_ws/rby1-ros2/build/rby1_description' returned '0': CMAKE_PREFIX_PATH=${CMAKE_PREFIX_PATH}:/home/nvidia/rby1_ros2_ws/rby1-ros2/install/rby1_subscriber_pkg:/home/nvidia/rby1_ros2_ws/rby1-ros2/install/rby1_mobile_control:/home/nvidia/ros2_ws/install/pynput_teleop_twist_keyboard:/home/nvidia/ros2_ws/install/launch_param_builder:/home/nvidia/ros2_ws/install/keyboard_joy:/home/nvidia/apriltag_py_ros2/install/apriltag_detector:/home/nvidia/rby1_ros2_ws/install/rby1_subscriber_pkg:/home/nvidia/rby1_ros2_ws/install/rby1_mobile_control:/opt/ros/humble /usr/bin/cmake --install /home/nvidia/rby1_ros2_ws/rby1-ros2/build/rby1_description
[2.210s] INFO:colcon.colcon_core.shell:Creating package script '/home/nvidia/rby1_ros2_ws/rby1-ros2/install/rby1_description/share/rby1_description/package.bash'
[2.212s] INFO:colcon.colcon_core.shell:Creating package script '/home/nvidia/rby1_ros2_ws/rby1-ros2/install/rby1_description/share/rby1_description/package.zsh'
[2.214s] Level 1:colcon.colcon_core.environment:create_file_with_runtime_dependencies(/home/nvidia/rby1_ros2_ws/rby1-ros2/install/rby1_description/share/colcon-core/packages/rby1_description)
[2.215s] Level 1:colcon.colcon_core.environment:create_environment_scripts_only(rby1_description)
[2.216s] Level 1:colcon.colcon_core.environment:checking '/home/nvidia/rby1_ros2_ws/rby1-ros2/install/rby1_description' for CMake module files
[2.217s] Level 1:colcon.colcon_core.environment:checking '/home/nvidia/rby1_ros2_ws/rby1-ros2/install/rby1_description' for CMake config files
[2.218s] Level 1:colcon.colcon_core.shell:create_environment_hook('rby1_description', 'cmake_prefix_path')
[2.218s] INFO:colcon.colcon_core.shell:Creating environment hook '/home/nvidia/rby1_ros2_ws/rby1-ros2/install/rby1_description/share/rby1_description/hook/cmake_prefix_path.ps1'
[2.219s] INFO:colcon.colcon_core.shell:Creating environment descriptor '/home/nvidia/rby1_ros2_ws/rby1-ros2/install/rby1_description/share/rby1_description/hook/cmake_prefix_path.dsv'
[2.220s] INFO:colcon.colcon_core.shell:Creating environment hook '/home/nvidia/rby1_ros2_ws/rby1-ros2/install/rby1_description/share/rby1_description/hook/cmake_prefix_path.sh'
[2.221s] Level 1:colcon.colcon_core.environment:checking '/home/nvidia/rby1_ros2_ws/rby1-ros2/install/rby1_description/bin'
[2.222s] Level 1:colcon.colcon_core.environment:checking '/home/nvidia/rby1_ros2_ws/rby1-ros2/install/rby1_description/lib/pkgconfig/rby1_description.pc'
[2.222s] Level 1:colcon.colcon_core.environment:checking '/home/nvidia/rby1_ros2_ws/rby1-ros2/install/rby1_description/lib/python3.10/site-packages'
[2.223s] Level 1:colcon.colcon_core.environment:checking '/home/nvidia/rby1_ros2_ws/rby1-ros2/install/rby1_description/bin'
[2.223s] INFO:colcon.colcon_core.shell:Creating package script '/home/nvidia/rby1_ros2_ws/rby1-ros2/install/rby1_description/share/rby1_description/package.ps1'
[2.225s] INFO:colcon.colcon_core.shell:Creating package descriptor '/home/nvidia/rby1_ros2_ws/rby1-ros2/install/rby1_description/share/rby1_description/package.dsv'
[2.226s] INFO:colcon.colcon_core.shell:Creating package script '/home/nvidia/rby1_ros2_ws/rby1-ros2/install/rby1_description/share/rby1_description/package.sh'
[2.227s] INFO:colcon.colcon_core.shell:Creating package script '/home/nvidia/rby1_ros2_ws/rby1-ros2/install/rby1_description/share/rby1_description/package.bash'
[2.228s] INFO:colcon.colcon_core.shell:Creating package script '/home/nvidia/rby1_ros2_ws/rby1-ros2/install/rby1_description/share/rby1_description/package.zsh'
[2.228s] Level 1:colcon.colcon_core.environment:create_file_with_runtime_dependencies(/home/nvidia/rby1_ros2_ws/rby1-ros2/install/rby1_description/share/colcon-core/packages/rby1_description)
[2.229s] Level 1:colcon.colcon_core.environment:create_environment_scripts_only(rby1_hardware)
[2.230s] Level 1:colcon.colcon_core.environment:checking '/home/nvidia/rby1_ros2_ws/rby1-ros2/install/rby1_hardware' for CMake module files
[2.232s] DEBUG:colcon.colcon_core.event_handler.log_command:Invoked command in '/home/nvidia/rby1_ros2_ws/rby1-ros2/build/rby1_hardware' returned '0': CMAKE_PREFIX_PATH=${CMAKE_PREFIX_PATH}:/home/nvidia/rby1_ros2_ws/rby1-ros2/install/rby1_subscriber_pkg:/home/nvidia/rby1_ros2_ws/rby1-ros2/install/rby1_mobile_control:/home/nvidia/ros2_ws/install/pynput_teleop_twist_keyboard:/home/nvidia/ros2_ws/install/launch_param_builder:/home/nvidia/ros2_ws/install/keyboard_joy:/home/nvidia/apriltag_py_ros2/install/apriltag_detector:/home/nvidia/rby1_ros2_ws/install/rby1_subscriber_pkg:/home/nvidia/rby1_ros2_ws/install/rby1_mobile_control:/opt/ros/humble /usr/bin/cmake --install /home/nvidia/rby1_ros2_ws/rby1-ros2/build/rby1_hardware
[2.232s] Level 1:colcon.colcon_core.environment:checking '/home/nvidia/rby1_ros2_ws/rby1-ros2/install/rby1_hardware' for CMake config files
[2.233s] Level 1:colcon.colcon_core.shell:create_environment_hook('rby1_hardware', 'cmake_prefix_path')
[2.233s] INFO:colcon.colcon_core.shell:Creating environment hook '/home/nvidia/rby1_ros2_ws/rby1-ros2/install/rby1_hardware/share/rby1_hardware/hook/cmake_prefix_path.ps1'
[2.234s] INFO:colcon.colcon_core.shell:Creating environment descriptor '/home/nvidia/rby1_ros2_ws/rby1-ros2/install/rby1_hardware/share/rby1_hardware/hook/cmake_prefix_path.dsv'
[2.235s] INFO:colcon.colcon_core.shell:Creating environment hook '/home/nvidia/rby1_ros2_ws/rby1-ros2/install/rby1_hardware/share/rby1_hardware/hook/cmake_prefix_path.sh'
[2.237s] Level 1:colcon.colcon_core.environment:checking '/home/nvidia/rby1_ros2_ws/rby1-ros2/install/rby1_hardware/lib'
[2.237s] Level 1:colcon.colcon_core.shell:create_environment_hook('rby1_hardware', 'ld_library_path_lib')
[2.238s] INFO:colcon.colcon_core.shell:Creating environment hook '/home/nvidia/rby1_ros2_ws/rby1-ros2/install/rby1_hardware/share/rby1_hardware/hook/ld_library_path_lib.ps1'
[2.239s] INFO:colcon.colcon_core.shell:Creating environment descriptor '/home/nvidia/rby1_ros2_ws/rby1-ros2/install/rby1_hardware/share/rby1_hardware/hook/ld_library_path_lib.dsv'
[2.240s] INFO:colcon.colcon_core.shell:Creating environment hook '/home/nvidia/rby1_ros2_ws/rby1-ros2/install/rby1_hardware/share/rby1_hardware/hook/ld_library_path_lib.sh'
[2.241s] Level 1:colcon.colcon_core.environment:checking '/home/nvidia/rby1_ros2_ws/rby1-ros2/install/rby1_hardware/bin'
[2.241s] Level 1:colcon.colcon_core.environment:checking '/home/nvidia/rby1_ros2_ws/rby1-ros2/install/rby1_hardware/lib/pkgconfig/rby1_hardware.pc'
[2.242s] Level 1:colcon.colcon_core.environment:checking '/home/nvidia/rby1_ros2_ws/rby1-ros2/install/rby1_hardware/lib/python3.10/site-packages'
[2.242s] Level 1:colcon.colcon_core.environment:checking '/home/nvidia/rby1_ros2_ws/rby1-ros2/install/rby1_hardware/bin'
[2.243s] INFO:colcon.colcon_core.shell:Creating package script '/home/nvidia/rby1_ros2_ws/rby1-ros2/install/rby1_hardware/share/rby1_hardware/package.ps1'
[2.244s] INFO:colcon.colcon_core.shell:Creating package descriptor '/home/nvidia/rby1_ros2_ws/rby1-ros2/install/rby1_hardware/share/rby1_hardware/package.dsv'
[2.245s] INFO:colcon.colcon_core.shell:Creating package script '/home/nvidia/rby1_ros2_ws/rby1-ros2/install/rby1_hardware/share/rby1_hardware/package.sh'
[2.246s] INFO:colcon.colcon_core.shell:Creating package script '/home/nvidia/rby1_ros2_ws/rby1-ros2/install/rby1_hardware/share/rby1_hardware/package.bash'
[2.247s] INFO:colcon.colcon_core.shell:Creating package script '/home/nvidia/rby1_ros2_ws/rby1-ros2/install/rby1_hardware/share/rby1_hardware/package.zsh'
[2.248s] Level 1:colcon.colcon_core.environment:create_file_with_runtime_dependencies(/home/nvidia/rby1_ros2_ws/rby1-ros2/install/rby1_hardware/share/colcon-core/packages/rby1_hardware)
[2.249s] Level 1:colcon.colcon_core.environment:create_environment_scripts_only(rby1_hardware)
[2.249s] Level 1:colcon.colcon_core.environment:checking '/home/nvidia/rby1_ros2_ws/rby1-ros2/install/rby1_hardware' for CMake module files
[2.250s] Level 1:colcon.colcon_core.environment:checking '/home/nvidia/rby1_ros2_ws/rby1-ros2/install/rby1_hardware' for CMake config files
[2.251s] Level 1:colcon.colcon_core.shell:create_environment_hook('rby1_hardware', 'cmake_prefix_path')
[2.251s] INFO:colcon.colcon_core.shell:Creating environment hook '/home/nvidia/rby1_ros2_ws/rby1-ros2/install/rby1_hardware/share/rby1_hardware/hook/cmake_prefix_path.ps1'
[2.252s] INFO:colcon.colcon_core.shell:Creating environment descriptor '/home/nvidia/rby1_ros2_ws/rby1-ros2/install/rby1_hardware/share/rby1_hardware/hook/cmake_prefix_path.dsv'
[2.253s] INFO:colcon.colcon_core.shell:Creating environment hook '/home/nvidia/rby1_ros2_ws/rby1-ros2/install/rby1_hardware/share/rby1_hardware/hook/cmake_prefix_path.sh'
[2.254s] Level 1:colcon.colcon_core.environment:checking '/home/nvidia/rby1_ros2_ws/rby1-ros2/install/rby1_hardware/lib'
[2.254s] Level 1:colcon.colcon_core.shell:create_environment_hook('rby1_hardware', 'ld_library_path_lib')
[2.255s] INFO:colcon.colcon_core.shell:Creating environment hook '/home/nvidia/rby1_ros2_ws/rby1-ros2/install/rby1_hardware/share/rby1_hardware/hook/ld_library_path_lib.ps1'
[2.255s] INFO:colcon.colcon_core.shell:Creating environment descriptor '/home/nvidia/rby1_ros2_ws/rby1-ros2/install/rby1_hardware/share/rby1_hardware/hook/ld_library_path_lib.dsv'
[2.256s] INFO:colcon.colcon_core.shell:Creating environment hook '/home/nvidia/rby1_ros2_ws/rby1-ros2/install/rby1_hardware/share/rby1_hardware/hook/ld_library_path_lib.sh'
[2.257s] Level 1:colcon.colcon_core.environment:checking '/home/nvidia/rby1_ros2_ws/rby1-ros2/install/rby1_hardware/bin'
[2.257s] Level 1:colcon.colcon_core.environment:checking '/home/nvidia/rby1_ros2_ws/rby1-ros2/install/rby1_hardware/lib/pkgconfig/rby1_hardware.pc'
[2.258s] Level 1:colcon.colcon_core.environment:checking '/home/nvidia/rby1_ros2_ws/rby1-ros2/install/rby1_hardware/lib/python3.10/site-packages'
[2.258s] Level 1:colcon.colcon_core.environment:checking '/home/nvidia/rby1_ros2_ws/rby1-ros2/install/rby1_hardware/bin'
[2.259s] INFO:colcon.colcon_core.shell:Creating package script '/home/nvidia/rby1_ros2_ws/rby1-ros2/install/rby1_hardware/share/rby1_hardware/package.ps1'
[2.260s] INFO:colcon.colcon_core.shell:Creating package descriptor '/home/nvidia/rby1_ros2_ws/rby1-ros2/install/rby1_hardware/share/rby1_hardware/package.dsv'
[2.261s] INFO:colcon.colcon_core.shell:Creating package script '/home/nvidia/rby1_ros2_ws/rby1-ros2/install/rby1_hardware/share/rby1_hardware/package.sh'
[2.262s] INFO:colcon.colcon_core.shell:Creating package script '/home/nvidia/rby1_ros2_ws/rby1-ros2/install/rby1_hardware/share/rby1_hardware/package.bash'
[2.262s] INFO:colcon.colcon_core.shell:Creating package script '/home/nvidia/rby1_ros2_ws/rby1-ros2/install/rby1_hardware/share/rby1_hardware/package.zsh'
[2.263s] Level 1:colcon.colcon_core.environment:create_file_with_runtime_dependencies(/home/nvidia/rby1_ros2_ws/rby1-ros2/install/rby1_hardware/share/colcon-core/packages/rby1_hardware)
[2.264s] INFO:colcon.colcon_ros.task.ament_cmake.build:Building ROS package in '/home/nvidia/rby1_ros2_ws/rby1-ros2/rby1_moveit_config' with build type 'ament_cmake'
[2.265s] INFO:colcon.colcon_cmake.task.cmake.build:Building CMake package in '/home/nvidia/rby1_ros2_ws/rby1-ros2/rby1_moveit_config'
[2.265s] INFO:colcon.colcon_core.shell:Skip shell extension 'powershell' for command environment: Not usable outside of PowerShell
[2.266s] DEBUG:colcon.colcon_core.shell:Skip shell extension 'dsv' for command environment
[2.299s] DEBUG:colcon.colcon_core.event_handler.log_command:Invoking command in '/home/nvidia/rby1_ros2_ws/rby1-ros2/build/rby1_moveit_config': CMAKE_PREFIX_PATH=/home/nvidia/rby1_ros2_ws/rby1-ros2/install/rby1_description:/home/nvidia/rby1_ros2_ws/rby1-ros2/install/rby1_bringup:/home/nvidia/rby1_ros2_ws/rby1-ros2/install/rby1_moveit_config:/home/nvidia/rby1_ros2_ws/rby1-ros2/install/rby1_hardware:/home/nvidia/lidar_merger_ws/install/multi-laserscan-toolbox-ros2:/home/nvidia/lidar_ws/src/install/lakibeam1:/home/nvidia/ros2_ws/install/zed_ros2:/home/nvidia/ros2_ws/install/zed_wrapper:/home/nvidia/ros2_ws/install/zed_components:/home/nvidia/ros2_ws/install/wiimote:/home/nvidia/ros2_ws/install/wiimote_msgs:/home/nvidia/ros2_ws/install/test_ros_gz_bridge:/home/nvidia/ros2_ws/install/tcp_tunnel:/home/nvidia/ros2_ws/install/srdfdom:/home/nvidia/ros2_ws/install/spacenav:/home/nvidia/ros2_ws/install/joy:/home/nvidia/ros2_ws/install/sdl2_vendor:/home/nvidia/ros2_ws/install/rosparam_shortcuts:/home/nvidia/ros2_ws/install/ros_ign_interfaces:/home/nvidia/ros2_ws/install/ros_ign:/home/nvidia/ros2_ws/install/ros_ign_image:/home/nvidia/ros2_ws/install/ros_ign_gazebo_demos:/home/nvidia/ros2_ws/install/ros_ign_gazebo:/home/nvidia/ros2_ws/install/ros_ign_bridge:/home/nvidia/ros2_ws/install/ros_gz:/home/nvidia/ros2_ws/install/ros_gz_sim_demos:/home/nvidia/ros2_ws/install/rby1_nva_description:/home/nvidia/ros2_ws/install/ros_gz_sim:/home/nvidia/ros2_ws/install/ros_gz_image:/home/nvidia/ros2_ws/install/ros_gz_bridge:/home/nvidia/ros2_ws/install/ros_gz_interfaces:/home/nvidia/ros2_ws/install/rby1_robot_state:/home/nvidia/ros2_ws/install/rby1_movement:/home/nvidia/ros2_ws/install/rby1_moveit_client:/home/nvidia/ros2_ws/install/rby1_base_movement:/home/nvidia/ros2_ws/install/rby1_arm_movement:/home/nvidia/ros2_ws/install/keyboard:/home/nvidia/ros2_ws/install/keyboard_msgs:/home/nvidia/ros2_ws/install/joy_linux:/home/nvidia/ros2_ws/install/apriltag:/home/nvidia/apriltag_ros2_ws/install/apriltag_ros:/home/nvidia/apriltag_ros2_ws/install/apriltag_msgs:/home/nvidia/apriltag_ros2_ws/install/apriltag:/home/nvidia/ros2_ws/src/rby1_base_movement/install/rby1_base_movement:/home/nvidia/rby1_ros2_ws/install/rby1_bringup:/home/nvidia/rby1_ros2_ws/install/rby1_moveit_config:/home/nvidia/rby1_ros2_ws/install/rby1_hardware:/home/nvidia/rby1_ros2_ws/install/rby1_description:/home/nvidia/ros2_ws/src/rby1_arm_movement/install/rby1_arm_movement:/home/nvidia/ros2_ws/src/rby1_movement/install/rby1_movement:/home/nvidia/ros2_ws/src/ros2-keyboard/keyboard/install/keyboard:/home/nvidia/ros2_ws/src/rby1_nva_description/install/rby1_nva_description:/home/nvidia/rby1_ros2_ws/rby1-ros2/install/rby1_subscriber_pkg:/home/nvidia/rby1_ros2_ws/rby1-ros2/install/rby1_mobile_control:/home/nvidia/ros2_ws/install/pynput_teleop_twist_keyboard:/home/nvidia/ros2_ws/install/launch_param_builder:/home/nvidia/ros2_ws/install/keyboard_joy:/home/nvidia/apriltag_py_ros2/install/apriltag_detector:/home/nvidia/rby1_ros2_ws/install/rby1_subscriber_pkg:/home/nvidia/rby1_ros2_ws/install/rby1_mobile_control:/opt/ros/humble /usr/bin/cmake --build /home/nvidia/rby1_ros2_ws/rby1-ros2/build/rby1_moveit_config -- -j8 -l8
[2.336s] DEBUG:colcon.colcon_core.event_handler.log_command:Invoked command in '/home/nvidia/rby1_ros2_ws/rby1-ros2/build/rby1_moveit_config' returned '0': CMAKE_PREFIX_PATH=/home/nvidia/rby1_ros2_ws/rby1-ros2/install/rby1_description:/home/nvidia/rby1_ros2_ws/rby1-ros2/install/rby1_bringup:/home/nvidia/rby1_ros2_ws/rby1-ros2/install/rby1_moveit_config:/home/nvidia/rby1_ros2_ws/rby1-ros2/install/rby1_hardware:/home/nvidia/lidar_merger_ws/install/multi-laserscan-toolbox-ros2:/home/nvidia/lidar_ws/src/install/lakibeam1:/home/nvidia/ros2_ws/install/zed_ros2:/home/nvidia/ros2_ws/install/zed_wrapper:/home/nvidia/ros2_ws/install/zed_components:/home/nvidia/ros2_ws/install/wiimote:/home/nvidia/ros2_ws/install/wiimote_msgs:/home/nvidia/ros2_ws/install/test_ros_gz_bridge:/home/nvidia/ros2_ws/install/tcp_tunnel:/home/nvidia/ros2_ws/install/srdfdom:/home/nvidia/ros2_ws/install/spacenav:/home/nvidia/ros2_ws/install/joy:/home/nvidia/ros2_ws/install/sdl2_vendor:/home/nvidia/ros2_ws/install/rosparam_shortcuts:/home/nvidia/ros2_ws/install/ros_ign_interfaces:/home/nvidia/ros2_ws/install/ros_ign:/home/nvidia/ros2_ws/install/ros_ign_image:/home/nvidia/ros2_ws/install/ros_ign_gazebo_demos:/home/nvidia/ros2_ws/install/ros_ign_gazebo:/home/nvidia/ros2_ws/install/ros_ign_bridge:/home/nvidia/ros2_ws/install/ros_gz:/home/nvidia/ros2_ws/install/ros_gz_sim_demos:/home/nvidia/ros2_ws/install/rby1_nva_description:/home/nvidia/ros2_ws/install/ros_gz_sim:/home/nvidia/ros2_ws/install/ros_gz_image:/home/nvidia/ros2_ws/install/ros_gz_bridge:/home/nvidia/ros2_ws/install/ros_gz_interfaces:/home/nvidia/ros2_ws/install/rby1_robot_state:/home/nvidia/ros2_ws/install/rby1_movement:/home/nvidia/ros2_ws/install/rby1_moveit_client:/home/nvidia/ros2_ws/install/rby1_base_movement:/home/nvidia/ros2_ws/install/rby1_arm_movement:/home/nvidia/ros2_ws/install/keyboard:/home/nvidia/ros2_ws/install/keyboard_msgs:/home/nvidia/ros2_ws/install/joy_linux:/home/nvidia/ros2_ws/install/apriltag:/home/nvidia/apriltag_ros2_ws/install/apriltag_ros:/home/nvidia/apriltag_ros2_ws/install/apriltag_msgs:/home/nvidia/apriltag_ros2_ws/install/apriltag:/home/nvidia/ros2_ws/src/rby1_base_movement/install/rby1_base_movement:/home/nvidia/rby1_ros2_ws/install/rby1_bringup:/home/nvidia/rby1_ros2_ws/install/rby1_moveit_config:/home/nvidia/rby1_ros2_ws/install/rby1_hardware:/home/nvidia/rby1_ros2_ws/install/rby1_description:/home/nvidia/ros2_ws/src/rby1_arm_movement/install/rby1_arm_movement:/home/nvidia/ros2_ws/src/rby1_movement/install/rby1_movement:/home/nvidia/ros2_ws/src/ros2-keyboard/keyboard/install/keyboard:/home/nvidia/ros2_ws/src/rby1_nva_description/install/rby1_nva_description:/home/nvidia/rby1_ros2_ws/rby1-ros2/install/rby1_subscriber_pkg:/home/nvidia/rby1_ros2_ws/rby1-ros2/install/rby1_mobile_control:/home/nvidia/ros2_ws/install/pynput_teleop_twist_keyboard:/home/nvidia/ros2_ws/install/launch_param_builder:/home/nvidia/ros2_ws/install/keyboard_joy:/home/nvidia/apriltag_py_ros2/install/apriltag_detector:/home/nvidia/rby1_ros2_ws/install/rby1_subscriber_pkg:/home/nvidia/rby1_ros2_ws/install/rby1_mobile_control:/opt/ros/humble /usr/bin/cmake --build /home/nvidia/rby1_ros2_ws/rby1-ros2/build/rby1_moveit_config -- -j8 -l8
[2.340s] DEBUG:colcon.colcon_core.event_handler.log_command:Invoking command in '/home/nvidia/rby1_ros2_ws/rby1-ros2/build/rby1_moveit_config': CMAKE_PREFIX_PATH=/home/nvidia/rby1_ros2_ws/rby1-ros2/install/rby1_description:/home/nvidia/rby1_ros2_ws/rby1-ros2/install/rby1_bringup:/home/nvidia/rby1_ros2_ws/rby1-ros2/install/rby1_moveit_config:/home/nvidia/rby1_ros2_ws/rby1-ros2/install/rby1_hardware:/home/nvidia/lidar_merger_ws/install/multi-laserscan-toolbox-ros2:/home/nvidia/lidar_ws/src/install/lakibeam1:/home/nvidia/ros2_ws/install/zed_ros2:/home/nvidia/ros2_ws/install/zed_wrapper:/home/nvidia/ros2_ws/install/zed_components:/home/nvidia/ros2_ws/install/wiimote:/home/nvidia/ros2_ws/install/wiimote_msgs:/home/nvidia/ros2_ws/install/test_ros_gz_bridge:/home/nvidia/ros2_ws/install/tcp_tunnel:/home/nvidia/ros2_ws/install/srdfdom:/home/nvidia/ros2_ws/install/spacenav:/home/nvidia/ros2_ws/install/joy:/home/nvidia/ros2_ws/install/sdl2_vendor:/home/nvidia/ros2_ws/install/rosparam_shortcuts:/home/nvidia/ros2_ws/install/ros_ign_interfaces:/home/nvidia/ros2_ws/install/ros_ign:/home/nvidia/ros2_ws/install/ros_ign_image:/home/nvidia/ros2_ws/install/ros_ign_gazebo_demos:/home/nvidia/ros2_ws/install/ros_ign_gazebo:/home/nvidia/ros2_ws/install/ros_ign_bridge:/home/nvidia/ros2_ws/install/ros_gz:/home/nvidia/ros2_ws/install/ros_gz_sim_demos:/home/nvidia/ros2_ws/install/rby1_nva_description:/home/nvidia/ros2_ws/install/ros_gz_sim:/home/nvidia/ros2_ws/install/ros_gz_image:/home/nvidia/ros2_ws/install/ros_gz_bridge:/home/nvidia/ros2_ws/install/ros_gz_interfaces:/home/nvidia/ros2_ws/install/rby1_robot_state:/home/nvidia/ros2_ws/install/rby1_movement:/home/nvidia/ros2_ws/install/rby1_moveit_client:/home/nvidia/ros2_ws/install/rby1_base_movement:/home/nvidia/ros2_ws/install/rby1_arm_movement:/home/nvidia/ros2_ws/install/keyboard:/home/nvidia/ros2_ws/install/keyboard_msgs:/home/nvidia/ros2_ws/install/joy_linux:/home/nvidia/ros2_ws/install/apriltag:/home/nvidia/apriltag_ros2_ws/install/apriltag_ros:/home/nvidia/apriltag_ros2_ws/install/apriltag_msgs:/home/nvidia/apriltag_ros2_ws/install/apriltag:/home/nvidia/ros2_ws/src/rby1_base_movement/install/rby1_base_movement:/home/nvidia/rby1_ros2_ws/install/rby1_bringup:/home/nvidia/rby1_ros2_ws/install/rby1_moveit_config:/home/nvidia/rby1_ros2_ws/install/rby1_hardware:/home/nvidia/rby1_ros2_ws/install/rby1_description:/home/nvidia/ros2_ws/src/rby1_arm_movement/install/rby1_arm_movement:/home/nvidia/ros2_ws/src/rby1_movement/install/rby1_movement:/home/nvidia/ros2_ws/src/ros2-keyboard/keyboard/install/keyboard:/home/nvidia/ros2_ws/src/rby1_nva_description/install/rby1_nva_description:/home/nvidia/rby1_ros2_ws/rby1-ros2/install/rby1_subscriber_pkg:/home/nvidia/rby1_ros2_ws/rby1-ros2/install/rby1_mobile_control:/home/nvidia/ros2_ws/install/pynput_teleop_twist_keyboard:/home/nvidia/ros2_ws/install/launch_param_builder:/home/nvidia/ros2_ws/install/keyboard_joy:/home/nvidia/apriltag_py_ros2/install/apriltag_detector:/home/nvidia/rby1_ros2_ws/install/rby1_subscriber_pkg:/home/nvidia/rby1_ros2_ws/install/rby1_mobile_control:/opt/ros/humble /usr/bin/cmake --install /home/nvidia/rby1_ros2_ws/rby1-ros2/build/rby1_moveit_config
[2.353s] Level 1:colcon.colcon_core.environment:create_environment_scripts_only(rby1_moveit_config)
[2.354s] Level 1:colcon.colcon_core.environment:checking '/home/nvidia/rby1_ros2_ws/rby1-ros2/install/rby1_moveit_config' for CMake module files
[2.358s] DEBUG:colcon.colcon_core.event_handler.log_command:Invoked command in '/home/nvidia/rby1_ros2_ws/rby1-ros2/build/rby1_moveit_config' returned '0': CMAKE_PREFIX_PATH=/home/nvidia/rby1_ros2_ws/rby1-ros2/install/rby1_description:/home/nvidia/rby1_ros2_ws/rby1-ros2/install/rby1_bringup:/home/nvidia/rby1_ros2_ws/rby1-ros2/install/rby1_moveit_config:/home/nvidia/rby1_ros2_ws/rby1-ros2/install/rby1_hardware:/home/nvidia/lidar_merger_ws/install/multi-laserscan-toolbox-ros2:/home/nvidia/lidar_ws/src/install/lakibeam1:/home/nvidia/ros2_ws/install/zed_ros2:/home/nvidia/ros2_ws/install/zed_wrapper:/home/nvidia/ros2_ws/install/zed_components:/home/nvidia/ros2_ws/install/wiimote:/home/nvidia/ros2_ws/install/wiimote_msgs:/home/nvidia/ros2_ws/install/test_ros_gz_bridge:/home/nvidia/ros2_ws/install/tcp_tunnel:/home/nvidia/ros2_ws/install/srdfdom:/home/nvidia/ros2_ws/install/spacenav:/home/nvidia/ros2_ws/install/joy:/home/nvidia/ros2_ws/install/sdl2_vendor:/home/nvidia/ros2_ws/install/rosparam_shortcuts:/home/nvidia/ros2_ws/install/ros_ign_interfaces:/home/nvidia/ros2_ws/install/ros_ign:/home/nvidia/ros2_ws/install/ros_ign_image:/home/nvidia/ros2_ws/install/ros_ign_gazebo_demos:/home/nvidia/ros2_ws/install/ros_ign_gazebo:/home/nvidia/ros2_ws/install/ros_ign_bridge:/home/nvidia/ros2_ws/install/ros_gz:/home/nvidia/ros2_ws/install/ros_gz_sim_demos:/home/nvidia/ros2_ws/install/rby1_nva_description:/home/nvidia/ros2_ws/install/ros_gz_sim:/home/nvidia/ros2_ws/install/ros_gz_image:/home/nvidia/ros2_ws/install/ros_gz_bridge:/home/nvidia/ros2_ws/install/ros_gz_interfaces:/home/nvidia/ros2_ws/install/rby1_robot_state:/home/nvidia/ros2_ws/install/rby1_movement:/home/nvidia/ros2_ws/install/rby1_moveit_client:/home/nvidia/ros2_ws/install/rby1_base_movement:/home/nvidia/ros2_ws/install/rby1_arm_movement:/home/nvidia/ros2_ws/install/keyboard:/home/nvidia/ros2_ws/install/keyboard_msgs:/home/nvidia/ros2_ws/install/joy_linux:/home/nvidia/ros2_ws/install/apriltag:/home/nvidia/apriltag_ros2_ws/install/apriltag_ros:/home/nvidia/apriltag_ros2_ws/install/apriltag_msgs:/home/nvidia/apriltag_ros2_ws/install/apriltag:/home/nvidia/ros2_ws/src/rby1_base_movement/install/rby1_base_movement:/home/nvidia/rby1_ros2_ws/install/rby1_bringup:/home/nvidia/rby1_ros2_ws/install/rby1_moveit_config:/home/nvidia/rby1_ros2_ws/install/rby1_hardware:/home/nvidia/rby1_ros2_ws/install/rby1_description:/home/nvidia/ros2_ws/src/rby1_arm_movement/install/rby1_arm_movement:/home/nvidia/ros2_ws/src/rby1_movement/install/rby1_movement:/home/nvidia/ros2_ws/src/ros2-keyboard/keyboard/install/keyboard:/home/nvidia/ros2_ws/src/rby1_nva_description/install/rby1_nva_description:/home/nvidia/rby1_ros2_ws/rby1-ros2/install/rby1_subscriber_pkg:/home/nvidia/rby1_ros2_ws/rby1-ros2/install/rby1_mobile_control:/home/nvidia/ros2_ws/install/pynput_teleop_twist_keyboard:/home/nvidia/ros2_ws/install/launch_param_builder:/home/nvidia/ros2_ws/install/keyboard_joy:/home/nvidia/apriltag_py_ros2/install/apriltag_detector:/home/nvidia/rby1_ros2_ws/install/rby1_subscriber_pkg:/home/nvidia/rby1_ros2_ws/install/rby1_mobile_control:/opt/ros/humble /usr/bin/cmake --install /home/nvidia/rby1_ros2_ws/rby1-ros2/build/rby1_moveit_config
[2.359s] Level 1:colcon.colcon_core.environment:checking '/home/nvidia/rby1_ros2_ws/rby1-ros2/install/rby1_moveit_config' for CMake config files
[2.359s] Level 1:colcon.colcon_core.shell:create_environment_hook('rby1_moveit_config', 'cmake_prefix_path')
[2.360s] INFO:colcon.colcon_core.shell:Creating environment hook '/home/nvidia/rby1_ros2_ws/rby1-ros2/install/rby1_moveit_config/share/rby1_moveit_config/hook/cmake_prefix_path.ps1'
[2.361s] INFO:colcon.colcon_core.shell:Creating environment descriptor '/home/nvidia/rby1_ros2_ws/rby1-ros2/install/rby1_moveit_config/share/rby1_moveit_config/hook/cmake_prefix_path.dsv'
[2.362s] INFO:colcon.colcon_core.shell:Creating environment hook '/home/nvidia/rby1_ros2_ws/rby1-ros2/install/rby1_moveit_config/share/rby1_moveit_config/hook/cmake_prefix_path.sh'
[2.363s] Level 1:colcon.colcon_core.environment:checking '/home/nvidia/rby1_ros2_ws/rby1-ros2/install/rby1_moveit_config/lib'
[2.363s] Level 1:colcon.colcon_core.environment:checking '/home/nvidia/rby1_ros2_ws/rby1-ros2/install/rby1_moveit_config/bin'
[2.363s] Level 1:colcon.colcon_core.environment:checking '/home/nvidia/rby1_ros2_ws/rby1-ros2/install/rby1_moveit_config/lib/pkgconfig/rby1_moveit_config.pc'
[2.364s] Level 1:colcon.colcon_core.environment:checking '/home/nvidia/rby1_ros2_ws/rby1-ros2/install/rby1_moveit_config/lib/python3.10/site-packages'
[2.364s] Level 1:colcon.colcon_core.environment:checking '/home/nvidia/rby1_ros2_ws/rby1-ros2/install/rby1_moveit_config/bin'
[2.365s] INFO:colcon.colcon_core.shell:Creating package script '/home/nvidia/rby1_ros2_ws/rby1-ros2/install/rby1_moveit_config/share/rby1_moveit_config/package.ps1'
[2.366s] INFO:colcon.colcon_core.shell:Creating package descriptor '/home/nvidia/rby1_ros2_ws/rby1-ros2/install/rby1_moveit_config/share/rby1_moveit_config/package.dsv'
[2.367s] INFO:colcon.colcon_core.shell:Creating package script '/home/nvidia/rby1_ros2_ws/rby1-ros2/install/rby1_moveit_config/share/rby1_moveit_config/package.sh'
[2.368s] INFO:colcon.colcon_core.shell:Creating package script '/home/nvidia/rby1_ros2_ws/rby1-ros2/install/rby1_moveit_config/share/rby1_moveit_config/package.bash'
[2.369s] INFO:colcon.colcon_core.shell:Creating package script '/home/nvidia/rby1_ros2_ws/rby1-ros2/install/rby1_moveit_config/share/rby1_moveit_config/package.zsh'
[2.370s] Level 1:colcon.colcon_core.environment:create_file_with_runtime_dependencies(/home/nvidia/rby1_ros2_ws/rby1-ros2/install/rby1_moveit_config/share/colcon-core/packages/rby1_moveit_config)
[2.371s] Level 1:colcon.colcon_core.environment:create_environment_scripts_only(rby1_moveit_config)
[2.371s] Level 1:colcon.colcon_core.environment:checking '/home/nvidia/rby1_ros2_ws/rby1-ros2/install/rby1_moveit_config' for CMake module files
[2.372s] Level 1:colcon.colcon_core.environment:checking '/home/nvidia/rby1_ros2_ws/rby1-ros2/install/rby1_moveit_config' for CMake config files
[2.373s] Level 1:colcon.colcon_core.shell:create_environment_hook('rby1_moveit_config', 'cmake_prefix_path')
[2.373s] INFO:colcon.colcon_core.shell:Creating environment hook '/home/nvidia/rby1_ros2_ws/rby1-ros2/install/rby1_moveit_config/share/rby1_moveit_config/hook/cmake_prefix_path.ps1'
[2.374s] INFO:colcon.colcon_core.shell:Creating environment descriptor '/home/nvidia/rby1_ros2_ws/rby1-ros2/install/rby1_moveit_config/share/rby1_moveit_config/hook/cmake_prefix_path.dsv'
[2.375s] INFO:colcon.colcon_core.shell:Creating environment hook '/home/nvidia/rby1_ros2_ws/rby1-ros2/install/rby1_moveit_config/share/rby1_moveit_config/hook/cmake_prefix_path.sh'
[2.376s] Level 1:colcon.colcon_core.environment:checking '/home/nvidia/rby1_ros2_ws/rby1-ros2/install/rby1_moveit_config/lib'
[2.376s] Level 1:colcon.colcon_core.environment:checking '/home/nvidia/rby1_ros2_ws/rby1-ros2/install/rby1_moveit_config/bin'
[2.376s] Level 1:colcon.colcon_core.environment:checking '/home/nvidia/rby1_ros2_ws/rby1-ros2/install/rby1_moveit_config/lib/pkgconfig/rby1_moveit_config.pc'
[2.377s] Level 1:colcon.colcon_core.environment:checking '/home/nvidia/rby1_ros2_ws/rby1-ros2/install/rby1_moveit_config/lib/python3.10/site-packages'
[2.377s] Level 1:colcon.colcon_core.environment:checking '/home/nvidia/rby1_ros2_ws/rby1-ros2/install/rby1_moveit_config/bin'
[2.378s] INFO:colcon.colcon_core.shell:Creating package script '/home/nvidia/rby1_ros2_ws/rby1-ros2/install/rby1_moveit_config/share/rby1_moveit_config/package.ps1'
[2.379s] INFO:colcon.colcon_core.shell:Creating package descriptor '/home/nvidia/rby1_ros2_ws/rby1-ros2/install/rby1_moveit_config/share/rby1_moveit_config/package.dsv'
[2.380s] INFO:colcon.colcon_core.shell:Creating package script '/home/nvidia/rby1_ros2_ws/rby1-ros2/install/rby1_moveit_config/share/rby1_moveit_config/package.sh'
[2.381s] INFO:colcon.colcon_core.shell:Creating package script '/home/nvidia/rby1_ros2_ws/rby1-ros2/install/rby1_moveit_config/share/rby1_moveit_config/package.bash'
[2.382s] INFO:colcon.colcon_core.shell:Creating package script '/home/nvidia/rby1_ros2_ws/rby1-ros2/install/rby1_moveit_config/share/rby1_moveit_config/package.zsh'
[2.382s] Level 1:colcon.colcon_core.environment:create_file_with_runtime_dependencies(/home/nvidia/rby1_ros2_ws/rby1-ros2/install/rby1_moveit_config/share/colcon-core/packages/rby1_moveit_config)
[2.383s] INFO:colcon.colcon_ros.task.ament_cmake.build:Building ROS package in '/home/nvidia/rby1_ros2_ws/rby1-ros2/rby1_bringup' with build type 'ament_cmake'
[2.384s] INFO:colcon.colcon_cmake.task.cmake.build:Building CMake package in '/home/nvidia/rby1_ros2_ws/rby1-ros2/rby1_bringup'
[2.384s] INFO:colcon.colcon_core.shell:Skip shell extension 'powershell' for command environment: Not usable outside of PowerShell
[2.384s] DEBUG:colcon.colcon_core.shell:Skip shell extension 'dsv' for command environment
[2.422s] DEBUG:colcon.colcon_core.event_handler.log_command:Invoking command in '/home/nvidia/rby1_ros2_ws/rby1-ros2/build/rby1_bringup': CMAKE_PREFIX_PATH=/home/nvidia/rby1_ros2_ws/rby1-ros2/install/rby1_moveit_config:/home/nvidia/rby1_ros2_ws/rby1-ros2/install/rby1_hardware:/home/nvidia/rby1_ros2_ws/rby1-ros2/install/rby1_description:/home/nvidia/rby1_ros2_ws/rby1-ros2/install/rby1_bringup:/home/nvidia/lidar_merger_ws/install/multi-laserscan-toolbox-ros2:/home/nvidia/lidar_ws/src/install/lakibeam1:/home/nvidia/ros2_ws/install/zed_ros2:/home/nvidia/ros2_ws/install/zed_wrapper:/home/nvidia/ros2_ws/install/zed_components:/home/nvidia/ros2_ws/install/wiimote:/home/nvidia/ros2_ws/install/wiimote_msgs:/home/nvidia/ros2_ws/install/test_ros_gz_bridge:/home/nvidia/ros2_ws/install/tcp_tunnel:/home/nvidia/ros2_ws/install/srdfdom:/home/nvidia/ros2_ws/install/spacenav:/home/nvidia/ros2_ws/install/joy:/home/nvidia/ros2_ws/install/sdl2_vendor:/home/nvidia/ros2_ws/install/rosparam_shortcuts:/home/nvidia/ros2_ws/install/ros_ign_interfaces:/home/nvidia/ros2_ws/install/ros_ign:/home/nvidia/ros2_ws/install/ros_ign_image:/home/nvidia/ros2_ws/install/ros_ign_gazebo_demos:/home/nvidia/ros2_ws/install/ros_ign_gazebo:/home/nvidia/ros2_ws/install/ros_ign_bridge:/home/nvidia/ros2_ws/install/ros_gz:/home/nvidia/ros2_ws/install/ros_gz_sim_demos:/home/nvidia/ros2_ws/install/rby1_nva_description:/home/nvidia/ros2_ws/install/ros_gz_sim:/home/nvidia/ros2_ws/install/ros_gz_image:/home/nvidia/ros2_ws/install/ros_gz_bridge:/home/nvidia/ros2_ws/install/ros_gz_interfaces:/home/nvidia/ros2_ws/install/rby1_robot_state:/home/nvidia/ros2_ws/install/rby1_movement:/home/nvidia/ros2_ws/install/rby1_moveit_client:/home/nvidia/ros2_ws/install/rby1_base_movement:/home/nvidia/ros2_ws/install/rby1_arm_movement:/home/nvidia/ros2_ws/install/keyboard:/home/nvidia/ros2_ws/install/keyboard_msgs:/home/nvidia/ros2_ws/install/joy_linux:/home/nvidia/ros2_ws/install/apriltag:/home/nvidia/apriltag_ros2_ws/install/apriltag_ros:/home/nvidia/apriltag_ros2_ws/install/apriltag_msgs:/home/nvidia/apriltag_ros2_ws/install/apriltag:/home/nvidia/ros2_ws/src/rby1_base_movement/install/rby1_base_movement:/home/nvidia/rby1_ros2_ws/install/rby1_bringup:/home/nvidia/rby1_ros2_ws/install/rby1_moveit_config:/home/nvidia/rby1_ros2_ws/install/rby1_hardware:/home/nvidia/rby1_ros2_ws/install/rby1_description:/home/nvidia/ros2_ws/src/rby1_arm_movement/install/rby1_arm_movement:/home/nvidia/ros2_ws/src/rby1_movement/install/rby1_movement:/home/nvidia/ros2_ws/src/ros2-keyboard/keyboard/install/keyboard:/home/nvidia/ros2_ws/src/rby1_nva_description/install/rby1_nva_description:/home/nvidia/rby1_ros2_ws/rby1-ros2/install/rby1_subscriber_pkg:/home/nvidia/rby1_ros2_ws/rby1-ros2/install/rby1_mobile_control:/home/nvidia/ros2_ws/install/pynput_teleop_twist_keyboard:/home/nvidia/ros2_ws/install/launch_param_builder:/home/nvidia/ros2_ws/install/keyboard_joy:/home/nvidia/apriltag_py_ros2/install/apriltag_detector:/home/nvidia/rby1_ros2_ws/install/rby1_subscriber_pkg:/home/nvidia/rby1_ros2_ws/install/rby1_mobile_control:/opt/ros/humble /usr/bin/cmake --build /home/nvidia/rby1_ros2_ws/rby1-ros2/build/rby1_bringup -- -j8 -l8
[2.466s] DEBUG:colcon.colcon_core.event_handler.log_command:Invoked command in '/home/nvidia/rby1_ros2_ws/rby1-ros2/build/rby1_bringup' returned '0': CMAKE_PREFIX_PATH=/home/nvidia/rby1_ros2_ws/rby1-ros2/install/rby1_moveit_config:/home/nvidia/rby1_ros2_ws/rby1-ros2/install/rby1_hardware:/home/nvidia/rby1_ros2_ws/rby1-ros2/install/rby1_description:/home/nvidia/rby1_ros2_ws/rby1-ros2/install/rby1_bringup:/home/nvidia/lidar_merger_ws/install/multi-laserscan-toolbox-ros2:/home/nvidia/lidar_ws/src/install/lakibeam1:/home/nvidia/ros2_ws/install/zed_ros2:/home/nvidia/ros2_ws/install/zed_wrapper:/home/nvidia/ros2_ws/install/zed_components:/home/nvidia/ros2_ws/install/wiimote:/home/nvidia/ros2_ws/install/wiimote_msgs:/home/nvidia/ros2_ws/install/test_ros_gz_bridge:/home/nvidia/ros2_ws/install/tcp_tunnel:/home/nvidia/ros2_ws/install/srdfdom:/home/nvidia/ros2_ws/install/spacenav:/home/nvidia/ros2_ws/install/joy:/home/nvidia/ros2_ws/install/sdl2_vendor:/home/nvidia/ros2_ws/install/rosparam_shortcuts:/home/nvidia/ros2_ws/install/ros_ign_interfaces:/home/nvidia/ros2_ws/install/ros_ign:/home/nvidia/ros2_ws/install/ros_ign_image:/home/nvidia/ros2_ws/install/ros_ign_gazebo_demos:/home/nvidia/ros2_ws/install/ros_ign_gazebo:/home/nvidia/ros2_ws/install/ros_ign_bridge:/home/nvidia/ros2_ws/install/ros_gz:/home/nvidia/ros2_ws/install/ros_gz_sim_demos:/home/nvidia/ros2_ws/install/rby1_nva_description:/home/nvidia/ros2_ws/install/ros_gz_sim:/home/nvidia/ros2_ws/install/ros_gz_image:/home/nvidia/ros2_ws/install/ros_gz_bridge:/home/nvidia/ros2_ws/install/ros_gz_interfaces:/home/nvidia/ros2_ws/install/rby1_robot_state:/home/nvidia/ros2_ws/install/rby1_movement:/home/nvidia/ros2_ws/install/rby1_moveit_client:/home/nvidia/ros2_ws/install/rby1_base_movement:/home/nvidia/ros2_ws/install/rby1_arm_movement:/home/nvidia/ros2_ws/install/keyboard:/home/nvidia/ros2_ws/install/keyboard_msgs:/home/nvidia/ros2_ws/install/joy_linux:/home/nvidia/ros2_ws/install/apriltag:/home/nvidia/apriltag_ros2_ws/install/apriltag_ros:/home/nvidia/apriltag_ros2_ws/install/apriltag_msgs:/home/nvidia/apriltag_ros2_ws/install/apriltag:/home/nvidia/ros2_ws/src/rby1_base_movement/install/rby1_base_movement:/home/nvidia/rby1_ros2_ws/install/rby1_bringup:/home/nvidia/rby1_ros2_ws/install/rby1_moveit_config:/home/nvidia/rby1_ros2_ws/install/rby1_hardware:/home/nvidia/rby1_ros2_ws/install/rby1_description:/home/nvidia/ros2_ws/src/rby1_arm_movement/install/rby1_arm_movement:/home/nvidia/ros2_ws/src/rby1_movement/install/rby1_movement:/home/nvidia/ros2_ws/src/ros2-keyboard/keyboard/install/keyboard:/home/nvidia/ros2_ws/src/rby1_nva_description/install/rby1_nva_description:/home/nvidia/rby1_ros2_ws/rby1-ros2/install/rby1_subscriber_pkg:/home/nvidia/rby1_ros2_ws/rby1-ros2/install/rby1_mobile_control:/home/nvidia/ros2_ws/install/pynput_teleop_twist_keyboard:/home/nvidia/ros2_ws/install/launch_param_builder:/home/nvidia/ros2_ws/install/keyboard_joy:/home/nvidia/apriltag_py_ros2/install/apriltag_detector:/home/nvidia/rby1_ros2_ws/install/rby1_subscriber_pkg:/home/nvidia/rby1_ros2_ws/install/rby1_mobile_control:/opt/ros/humble /usr/bin/cmake --build /home/nvidia/rby1_ros2_ws/rby1-ros2/build/rby1_bringup -- -j8 -l8
[2.469s] DEBUG:colcon.colcon_core.event_handler.log_command:Invoking command in '/home/nvidia/rby1_ros2_ws/rby1-ros2/build/rby1_bringup': CMAKE_PREFIX_PATH=/home/nvidia/rby1_ros2_ws/rby1-ros2/install/rby1_moveit_config:/home/nvidia/rby1_ros2_ws/rby1-ros2/install/rby1_hardware:/home/nvidia/rby1_ros2_ws/rby1-ros2/install/rby1_description:/home/nvidia/rby1_ros2_ws/rby1-ros2/install/rby1_bringup:/home/nvidia/lidar_merger_ws/install/multi-laserscan-toolbox-ros2:/home/nvidia/lidar_ws/src/install/lakibeam1:/home/nvidia/ros2_ws/install/zed_ros2:/home/nvidia/ros2_ws/install/zed_wrapper:/home/nvidia/ros2_ws/install/zed_components:/home/nvidia/ros2_ws/install/wiimote:/home/nvidia/ros2_ws/install/wiimote_msgs:/home/nvidia/ros2_ws/install/test_ros_gz_bridge:/home/nvidia/ros2_ws/install/tcp_tunnel:/home/nvidia/ros2_ws/install/srdfdom:/home/nvidia/ros2_ws/install/spacenav:/home/nvidia/ros2_ws/install/joy:/home/nvidia/ros2_ws/install/sdl2_vendor:/home/nvidia/ros2_ws/install/rosparam_shortcuts:/home/nvidia/ros2_ws/install/ros_ign_interfaces:/home/nvidia/ros2_ws/install/ros_ign:/home/nvidia/ros2_ws/install/ros_ign_image:/home/nvidia/ros2_ws/install/ros_ign_gazebo_demos:/home/nvidia/ros2_ws/install/ros_ign_gazebo:/home/nvidia/ros2_ws/install/ros_ign_bridge:/home/nvidia/ros2_ws/install/ros_gz:/home/nvidia/ros2_ws/install/ros_gz_sim_demos:/home/nvidia/ros2_ws/install/rby1_nva_description:/home/nvidia/ros2_ws/install/ros_gz_sim:/home/nvidia/ros2_ws/install/ros_gz_image:/home/nvidia/ros2_ws/install/ros_gz_bridge:/home/nvidia/ros2_ws/install/ros_gz_interfaces:/home/nvidia/ros2_ws/install/rby1_robot_state:/home/nvidia/ros2_ws/install/rby1_movement:/home/nvidia/ros2_ws/install/rby1_moveit_client:/home/nvidia/ros2_ws/install/rby1_base_movement:/home/nvidia/ros2_ws/install/rby1_arm_movement:/home/nvidia/ros2_ws/install/keyboard:/home/nvidia/ros2_ws/install/keyboard_msgs:/home/nvidia/ros2_ws/install/joy_linux:/home/nvidia/ros2_ws/install/apriltag:/home/nvidia/apriltag_ros2_ws/install/apriltag_ros:/home/nvidia/apriltag_ros2_ws/install/apriltag_msgs:/home/nvidia/apriltag_ros2_ws/install/apriltag:/home/nvidia/ros2_ws/src/rby1_base_movement/install/rby1_base_movement:/home/nvidia/rby1_ros2_ws/install/rby1_bringup:/home/nvidia/rby1_ros2_ws/install/rby1_moveit_config:/home/nvidia/rby1_ros2_ws/install/rby1_hardware:/home/nvidia/rby1_ros2_ws/install/rby1_description:/home/nvidia/ros2_ws/src/rby1_arm_movement/install/rby1_arm_movement:/home/nvidia/ros2_ws/src/rby1_movement/install/rby1_movement:/home/nvidia/ros2_ws/src/ros2-keyboard/keyboard/install/keyboard:/home/nvidia/ros2_ws/src/rby1_nva_description/install/rby1_nva_description:/home/nvidia/rby1_ros2_ws/rby1-ros2/install/rby1_subscriber_pkg:/home/nvidia/rby1_ros2_ws/rby1-ros2/install/rby1_mobile_control:/home/nvidia/ros2_ws/install/pynput_teleop_twist_keyboard:/home/nvidia/ros2_ws/install/launch_param_builder:/home/nvidia/ros2_ws/install/keyboard_joy:/home/nvidia/apriltag_py_ros2/install/apriltag_detector:/home/nvidia/rby1_ros2_ws/install/rby1_subscriber_pkg:/home/nvidia/rby1_ros2_ws/install/rby1_mobile_control:/opt/ros/humble /usr/bin/cmake --install /home/nvidia/rby1_ros2_ws/rby1-ros2/build/rby1_bringup
[2.480s] Level 1:colcon.colcon_core.environment:create_environment_scripts_only(rby1_bringup)
[2.480s] Level 1:colcon.colcon_core.environment:checking '/home/nvidia/rby1_ros2_ws/rby1-ros2/install/rby1_bringup' for CMake module files
[2.482s] DEBUG:colcon.colcon_core.event_handler.log_command:Invoked command in '/home/nvidia/rby1_ros2_ws/rby1-ros2/build/rby1_bringup' returned '0': CMAKE_PREFIX_PATH=/home/nvidia/rby1_ros2_ws/rby1-ros2/install/rby1_moveit_config:/home/nvidia/rby1_ros2_ws/rby1-ros2/install/rby1_hardware:/home/nvidia/rby1_ros2_ws/rby1-ros2/install/rby1_description:/home/nvidia/rby1_ros2_ws/rby1-ros2/install/rby1_bringup:/home/nvidia/lidar_merger_ws/install/multi-laserscan-toolbox-ros2:/home/nvidia/lidar_ws/src/install/lakibeam1:/home/nvidia/ros2_ws/install/zed_ros2:/home/nvidia/ros2_ws/install/zed_wrapper:/home/nvidia/ros2_ws/install/zed_components:/home/nvidia/ros2_ws/install/wiimote:/home/nvidia/ros2_ws/install/wiimote_msgs:/home/nvidia/ros2_ws/install/test_ros_gz_bridge:/home/nvidia/ros2_ws/install/tcp_tunnel:/home/nvidia/ros2_ws/install/srdfdom:/home/nvidia/ros2_ws/install/spacenav:/home/nvidia/ros2_ws/install/joy:/home/nvidia/ros2_ws/install/sdl2_vendor:/home/nvidia/ros2_ws/install/rosparam_shortcuts:/home/nvidia/ros2_ws/install/ros_ign_interfaces:/home/nvidia/ros2_ws/install/ros_ign:/home/nvidia/ros2_ws/install/ros_ign_image:/home/nvidia/ros2_ws/install/ros_ign_gazebo_demos:/home/nvidia/ros2_ws/install/ros_ign_gazebo:/home/nvidia/ros2_ws/install/ros_ign_bridge:/home/nvidia/ros2_ws/install/ros_gz:/home/nvidia/ros2_ws/install/ros_gz_sim_demos:/home/nvidia/ros2_ws/install/rby1_nva_description:/home/nvidia/ros2_ws/install/ros_gz_sim:/home/nvidia/ros2_ws/install/ros_gz_image:/home/nvidia/ros2_ws/install/ros_gz_bridge:/home/nvidia/ros2_ws/install/ros_gz_interfaces:/home/nvidia/ros2_ws/install/rby1_robot_state:/home/nvidia/ros2_ws/install/rby1_movement:/home/nvidia/ros2_ws/install/rby1_moveit_client:/home/nvidia/ros2_ws/install/rby1_base_movement:/home/nvidia/ros2_ws/install/rby1_arm_movement:/home/nvidia/ros2_ws/install/keyboard:/home/nvidia/ros2_ws/install/keyboard_msgs:/home/nvidia/ros2_ws/install/joy_linux:/home/nvidia/ros2_ws/install/apriltag:/home/nvidia/apriltag_ros2_ws/install/apriltag_ros:/home/nvidia/apriltag_ros2_ws/install/apriltag_msgs:/home/nvidia/apriltag_ros2_ws/install/apriltag:/home/nvidia/ros2_ws/src/rby1_base_movement/install/rby1_base_movement:/home/nvidia/rby1_ros2_ws/install/rby1_bringup:/home/nvidia/rby1_ros2_ws/install/rby1_moveit_config:/home/nvidia/rby1_ros2_ws/install/rby1_hardware:/home/nvidia/rby1_ros2_ws/install/rby1_description:/home/nvidia/ros2_ws/src/rby1_arm_movement/install/rby1_arm_movement:/home/nvidia/ros2_ws/src/rby1_movement/install/rby1_movement:/home/nvidia/ros2_ws/src/ros2-keyboard/keyboard/install/keyboard:/home/nvidia/ros2_ws/src/rby1_nva_description/install/rby1_nva_description:/home/nvidia/rby1_ros2_ws/rby1-ros2/install/rby1_subscriber_pkg:/home/nvidia/rby1_ros2_ws/rby1-ros2/install/rby1_mobile_control:/home/nvidia/ros2_ws/install/pynput_teleop_twist_keyboard:/home/nvidia/ros2_ws/install/launch_param_builder:/home/nvidia/ros2_ws/install/keyboard_joy:/home/nvidia/apriltag_py_ros2/install/apriltag_detector:/home/nvidia/rby1_ros2_ws/install/rby1_subscriber_pkg:/home/nvidia/rby1_ros2_ws/install/rby1_mobile_control:/opt/ros/humble /usr/bin/cmake --install /home/nvidia/rby1_ros2_ws/rby1-ros2/build/rby1_bringup
[2.482s] Level 1:colcon.colcon_core.environment:checking '/home/nvidia/rby1_ros2_ws/rby1-ros2/install/rby1_bringup' for CMake config files
[2.482s] Level 1:colcon.colcon_core.shell:create_environment_hook('rby1_bringup', 'cmake_prefix_path')
[2.483s] INFO:colcon.colcon_core.shell:Creating environment hook '/home/nvidia/rby1_ros2_ws/rby1-ros2/install/rby1_bringup/share/rby1_bringup/hook/cmake_prefix_path.ps1'
[2.484s] INFO:colcon.colcon_core.shell:Creating environment descriptor '/home/nvidia/rby1_ros2_ws/rby1-ros2/install/rby1_bringup/share/rby1_bringup/hook/cmake_prefix_path.dsv'
[2.485s] INFO:colcon.colcon_core.shell:Creating environment hook '/home/nvidia/rby1_ros2_ws/rby1-ros2/install/rby1_bringup/share/rby1_bringup/hook/cmake_prefix_path.sh'
[2.486s] Level 1:colcon.colcon_core.environment:checking '/home/nvidia/rby1_ros2_ws/rby1-ros2/install/rby1_bringup/bin'
[2.486s] Level 1:colcon.colcon_core.environment:checking '/home/nvidia/rby1_ros2_ws/rby1-ros2/install/rby1_bringup/lib/pkgconfig/rby1_bringup.pc'
[2.486s] Level 1:colcon.colcon_core.environment:checking '/home/nvidia/rby1_ros2_ws/rby1-ros2/install/rby1_bringup/lib/python3.10/site-packages'
[2.487s] Level 1:colcon.colcon_core.environment:checking '/home/nvidia/rby1_ros2_ws/rby1-ros2/install/rby1_bringup/bin'
[2.487s] INFO:colcon.colcon_core.shell:Creating package script '/home/nvidia/rby1_ros2_ws/rby1-ros2/install/rby1_bringup/share/rby1_bringup/package.ps1'
[2.488s] INFO:colcon.colcon_core.shell:Creating package descriptor '/home/nvidia/rby1_ros2_ws/rby1-ros2/install/rby1_bringup/share/rby1_bringup/package.dsv'
[2.489s] INFO:colcon.colcon_core.shell:Creating package script '/home/nvidia/rby1_ros2_ws/rby1-ros2/install/rby1_bringup/share/rby1_bringup/package.sh'
[2.490s] INFO:colcon.colcon_core.shell:Creating package script '/home/nvidia/rby1_ros2_ws/rby1-ros2/install/rby1_bringup/share/rby1_bringup/package.bash'
[2.491s] INFO:colcon.colcon_core.shell:Creating package script '/home/nvidia/rby1_ros2_ws/rby1-ros2/install/rby1_bringup/share/rby1_bringup/package.zsh'
[2.491s] Level 1:colcon.colcon_core.environment:create_file_with_runtime_dependencies(/home/nvidia/rby1_ros2_ws/rby1-ros2/install/rby1_bringup/share/colcon-core/packages/rby1_bringup)
[2.492s] Level 1:colcon.colcon_core.environment:create_environment_scripts_only(rby1_bringup)
[2.493s] Level 1:colcon.colcon_core.environment:checking '/home/nvidia/rby1_ros2_ws/rby1-ros2/install/rby1_bringup' for CMake module files
[2.494s] Level 1:colcon.colcon_core.environment:checking '/home/nvidia/rby1_ros2_ws/rby1-ros2/install/rby1_bringup' for CMake config files
[2.494s] Level 1:colcon.colcon_core.shell:create_environment_hook('rby1_bringup', 'cmake_prefix_path')
[2.494s] INFO:colcon.colcon_core.shell:Creating environment hook '/home/nvidia/rby1_ros2_ws/rby1-ros2/install/rby1_bringup/share/rby1_bringup/hook/cmake_prefix_path.ps1'
[2.495s] INFO:colcon.colcon_core.shell:Creating environment descriptor '/home/nvidia/rby1_ros2_ws/rby1-ros2/install/rby1_bringup/share/rby1_bringup/hook/cmake_prefix_path.dsv'
[2.496s] INFO:colcon.colcon_core.shell:Creating environment hook '/home/nvidia/rby1_ros2_ws/rby1-ros2/install/rby1_bringup/share/rby1_bringup/hook/cmake_prefix_path.sh'
[2.497s] Level 1:colcon.colcon_core.environment:checking '/home/nvidia/rby1_ros2_ws/rby1-ros2/install/rby1_bringup/bin'
[2.497s] Level 1:colcon.colcon_core.environment:checking '/home/nvidia/rby1_ros2_ws/rby1-ros2/install/rby1_bringup/lib/pkgconfig/rby1_bringup.pc'
[2.497s] Level 1:colcon.colcon_core.environment:checking '/home/nvidia/rby1_ros2_ws/rby1-ros2/install/rby1_bringup/lib/python3.10/site-packages'
[2.498s] Level 1:colcon.colcon_core.environment:checking '/home/nvidia/rby1_ros2_ws/rby1-ros2/install/rby1_bringup/bin'
[2.498s] INFO:colcon.colcon_core.shell:Creating package script '/home/nvidia/rby1_ros2_ws/rby1-ros2/install/rby1_bringup/share/rby1_bringup/package.ps1'
[2.499s] INFO:colcon.colcon_core.shell:Creating package descriptor '/home/nvidia/rby1_ros2_ws/rby1-ros2/install/rby1_bringup/share/rby1_bringup/package.dsv'
[2.500s] INFO:colcon.colcon_core.shell:Creating package script '/home/nvidia/rby1_ros2_ws/rby1-ros2/install/rby1_bringup/share/rby1_bringup/package.sh'
[2.501s] INFO:colcon.colcon_core.shell:Creating package script '/home/nvidia/rby1_ros2_ws/rby1-ros2/install/rby1_bringup/share/rby1_bringup/package.bash'
[2.502s] INFO:colcon.colcon_core.shell:Creating package script '/home/nvidia/rby1_ros2_ws/rby1-ros2/install/rby1_bringup/share/rby1_bringup/package.zsh'
[2.503s] Level 1:colcon.colcon_core.environment:create_file_with_runtime_dependencies(/home/nvidia/rby1_ros2_ws/rby1-ros2/install/rby1_bringup/share/colcon-core/packages/rby1_bringup)
[3.045s] DEBUG:colcon.colcon_core.event_handler.log_command:Invoking command in '/home/nvidia/rby1_ros2_ws/rby1-ros2/rby1_mobile_control': PYTHONPATH=/home/nvidia/rby1_ros2_ws/rby1-ros2/build/rby1_mobile_control/prefix_override:/usr/lib/python3/dist-packages/colcon_core/task/python/colcon_distutils_commands:/home/nvidia/rby1_ros2_ws/rby1-ros2/install/rby1_mobile_control/lib/python3.10/site-packages:${PYTHONPATH} /usr/bin/python3 -W ignore:setup.py install is deprecated -W ignore:easy_install command is deprecated setup.py egg_info --egg-base ../build/rby1_mobile_control build --build-base /home/nvidia/rby1_ros2_ws/rby1-ros2/build/rby1_mobile_control/build install --record /home/nvidia/rby1_ros2_ws/rby1-ros2/build/rby1_mobile_control/install.log --single-version-externally-managed install_data
[3.173s] DEBUG:colcon.colcon_core.event_handler.log_command:Invoking command in '/home/nvidia/rby1_ros2_ws/rby1-ros2/rby1_subscriber_pkg': PYTHONPATH=/home/nvidia/rby1_ros2_ws/rby1-ros2/build/rby1_subscriber_pkg/prefix_override:/usr/lib/python3/dist-packages/colcon_core/task/python/colcon_distutils_commands:/home/nvidia/rby1_ros2_ws/rby1-ros2/install/rby1_subscriber_pkg/lib/python3.10/site-packages:${PYTHONPATH} /usr/bin/python3 -W ignore:setup.py install is deprecated -W ignore:easy_install command is deprecated setup.py egg_info --egg-base ../build/rby1_subscriber_pkg build --build-base /home/nvidia/rby1_ros2_ws/rby1-ros2/build/rby1_subscriber_pkg/build install --record /home/nvidia/rby1_ros2_ws/rby1-ros2/build/rby1_subscriber_pkg/install.log --single-version-externally-managed install_data
[3.691s] Level 1:colcon.colcon_core.environment:checking '/home/nvidia/rby1_ros2_ws/rby1-ros2/install/rby1_mobile_control' for CMake module files
[3.693s] DEBUG:colcon.colcon_core.event_handler.log_command:Invoked command in '/home/nvidia/rby1_ros2_ws/rby1-ros2/rby1_mobile_control' returned '0': PYTHONPATH=/home/nvidia/rby1_ros2_ws/rby1-ros2/build/rby1_mobile_control/prefix_override:/usr/lib/python3/dist-packages/colcon_core/task/python/colcon_distutils_commands:/home/nvidia/rby1_ros2_ws/rby1-ros2/install/rby1_mobile_control/lib/python3.10/site-packages:${PYTHONPATH} /usr/bin/python3 -W ignore:setup.py install is deprecated -W ignore:easy_install command is deprecated setup.py egg_info --egg-base ../build/rby1_mobile_control build --build-base /home/nvidia/rby1_ros2_ws/rby1-ros2/build/rby1_mobile_control/build install --record /home/nvidia/rby1_ros2_ws/rby1-ros2/build/rby1_mobile_control/install.log --single-version-externally-managed install_data
[3.694s] Level 1:colcon.colcon_core.environment:checking '/home/nvidia/rby1_ros2_ws/rby1-ros2/install/rby1_mobile_control' for CMake config files
[3.698s] Level 1:colcon.colcon_core.environment:checking '/home/nvidia/rby1_ros2_ws/rby1-ros2/install/rby1_mobile_control/lib'
[3.698s] Level 1:colcon.colcon_core.environment:checking '/home/nvidia/rby1_ros2_ws/rby1-ros2/install/rby1_mobile_control/bin'
[3.698s] Level 1:colcon.colcon_core.environment:checking '/home/nvidia/rby1_ros2_ws/rby1-ros2/install/rby1_mobile_control/lib/pkgconfig/rby1_mobile_control.pc'
[3.700s] Level 1:colcon.colcon_core.environment:checking '/home/nvidia/rby1_ros2_ws/rby1-ros2/install/rby1_mobile_control/lib/python3.10/site-packages'
[3.700s] Level 1:colcon.colcon_core.shell:create_environment_hook('rby1_mobile_control', 'pythonpath')
[3.701s] INFO:colcon.colcon_core.shell:Creating environment hook '/home/nvidia/rby1_ros2_ws/rby1-ros2/install/rby1_mobile_control/share/rby1_mobile_control/hook/pythonpath.ps1'
[3.704s] INFO:colcon.colcon_core.shell:Creating environment descriptor '/home/nvidia/rby1_ros2_ws/rby1-ros2/install/rby1_mobile_control/share/rby1_mobile_control/hook/pythonpath.dsv'
[3.705s] INFO:colcon.colcon_core.shell:Creating environment hook '/home/nvidia/rby1_ros2_ws/rby1-ros2/install/rby1_mobile_control/share/rby1_mobile_control/hook/pythonpath.sh'
[3.708s] Level 1:colcon.colcon_core.environment:checking '/home/nvidia/rby1_ros2_ws/rby1-ros2/install/rby1_mobile_control/bin'
[3.708s] Level 1:colcon.colcon_core.environment:create_environment_scripts_only(rby1_mobile_control)
[3.710s] INFO:colcon.colcon_core.shell:Creating package script '/home/nvidia/rby1_ros2_ws/rby1-ros2/install/rby1_mobile_control/share/rby1_mobile_control/package.ps1'
[3.712s] INFO:colcon.colcon_core.shell:Creating package descriptor '/home/nvidia/rby1_ros2_ws/rby1-ros2/install/rby1_mobile_control/share/rby1_mobile_control/package.dsv'
[3.714s] INFO:colcon.colcon_core.shell:Creating package script '/home/nvidia/rby1_ros2_ws/rby1-ros2/install/rby1_mobile_control/share/rby1_mobile_control/package.sh'
[3.716s] INFO:colcon.colcon_core.shell:Creating package script '/home/nvidia/rby1_ros2_ws/rby1-ros2/install/rby1_mobile_control/share/rby1_mobile_control/package.bash'
[3.717s] INFO:colcon.colcon_core.shell:Creating package script '/home/nvidia/rby1_ros2_ws/rby1-ros2/install/rby1_mobile_control/share/rby1_mobile_control/package.zsh'
[3.718s] Level 1:colcon.colcon_core.environment:create_file_with_runtime_dependencies(/home/nvidia/rby1_ros2_ws/rby1-ros2/install/rby1_mobile_control/share/colcon-core/packages/rby1_mobile_control)
[3.820s] Level 1:colcon.colcon_core.environment:checking '/home/nvidia/rby1_ros2_ws/rby1-ros2/install/rby1_subscriber_pkg' for CMake module files
[3.822s] DEBUG:colcon.colcon_core.event_handler.log_command:Invoked command in '/home/nvidia/rby1_ros2_ws/rby1-ros2/rby1_subscriber_pkg' returned '0': PYTHONPATH=/home/nvidia/rby1_ros2_ws/rby1-ros2/build/rby1_subscriber_pkg/prefix_override:/usr/lib/python3/dist-packages/colcon_core/task/python/colcon_distutils_commands:/home/nvidia/rby1_ros2_ws/rby1-ros2/install/rby1_subscriber_pkg/lib/python3.10/site-packages:${PYTHONPATH} /usr/bin/python3 -W ignore:setup.py install is deprecated -W ignore:easy_install command is deprecated setup.py egg_info --egg-base ../build/rby1_subscriber_pkg build --build-base /home/nvidia/rby1_ros2_ws/rby1-ros2/build/rby1_subscriber_pkg/build install --record /home/nvidia/rby1_ros2_ws/rby1-ros2/build/rby1_subscriber_pkg/install.log --single-version-externally-managed install_data
[3.823s] Level 1:colcon.colcon_core.environment:checking '/home/nvidia/rby1_ros2_ws/rby1-ros2/install/rby1_subscriber_pkg' for CMake config files
[3.825s] Level 1:colcon.colcon_core.environment:checking '/home/nvidia/rby1_ros2_ws/rby1-ros2/install/rby1_subscriber_pkg/lib'
[3.826s] Level 1:colcon.colcon_core.environment:checking '/home/nvidia/rby1_ros2_ws/rby1-ros2/install/rby1_subscriber_pkg/bin'
[3.826s] Level 1:colcon.colcon_core.environment:checking '/home/nvidia/rby1_ros2_ws/rby1-ros2/install/rby1_subscriber_pkg/lib/pkgconfig/rby1_subscriber_pkg.pc'
[3.827s] Level 1:colcon.colcon_core.environment:checking '/home/nvidia/rby1_ros2_ws/rby1-ros2/install/rby1_subscriber_pkg/lib/python3.10/site-packages'
[3.827s] Level 1:colcon.colcon_core.shell:create_environment_hook('rby1_subscriber_pkg', 'pythonpath')
[3.828s] INFO:colcon.colcon_core.shell:Creating environment hook '/home/nvidia/rby1_ros2_ws/rby1-ros2/install/rby1_subscriber_pkg/share/rby1_subscriber_pkg/hook/pythonpath.ps1'
[3.830s] INFO:colcon.colcon_core.shell:Creating environment descriptor '/home/nvidia/rby1_ros2_ws/rby1-ros2/install/rby1_subscriber_pkg/share/rby1_subscriber_pkg/hook/pythonpath.dsv'
[3.832s] INFO:colcon.colcon_core.shell:Creating environment hook '/home/nvidia/rby1_ros2_ws/rby1-ros2/install/rby1_subscriber_pkg/share/rby1_subscriber_pkg/hook/pythonpath.sh'
[3.834s] Level 1:colcon.colcon_core.environment:checking '/home/nvidia/rby1_ros2_ws/rby1-ros2/install/rby1_subscriber_pkg/bin'
[3.835s] Level 1:colcon.colcon_core.environment:create_environment_scripts_only(rby1_subscriber_pkg)
[3.836s] INFO:colcon.colcon_core.shell:Creating package script '/home/nvidia/rby1_ros2_ws/rby1-ros2/install/rby1_subscriber_pkg/share/rby1_subscriber_pkg/package.ps1'
[3.838s] INFO:colcon.colcon_core.shell:Creating package descriptor '/home/nvidia/rby1_ros2_ws/rby1-ros2/install/rby1_subscriber_pkg/share/rby1_subscriber_pkg/package.dsv'
[3.840s] INFO:colcon.colcon_core.shell:Creating package script '/home/nvidia/rby1_ros2_ws/rby1-ros2/install/rby1_subscriber_pkg/share/rby1_subscriber_pkg/package.sh'
[3.842s] INFO:colcon.colcon_core.shell:Creating package script '/home/nvidia/rby1_ros2_ws/rby1-ros2/install/rby1_subscriber_pkg/share/rby1_subscriber_pkg/package.bash'
[3.843s] INFO:colcon.colcon_core.shell:Creating package script '/home/nvidia/rby1_ros2_ws/rby1-ros2/install/rby1_subscriber_pkg/share/rby1_subscriber_pkg/package.zsh'
[3.845s] Level 1:colcon.colcon_core.environment:create_file_with_runtime_dependencies(/home/nvidia/rby1_ros2_ws/rby1-ros2/install/rby1_subscriber_pkg/share/colcon-core/packages/rby1_subscriber_pkg)
[3.846s] DEBUG:colcon.colcon_parallel_executor.executor.parallel:closing loop
[3.847s] DEBUG:colcon.colcon_parallel_executor.executor.parallel:loop closed
[3.847s] DEBUG:colcon.colcon_parallel_executor.executor.parallel:run_until_complete finished with '0'
[3.848s] DEBUG:colcon.colcon_core.event_reactor:joining thread
[3.874s] INFO:colcon.colcon_core.plugin_system:Skipping extension 'colcon_notification.desktop_notification.terminal_notifier': Not used on non-Darwin systems
[3.874s] INFO:colcon.colcon_core.plugin_system:Skipping extension 'colcon_notification.desktop_notification.win32': Not used on non-Windows systems
[3.875s] INFO:colcon.colcon_notification.desktop_notification:Sending desktop notification using 'notify2'
[3.918s] DEBUG:colcon.colcon_core.event_reactor:joined thread
[3.919s] INFO:colcon.colcon_core.shell:Creating prefix script '/home/nvidia/rby1_ros2_ws/rby1-ros2/install/local_setup.ps1'
[3.923s] INFO:colcon.colcon_core.shell:Creating prefix util module '/home/nvidia/rby1_ros2_ws/rby1-ros2/install/_local_setup_util_ps1.py'
[3.926s] INFO:colcon.colcon_core.shell:Creating prefix chain script '/home/nvidia/rby1_ros2_ws/rby1-ros2/install/setup.ps1'
[3.939s] INFO:colcon.colcon_core.shell:Creating prefix script '/home/nvidia/rby1_ros2_ws/rby1-ros2/install/local_setup.sh'
[3.940s] INFO:colcon.colcon_core.shell:Creating prefix util module '/home/nvidia/rby1_ros2_ws/rby1-ros2/install/_local_setup_util_sh.py'
[3.943s] INFO:colcon.colcon_core.shell:Creating prefix chain script '/home/nvidia/rby1_ros2_ws/rby1-ros2/install/setup.sh'
[3.955s] INFO:colcon.colcon_core.shell:Creating prefix script '/home/nvidia/rby1_ros2_ws/rby1-ros2/install/local_setup.bash'
[3.957s] INFO:colcon.colcon_core.shell:Creating prefix chain script '/home/nvidia/rby1_ros2_ws/rby1-ros2/install/setup.bash'
[3.966s] INFO:colcon.colcon_core.shell:Creating prefix script '/home/nvidia/rby1_ros2_ws/rby1-ros2/install/local_setup.zsh'
[3.968s] INFO:colcon.colcon_core.shell:Creating prefix chain script '/home/nvidia/rby1_ros2_ws/rby1-ros2/install/setup.zsh'
