-- The C compiler identification is GNU 11.4.0
-- The CXX compiler identification is GNU 11.4.0
-- Detecting C compiler ABI info
-- Detecting C compiler ABI info - done
-- Check for working C compiler: /usr/bin/cc - skipped
-- Detecting C compile features
-- Detecting C compile features - done
-- Detecting CXX compiler ABI info
-- Detecting CXX compiler ABI info - done
-- Check for working CXX compiler: /usr/bin/c++ - skipped
-- Detecting CXX compile features
-- Detecting CXX compile features - done
-- Found ament_cmake: 1.3.11 (/opt/ros/humble/share/ament_cmake/cmake)
-- Found Python3: /usr/bin/python3 (found version "3.10.12") found components: Interpreter
-- Found rclcpp: 16.0.12 (/opt/ros/humble/share/rclcpp/cmake)
-- Found rosidl_generator_c: 3.1.6 (/opt/ros/humble/share/rosidl_generator_c/cmake)
-- Found rosidl_adapter: 3.1.6 (/opt/ros/humble/share/rosidl_adapter/cmake)
-- Found rosidl_generator_cpp: 3.1.6 (/opt/ros/humble/share/rosidl_generator_cpp/cmake)
-- Using all available rosidl_typesupport_c: rosidl_typesupport_fastrtps_c;rosidl_typesupport_introspection_c
-- Using all available rosidl_typesupport_cpp: rosidl_typesupport_fastrtps_cpp;rosidl_typesupport_introspection_cpp
-- Found rmw_implementation_cmake: 6.1.2 (/opt/ros/humble/share/rmw_implementation_cmake/cmake)
-- Found rmw_fastrtps_cpp: 6.2.7 (/opt/ros/humble/share/rmw_fastrtps_cpp/cmake)
-- Found OpenSSL: /usr/lib/aarch64-linux-gnu/libcrypto.so (found version "3.0.2")
-- Found FastRTPS: /opt/ros/humble/include
-- Using RMW implementation 'rmw_fastrtps_cpp' as default
-- Performing Test CMAKE_HAVE_LIBC_PTHREAD
-- Performing Test CMAKE_HAVE_LIBC_PTHREAD - Success
-- Found Threads: TRUE
-- Found hardware_interface: 2.50.0 (/opt/ros/humble/share/hardware_interface/cmake)
-- Found moveit_msgs: 2.2.1 (/opt/ros/humble/share/moveit_msgs/cmake)
-- Configuring done (3.8s)
-- Generating done (0.1s)
-- Build files have been written to: /home/nvidia/rby1_ros2_ws/rby1-ros2/build/rby1_hardware
[ 50%] [32mBuilding CXX object CMakeFiles/rby1_hardware.dir/src/rby1_hardware_interface.cpp.o[0m
[100%] [32m[1mLinking CXX shared library librby1_hardware.so[0m
[100%] Built target rby1_hardware
-- Install configuration: ""
-- Installing: /home/nvidia/rby1_ros2_ws/rby1-ros2/install/rby1_hardware/lib/librby1_hardware.so
-- Set non-toolchain portion of runtime path of "/home/nvidia/rby1_ros2_ws/rby1-ros2/install/rby1_hardware/lib/librby1_hardware.so" to ""
-- Installing: /home/nvidia/rby1_ros2_ws/rby1-ros2/install/rby1_hardware/include
-- Installing: /home/nvidia/rby1_ros2_ws/rby1-ros2/install/rby1_hardware/include/rby1_hardware
-- Installing: /home/nvidia/rby1_ros2_ws/rby1-ros2/install/rby1_hardware/include/rby1_hardware/rby1_hardware_interface.hpp
-- Installing: /home/nvidia/rby1_ros2_ws/rby1-ros2/install/rby1_hardware/share/rby1_hardware/rby1_hardware_plugins.xml
-- Up-to-date: /home/nvidia/rby1_ros2_ws/rby1-ros2/install/rby1_hardware/share/rby1_hardware/rby1_hardware_plugins.xml
-- Installing: /home/nvidia/rby1_ros2_ws/rby1-ros2/install/rby1_hardware/share/ament_index/resource_index/package_run_dependencies/rby1_hardware
-- Installing: /home/nvidia/rby1_ros2_ws/rby1-ros2/install/rby1_hardware/share/ament_index/resource_index/parent_prefix_path/rby1_hardware
-- Installing: /home/nvidia/rby1_ros2_ws/rby1-ros2/install/rby1_hardware/share/rby1_hardware/environment/ament_prefix_path.sh
-- Installing: /home/nvidia/rby1_ros2_ws/rby1-ros2/install/rby1_hardware/share/rby1_hardware/environment/ament_prefix_path.dsv
-- Installing: /home/nvidia/rby1_ros2_ws/rby1-ros2/install/rby1_hardware/share/rby1_hardware/environment/path.sh
-- Installing: /home/nvidia/rby1_ros2_ws/rby1-ros2/install/rby1_hardware/share/rby1_hardware/environment/path.dsv
-- Installing: /home/nvidia/rby1_ros2_ws/rby1-ros2/install/rby1_hardware/share/rby1_hardware/local_setup.bash
-- Installing: /home/nvidia/rby1_ros2_ws/rby1-ros2/install/rby1_hardware/share/rby1_hardware/local_setup.sh
-- Installing: /home/nvidia/rby1_ros2_ws/rby1-ros2/install/rby1_hardware/share/rby1_hardware/local_setup.zsh
-- Installing: /home/nvidia/rby1_ros2_ws/rby1-ros2/install/rby1_hardware/share/rby1_hardware/local_setup.dsv
-- Installing: /home/nvidia/rby1_ros2_ws/rby1-ros2/install/rby1_hardware/share/rby1_hardware/package.dsv
-- Installing: /home/nvidia/rby1_ros2_ws/rby1-ros2/install/rby1_hardware/share/ament_index/resource_index/packages/rby1_hardware
-- Installing: /home/nvidia/rby1_ros2_ws/rby1-ros2/install/rby1_hardware/share/ament_index/resource_index/hardware_interface__pluginlib__plugin/rby1_hardware
-- Installing: /home/nvidia/rby1_ros2_ws/rby1-ros2/install/rby1_hardware/share/rby1_hardware/cmake/rby1_hardwareConfig.cmake
-- Installing: /home/nvidia/rby1_ros2_ws/rby1-ros2/install/rby1_hardware/share/rby1_hardware/cmake/rby1_hardwareConfig-version.cmake
-- Installing: /home/nvidia/rby1_ros2_ws/rby1-ros2/install/rby1_hardware/share/rby1_hardware/package.xml
