[0.089s] Invoking command in '/home/nvidia/rby1_ros2_ws/rby1-ros2/build/rby1_hardware': CMAKE_PREFIX_PATH=${CMAKE_PREFIX_PATH}:/home/nvidia/ros2_ws/install/pynput_teleop_twist_keyboard:/home/nvidia/ros2_ws/install/launch_param_builder:/home/nvidia/ros2_ws/install/keyboard_joy:/home/nvidia/apriltag_py_ros2/install/apriltag_detector:/home/nvidia/rby1_ros2_ws/install/rby1_subscriber_pkg:/home/nvidia/rby1_ros2_ws/install/rby1_mobile_control:/opt/ros/humble /usr/bin/cmake /home/nvidia/rby1_ros2_ws/rby1-ros2/rby1_hardware -DCMAKE_INSTALL_PREFIX=/home/nvidia/rby1_ros2_ws/rby1-ros2/install/rby1_hardware
[0.756s] [0mCMake Deprecation Warning at CMakeLists.txt:1 (cmake_minimum_required):
[0.756s]   Compatibility with CMake < 3.10 will be removed from a future version of
[0.756s]   CMake.
[0.756s] 
[0.757s]   Update the VERSION argument <min> value.  Or, use the <min>...<max> syntax
[0.757s]   to tell CMake that the project requires at least <min> but has been updated
[0.757s]   to work with policies introduced by <max> or earlier.
[0.757s] 
[0.757s] [0m
[0.757s] -- The C compiler identification is GNU 11.4.0
[0.757s] -- The CXX compiler identification is GNU 11.4.0
[0.758s] -- Detecting C compiler ABI info
[0.758s] -- Detecting C compiler ABI info - done
[0.758s] -- Check for working C compiler: /usr/bin/cc - skipped
[0.758s] -- Detecting C compile features
[0.758s] -- Detecting C compile features - done
[0.758s] -- Detecting CXX compiler ABI info
[0.758s] -- Detecting CXX compiler ABI info - done
[0.758s] -- Check for working CXX compiler: /usr/bin/c++ - skipped
[0.758s] -- Detecting CXX compile features
[0.758s] -- Detecting CXX compile features - done
[0.759s] -- Found ament_cmake: 1.3.11 (/opt/ros/humble/share/ament_cmake/cmake)
[1.091s] -- Found Python3: /usr/bin/python3 (found version "3.10.12") found components: Interpreter
[1.482s] -- Found rclcpp: 16.0.12 (/opt/ros/humble/share/rclcpp/cmake)
[1.698s] -- Found rosidl_generator_c: 3.1.6 (/opt/ros/humble/share/rosidl_generator_c/cmake)
[1.730s] -- Found rosidl_adapter: 3.1.6 (/opt/ros/humble/share/rosidl_adapter/cmake)
[1.770s] -- Found rosidl_generator_cpp: 3.1.6 (/opt/ros/humble/share/rosidl_generator_cpp/cmake)
[1.823s] -- Using all available rosidl_typesupport_c: rosidl_typesupport_fastrtps_c;rosidl_typesupport_introspection_c
[1.893s] -- Using all available rosidl_typesupport_cpp: rosidl_typesupport_fastrtps_cpp;rosidl_typesupport_introspection_cpp
[2.110s] -- Found rmw_implementation_cmake: 6.1.2 (/opt/ros/humble/share/rmw_implementation_cmake/cmake)
[2.130s] -- Found rmw_fastrtps_cpp: 6.2.7 (/opt/ros/humble/share/rmw_fastrtps_cpp/cmake)
[2.407s] -- Found OpenSSL: /usr/lib/aarch64-linux-gnu/libcrypto.so (found version "3.0.2")
[2.497s] -- Found FastRTPS: /opt/ros/humble/include
[2.615s] -- Using RMW implementation 'rmw_fastrtps_cpp' as default
[2.670s] -- Performing Test CMAKE_HAVE_LIBC_PTHREAD
[2.798s] -- Performing Test CMAKE_HAVE_LIBC_PTHREAD - Success
[2.801s] -- Found Threads: TRUE
[2.970s] -- Found hardware_interface: 2.50.0 (/opt/ros/humble/share/hardware_interface/cmake)
[3.517s] -- Found moveit_msgs: 2.2.1 (/opt/ros/humble/share/moveit_msgs/cmake)
[3.915s] -- Configuring done (3.8s)
[4.008s] -- Generating done (0.1s)
[4.016s] -- Build files have been written to: /home/nvidia/rby1_ros2_ws/rby1-ros2/build/rby1_hardware
[4.046s] Invoked command in '/home/nvidia/rby1_ros2_ws/rby1-ros2/build/rby1_hardware' returned '0': CMAKE_PREFIX_PATH=${CMAKE_PREFIX_PATH}:/home/nvidia/ros2_ws/install/pynput_teleop_twist_keyboard:/home/nvidia/ros2_ws/install/launch_param_builder:/home/nvidia/ros2_ws/install/keyboard_joy:/home/nvidia/apriltag_py_ros2/install/apriltag_detector:/home/nvidia/rby1_ros2_ws/install/rby1_subscriber_pkg:/home/nvidia/rby1_ros2_ws/install/rby1_mobile_control:/opt/ros/humble /usr/bin/cmake /home/nvidia/rby1_ros2_ws/rby1-ros2/rby1_hardware -DCMAKE_INSTALL_PREFIX=/home/nvidia/rby1_ros2_ws/rby1-ros2/install/rby1_hardware
[4.050s] Invoking command in '/home/nvidia/rby1_ros2_ws/rby1-ros2/build/rby1_hardware': CMAKE_PREFIX_PATH=${CMAKE_PREFIX_PATH}:/home/nvidia/ros2_ws/install/pynput_teleop_twist_keyboard:/home/nvidia/ros2_ws/install/launch_param_builder:/home/nvidia/ros2_ws/install/keyboard_joy:/home/nvidia/apriltag_py_ros2/install/apriltag_detector:/home/nvidia/rby1_ros2_ws/install/rby1_subscriber_pkg:/home/nvidia/rby1_ros2_ws/install/rby1_mobile_control:/opt/ros/humble /usr/bin/cmake --build /home/nvidia/rby1_ros2_ws/rby1-ros2/build/rby1_hardware -- -j8 -l8
[4.127s] [ 50%] [32mBuilding CXX object CMakeFiles/rby1_hardware.dir/src/rby1_hardware_interface.cpp.o[0m
[18.274s] [100%] [32m[1mLinking CXX shared library librby1_hardware.so[0m
[21.470s] [100%] Built target rby1_hardware
[21.486s] Invoked command in '/home/nvidia/rby1_ros2_ws/rby1-ros2/build/rby1_hardware' returned '0': CMAKE_PREFIX_PATH=${CMAKE_PREFIX_PATH}:/home/nvidia/ros2_ws/install/pynput_teleop_twist_keyboard:/home/nvidia/ros2_ws/install/launch_param_builder:/home/nvidia/ros2_ws/install/keyboard_joy:/home/nvidia/apriltag_py_ros2/install/apriltag_detector:/home/nvidia/rby1_ros2_ws/install/rby1_subscriber_pkg:/home/nvidia/rby1_ros2_ws/install/rby1_mobile_control:/opt/ros/humble /usr/bin/cmake --build /home/nvidia/rby1_ros2_ws/rby1-ros2/build/rby1_hardware -- -j8 -l8
[21.490s] Invoking command in '/home/nvidia/rby1_ros2_ws/rby1-ros2/build/rby1_hardware': CMAKE_PREFIX_PATH=${CMAKE_PREFIX_PATH}:/home/nvidia/ros2_ws/install/pynput_teleop_twist_keyboard:/home/nvidia/ros2_ws/install/launch_param_builder:/home/nvidia/ros2_ws/install/keyboard_joy:/home/nvidia/apriltag_py_ros2/install/apriltag_detector:/home/nvidia/rby1_ros2_ws/install/rby1_subscriber_pkg:/home/nvidia/rby1_ros2_ws/install/rby1_mobile_control:/opt/ros/humble /usr/bin/cmake --install /home/nvidia/rby1_ros2_ws/rby1-ros2/build/rby1_hardware
[21.501s] -- Install configuration: ""
[21.501s] -- Installing: /home/nvidia/rby1_ros2_ws/rby1-ros2/install/rby1_hardware/lib/librby1_hardware.so
[21.507s] -- Set non-toolchain portion of runtime path of "/home/nvidia/rby1_ros2_ws/rby1-ros2/install/rby1_hardware/lib/librby1_hardware.so" to ""
[21.507s] -- Installing: /home/nvidia/rby1_ros2_ws/rby1-ros2/install/rby1_hardware/include
[21.508s] -- Installing: /home/nvidia/rby1_ros2_ws/rby1-ros2/install/rby1_hardware/include/rby1_hardware
[21.508s] -- Installing: /home/nvidia/rby1_ros2_ws/rby1-ros2/install/rby1_hardware/include/rby1_hardware/rby1_hardware_interface.hpp
[21.508s] -- Installing: /home/nvidia/rby1_ros2_ws/rby1-ros2/install/rby1_hardware/share/rby1_hardware/rby1_hardware_plugins.xml
[21.509s] -- Up-to-date: /home/nvidia/rby1_ros2_ws/rby1-ros2/install/rby1_hardware/share/rby1_hardware/rby1_hardware_plugins.xml
[21.509s] -- Installing: /home/nvidia/rby1_ros2_ws/rby1-ros2/install/rby1_hardware/share/ament_index/resource_index/package_run_dependencies/rby1_hardware
[21.510s] -- Installing: /home/nvidia/rby1_ros2_ws/rby1-ros2/install/rby1_hardware/share/ament_index/resource_index/parent_prefix_path/rby1_hardware
[21.510s] -- Installing: /home/nvidia/rby1_ros2_ws/rby1-ros2/install/rby1_hardware/share/rby1_hardware/environment/ament_prefix_path.sh
[21.510s] -- Installing: /home/nvidia/rby1_ros2_ws/rby1-ros2/install/rby1_hardware/share/rby1_hardware/environment/ament_prefix_path.dsv
[21.511s] -- Installing: /home/nvidia/rby1_ros2_ws/rby1-ros2/install/rby1_hardware/share/rby1_hardware/environment/path.sh
[21.511s] -- Installing: /home/nvidia/rby1_ros2_ws/rby1-ros2/install/rby1_hardware/share/rby1_hardware/environment/path.dsv
[21.511s] -- Installing: /home/nvidia/rby1_ros2_ws/rby1-ros2/install/rby1_hardware/share/rby1_hardware/local_setup.bash
[21.511s] -- Installing: /home/nvidia/rby1_ros2_ws/rby1-ros2/install/rby1_hardware/share/rby1_hardware/local_setup.sh
[21.512s] -- Installing: /home/nvidia/rby1_ros2_ws/rby1-ros2/install/rby1_hardware/share/rby1_hardware/local_setup.zsh
[21.512s] -- Installing: /home/nvidia/rby1_ros2_ws/rby1-ros2/install/rby1_hardware/share/rby1_hardware/local_setup.dsv
[21.512s] -- Installing: /home/nvidia/rby1_ros2_ws/rby1-ros2/install/rby1_hardware/share/rby1_hardware/package.dsv
[21.512s] -- Installing: /home/nvidia/rby1_ros2_ws/rby1-ros2/install/rby1_hardware/share/ament_index/resource_index/packages/rby1_hardware
[21.513s] -- Installing: /home/nvidia/rby1_ros2_ws/rby1-ros2/install/rby1_hardware/share/ament_index/resource_index/hardware_interface__pluginlib__plugin/rby1_hardware
[21.513s] -- Installing: /home/nvidia/rby1_ros2_ws/rby1-ros2/install/rby1_hardware/share/rby1_hardware/cmake/rby1_hardwareConfig.cmake
[21.513s] -- Installing: /home/nvidia/rby1_ros2_ws/rby1-ros2/install/rby1_hardware/share/rby1_hardware/cmake/rby1_hardwareConfig-version.cmake
[21.514s] -- Installing: /home/nvidia/rby1_ros2_ws/rby1-ros2/install/rby1_hardware/share/rby1_hardware/package.xml
[21.519s] Invoked command in '/home/nvidia/rby1_ros2_ws/rby1-ros2/build/rby1_hardware' returned '0': CMAKE_PREFIX_PATH=${CMAKE_PREFIX_PATH}:/home/nvidia/ros2_ws/install/pynput_teleop_twist_keyboard:/home/nvidia/ros2_ws/install/launch_param_builder:/home/nvidia/ros2_ws/install/keyboard_joy:/home/nvidia/apriltag_py_ros2/install/apriltag_detector:/home/nvidia/rby1_ros2_ws/install/rby1_subscriber_pkg:/home/nvidia/rby1_ros2_ws/install/rby1_mobile_control:/opt/ros/humble /usr/bin/cmake --install /home/nvidia/rby1_ros2_ws/rby1-ros2/build/rby1_hardware
