[0.084s] Invoking command in '/home/nvidia/rby1_ros2_ws/rby1-ros2/build/rby1_hardware': CMAKE_PREFIX_PATH=${CMAKE_PREFIX_PATH}:/home/nvidia/rby1_ros2_ws/rby1-ros2/install/rby1_subscriber_pkg:/home/nvidia/rby1_ros2_ws/rby1-ros2/install/rby1_mobile_control:/home/nvidia/ros2_ws/install/pynput_teleop_twist_keyboard:/home/nvidia/ros2_ws/install/launch_param_builder:/home/nvidia/ros2_ws/install/keyboard_joy:/home/nvidia/apriltag_py_ros2/install/apriltag_detector:/home/nvidia/rby1_ros2_ws/install/rby1_subscriber_pkg:/home/nvidia/rby1_ros2_ws/install/rby1_mobile_control:/opt/ros/humble /usr/bin/cmake --build /home/nvidia/rby1_ros2_ws/rby1-ros2/build/rby1_hardware -- -j8 -l8
[0.678s] [100%] Built target rby1_hardware
[0.695s] Invoked command in '/home/nvidia/rby1_ros2_ws/rby1-ros2/build/rby1_hardware' returned '0': CMAKE_PREFIX_PATH=${CMAKE_PREFIX_PATH}:/home/nvidia/rby1_ros2_ws/rby1-ros2/install/rby1_subscriber_pkg:/home/nvidia/rby1_ros2_ws/rby1-ros2/install/rby1_mobile_control:/home/nvidia/ros2_ws/install/pynput_teleop_twist_keyboard:/home/nvidia/ros2_ws/install/launch_param_builder:/home/nvidia/ros2_ws/install/keyboard_joy:/home/nvidia/apriltag_py_ros2/install/apriltag_detector:/home/nvidia/rby1_ros2_ws/install/rby1_subscriber_pkg:/home/nvidia/rby1_ros2_ws/install/rby1_mobile_control:/opt/ros/humble /usr/bin/cmake --build /home/nvidia/rby1_ros2_ws/rby1-ros2/build/rby1_hardware -- -j8 -l8
[0.699s] Invoking command in '/home/nvidia/rby1_ros2_ws/rby1-ros2/build/rby1_hardware': CMAKE_PREFIX_PATH=${CMAKE_PREFIX_PATH}:/home/nvidia/rby1_ros2_ws/rby1-ros2/install/rby1_subscriber_pkg:/home/nvidia/rby1_ros2_ws/rby1-ros2/install/rby1_mobile_control:/home/nvidia/ros2_ws/install/pynput_teleop_twist_keyboard:/home/nvidia/ros2_ws/install/launch_param_builder:/home/nvidia/ros2_ws/install/keyboard_joy:/home/nvidia/apriltag_py_ros2/install/apriltag_detector:/home/nvidia/rby1_ros2_ws/install/rby1_subscriber_pkg:/home/nvidia/rby1_ros2_ws/install/rby1_mobile_control:/opt/ros/humble /usr/bin/cmake --install /home/nvidia/rby1_ros2_ws/rby1-ros2/build/rby1_hardware
[1.333s] -- Install configuration: ""
[1.333s] -- Up-to-date: /home/nvidia/rby1_ros2_ws/rby1-ros2/install/rby1_hardware/lib/librby1_hardware.so
[1.334s] -- Up-to-date: /home/nvidia/rby1_ros2_ws/rby1-ros2/install/rby1_hardware/include
[1.334s] -- Up-to-date: /home/nvidia/rby1_ros2_ws/rby1-ros2/install/rby1_hardware/include/rby1_hardware
[1.335s] -- Up-to-date: /home/nvidia/rby1_ros2_ws/rby1-ros2/install/rby1_hardware/include/rby1_hardware/rby1_hardware_interface.hpp
[1.335s] -- Up-to-date: /home/nvidia/rby1_ros2_ws/rby1-ros2/install/rby1_hardware/share/rby1_hardware/rby1_hardware_plugins.xml
[1.335s] -- Up-to-date: /home/nvidia/rby1_ros2_ws/rby1-ros2/install/rby1_hardware/share/rby1_hardware/rby1_hardware_plugins.xml
[1.335s] -- Up-to-date: /home/nvidia/rby1_ros2_ws/rby1-ros2/install/rby1_hardware/share/ament_index/resource_index/package_run_dependencies/rby1_hardware
[1.336s] -- Up-to-date: /home/nvidia/rby1_ros2_ws/rby1-ros2/install/rby1_hardware/share/ament_index/resource_index/parent_prefix_path/rby1_hardware
[1.336s] -- Up-to-date: /home/nvidia/rby1_ros2_ws/rby1-ros2/install/rby1_hardware/share/rby1_hardware/environment/ament_prefix_path.sh
[1.337s] -- Up-to-date: /home/nvidia/rby1_ros2_ws/rby1-ros2/install/rby1_hardware/share/rby1_hardware/environment/ament_prefix_path.dsv
[1.338s] -- Up-to-date: /home/nvidia/rby1_ros2_ws/rby1-ros2/install/rby1_hardware/share/rby1_hardware/environment/path.sh
[1.339s] -- Up-to-date: /home/nvidia/rby1_ros2_ws/rby1-ros2/install/rby1_hardware/share/rby1_hardware/environment/path.dsv
[1.340s] -- Up-to-date: /home/nvidia/rby1_ros2_ws/rby1-ros2/install/rby1_hardware/share/rby1_hardware/local_setup.bash
[1.341s] -- Up-to-date: /home/nvidia/rby1_ros2_ws/rby1-ros2/install/rby1_hardware/share/rby1_hardware/local_setup.sh
[1.341s] -- Up-to-date: /home/nvidia/rby1_ros2_ws/rby1-ros2/install/rby1_hardware/share/rby1_hardware/local_setup.zsh
[1.342s] -- Up-to-date: /home/nvidia/rby1_ros2_ws/rby1-ros2/install/rby1_hardware/share/rby1_hardware/local_setup.dsv
[1.342s] -- Installing: /home/nvidia/rby1_ros2_ws/rby1-ros2/install/rby1_hardware/share/rby1_hardware/package.dsv
[1.343s] -- Up-to-date: /home/nvidia/rby1_ros2_ws/rby1-ros2/install/rby1_hardware/share/ament_index/resource_index/packages/rby1_hardware
[1.343s] -- Up-to-date: /home/nvidia/rby1_ros2_ws/rby1-ros2/install/rby1_hardware/share/ament_index/resource_index/hardware_interface__pluginlib__plugin/rby1_hardware
[1.344s] -- Up-to-date: /home/nvidia/rby1_ros2_ws/rby1-ros2/install/rby1_hardware/share/rby1_hardware/cmake/rby1_hardwareConfig.cmake
[1.344s] -- Up-to-date: /home/nvidia/rby1_ros2_ws/rby1-ros2/install/rby1_hardware/share/rby1_hardware/cmake/rby1_hardwareConfig-version.cmake
[1.346s] -- Up-to-date: /home/nvidia/rby1_ros2_ws/rby1-ros2/install/rby1_hardware/share/rby1_hardware/package.xml
[1.368s] Invoked command in '/home/nvidia/rby1_ros2_ws/rby1-ros2/build/rby1_hardware' returned '0': CMAKE_PREFIX_PATH=${CMAKE_PREFIX_PATH}:/home/nvidia/rby1_ros2_ws/rby1-ros2/install/rby1_subscriber_pkg:/home/nvidia/rby1_ros2_ws/rby1-ros2/install/rby1_mobile_control:/home/nvidia/ros2_ws/install/pynput_teleop_twist_keyboard:/home/nvidia/ros2_ws/install/launch_param_builder:/home/nvidia/ros2_ws/install/keyboard_joy:/home/nvidia/apriltag_py_ros2/install/apriltag_detector:/home/nvidia/rby1_ros2_ws/install/rby1_subscriber_pkg:/home/nvidia/rby1_ros2_ws/install/rby1_mobile_control:/opt/ros/humble /usr/bin/cmake --install /home/nvidia/rby1_ros2_ws/rby1-ros2/build/rby1_hardware
