-- The C compiler identification is GNU 11.4.0
-- The CXX compiler identification is GNU 11.4.0
-- Detecting C compiler ABI info
-- Detecting C compiler ABI info - done
-- Check for working C compiler: /usr/bin/cc - skipped
-- Detecting C compile features
-- Detecting C compile features - done
-- Detecting CXX compiler ABI info
-- Detecting CXX compiler ABI info - done
-- Check for working CXX compiler: /usr/bin/c++ - skipped
-- Detecting CXX compile features
-- Detecting CXX compile features - done
-- Found ament_cmake: 1.3.11 (/opt/ros/humble/share/ament_cmake/cmake)
-- Found Python3: /usr/bin/python3 (found version "3.10.12") found components: Interpreter
-- Found rclcpp: 16.0.12 (/opt/ros/humble/share/rclcpp/cmake)
-- Found rosidl_generator_c: 3.1.6 (/opt/ros/humble/share/rosidl_generator_c/cmake)
-- Found rosidl_adapter: 3.1.6 (/opt/ros/humble/share/rosidl_adapter/cmake)
-- Found rosidl_generator_cpp: 3.1.6 (/opt/ros/humble/share/rosidl_generator_cpp/cmake)
-- Using all available rosidl_typesupport_c: rosidl_typesupport_fastrtps_c;rosidl_typesupport_introspection_c
-- Using all available rosidl_typesupport_cpp: rosidl_typesupport_fastrtps_cpp;rosidl_typesupport_introspection_cpp
-- Found rmw_implementation_cmake: 6.1.2 (/opt/ros/humble/share/rmw_implementation_cmake/cmake)
-- Found rmw_fastrtps_cpp: 6.2.7 (/opt/ros/humble/share/rmw_fastrtps_cpp/cmake)
-- Found OpenSSL: /usr/lib/aarch64-linux-gnu/libcrypto.so (found version "3.0.2")
-- Found FastRTPS: /opt/ros/humble/include
-- Using RMW implementation 'rmw_fastrtps_cpp' as default
-- Performing Test CMAKE_HAVE_LIBC_PTHREAD
-- Performing Test CMAKE_HAVE_LIBC_PTHREAD - Success
-- Found Threads: TRUE
-- Found rclpy: 3.3.16 (/opt/ros/humble/share/rclpy/cmake)
-- Found controller_manager: 2.50.0 (/opt/ros/humble/share/controller_manager/cmake)
-- Found robot_state_publisher: 3.0.3 (/opt/ros/humble/share/robot_state_publisher/cmake)
-- Found eigen3_cmake_module: 0.1.1 (/opt/ros/humble/share/eigen3_cmake_module/cmake)
-- Found Eigen3: TRUE (found version "3.4.0")
-- Ensuring Eigen3 include directory is part of orocos-kdl CMake target
-- Configuring done (4.2s)
-- Generating done (0.0s)
-- Build files have been written to: /home/nvidia/rby1_ros2_ws/rby1-ros2/build/rby1_bringup
-- Install configuration: ""
-- Installing: /home/nvidia/rby1_ros2_ws/rby1-ros2/install/rby1_bringup/share/rby1_bringup/launch
-- Installing: /home/nvidia/rby1_ros2_ws/rby1-ros2/install/rby1_bringup/share/rby1_bringup/launch/bringup.launch.py
-- Installing: /home/nvidia/rby1_ros2_ws/rby1-ros2/install/rby1_bringup/share/rby1_bringup/config
-- Installing: /home/nvidia/rby1_ros2_ws/rby1-ros2/install/rby1_bringup/share/rby1_bringup/config/rby1_controllers.yaml
-- Installing: /home/nvidia/rby1_ros2_ws/rby1-ros2/install/rby1_bringup/share/ament_index/resource_index/package_run_dependencies/rby1_bringup
-- Installing: /home/nvidia/rby1_ros2_ws/rby1-ros2/install/rby1_bringup/share/ament_index/resource_index/parent_prefix_path/rby1_bringup
-- Installing: /home/nvidia/rby1_ros2_ws/rby1-ros2/install/rby1_bringup/share/rby1_bringup/environment/ament_prefix_path.sh
-- Installing: /home/nvidia/rby1_ros2_ws/rby1-ros2/install/rby1_bringup/share/rby1_bringup/environment/ament_prefix_path.dsv
-- Installing: /home/nvidia/rby1_ros2_ws/rby1-ros2/install/rby1_bringup/share/rby1_bringup/environment/path.sh
-- Installing: /home/nvidia/rby1_ros2_ws/rby1-ros2/install/rby1_bringup/share/rby1_bringup/environment/path.dsv
-- Installing: /home/nvidia/rby1_ros2_ws/rby1-ros2/install/rby1_bringup/share/rby1_bringup/local_setup.bash
-- Installing: /home/nvidia/rby1_ros2_ws/rby1-ros2/install/rby1_bringup/share/rby1_bringup/local_setup.sh
-- Installing: /home/nvidia/rby1_ros2_ws/rby1-ros2/install/rby1_bringup/share/rby1_bringup/local_setup.zsh
-- Installing: /home/nvidia/rby1_ros2_ws/rby1-ros2/install/rby1_bringup/share/rby1_bringup/local_setup.dsv
-- Installing: /home/nvidia/rby1_ros2_ws/rby1-ros2/install/rby1_bringup/share/rby1_bringup/package.dsv
-- Installing: /home/nvidia/rby1_ros2_ws/rby1-ros2/install/rby1_bringup/share/ament_index/resource_index/packages/rby1_bringup
-- Installing: /home/nvidia/rby1_ros2_ws/rby1-ros2/install/rby1_bringup/share/rby1_bringup/cmake/ament_cmake_export_dependencies-extras.cmake
-- Installing: /home/nvidia/rby1_ros2_ws/rby1-ros2/install/rby1_bringup/share/rby1_bringup/cmake/rby1_bringupConfig.cmake
-- Installing: /home/nvidia/rby1_ros2_ws/rby1-ros2/install/rby1_bringup/share/rby1_bringup/cmake/rby1_bringupConfig-version.cmake
-- Installing: /home/nvidia/rby1_ros2_ws/rby1-ros2/install/rby1_bringup/share/rby1_bringup/package.xml
