[2.518s] Invoking command in '/home/nvidia/rby1_ros2_ws/rby1-ros2/rby1_mobile_control': PYTHONPATH=/home/nvidia/rby1_ros2_ws/rby1-ros2/build/rby1_mobile_control/prefix_override:/usr/lib/python3/dist-packages/colcon_core/task/python/colcon_distutils_commands:/home/nvidia/rby1_ros2_ws/rby1-ros2/install/rby1_mobile_control/lib/python3.10/site-packages:${PYTHONPATH} /usr/bin/python3 -W ignore:setup.py install is deprecated -W ignore:easy_install command is deprecated setup.py egg_info --egg-base ../build/rby1_mobile_control build --build-base /home/nvidia/rby1_ros2_ws/rby1-ros2/build/rby1_mobile_control/build install --record /home/nvidia/rby1_ros2_ws/rby1-ros2/build/rby1_mobile_control/install.log --single-version-externally-managed install_data
[3.053s] running egg_info
[3.054s] creating ../build/rby1_mobile_control/rby1_mobile_control.egg-info
[3.054s] writing ../build/rby1_mobile_control/rby1_mobile_control.egg-info/PKG-INFO
[3.055s] writing dependency_links to ../build/rby1_mobile_control/rby1_mobile_control.egg-info/dependency_links.txt
[3.055s] writing entry points to ../build/rby1_mobile_control/rby1_mobile_control.egg-info/entry_points.txt
[3.055s] writing requirements to ../build/rby1_mobile_control/rby1_mobile_control.egg-info/requires.txt
[3.056s] writing top-level names to ../build/rby1_mobile_control/rby1_mobile_control.egg-info/top_level.txt
[3.056s] writing manifest file '../build/rby1_mobile_control/rby1_mobile_control.egg-info/SOURCES.txt'
[3.059s] reading manifest file '../build/rby1_mobile_control/rby1_mobile_control.egg-info/SOURCES.txt'
[3.060s] writing manifest file '../build/rby1_mobile_control/rby1_mobile_control.egg-info/SOURCES.txt'
[3.061s] running build
[3.061s] running build_py
[3.062s] creating /home/nvidia/rby1_ros2_ws/rby1-ros2/build/rby1_mobile_control/build
[3.062s] creating /home/nvidia/rby1_ros2_ws/rby1-ros2/build/rby1_mobile_control/build/lib
[3.062s] creating /home/nvidia/rby1_ros2_ws/rby1-ros2/build/rby1_mobile_control/build/lib/rby1_mobile_control
[3.063s] copying rby1_mobile_control/mobile_publisher.py -> /home/nvidia/rby1_ros2_ws/rby1-ros2/build/rby1_mobile_control/build/lib/rby1_mobile_control
[3.063s] copying rby1_mobile_control/__init__.py -> /home/nvidia/rby1_ros2_ws/rby1-ros2/build/rby1_mobile_control/build/lib/rby1_mobile_control
[3.063s] running install
[3.064s] running install_lib
[3.065s] creating /home/nvidia/rby1_ros2_ws/rby1-ros2/install/rby1_mobile_control/lib/python3.10/site-packages/rby1_mobile_control
[3.065s] copying /home/nvidia/rby1_ros2_ws/rby1-ros2/build/rby1_mobile_control/build/lib/rby1_mobile_control/mobile_publisher.py -> /home/nvidia/rby1_ros2_ws/rby1-ros2/install/rby1_mobile_control/lib/python3.10/site-packages/rby1_mobile_control
[3.065s] copying /home/nvidia/rby1_ros2_ws/rby1-ros2/build/rby1_mobile_control/build/lib/rby1_mobile_control/__init__.py -> /home/nvidia/rby1_ros2_ws/rby1-ros2/install/rby1_mobile_control/lib/python3.10/site-packages/rby1_mobile_control
[3.066s] byte-compiling /home/nvidia/rby1_ros2_ws/rby1-ros2/install/rby1_mobile_control/lib/python3.10/site-packages/rby1_mobile_control/mobile_publisher.py to mobile_publisher.cpython-310.pyc
[3.068s] byte-compiling /home/nvidia/rby1_ros2_ws/rby1-ros2/install/rby1_mobile_control/lib/python3.10/site-packages/rby1_mobile_control/__init__.py to __init__.cpython-310.pyc
[3.068s] running install_data
[3.068s] creating /home/nvidia/rby1_ros2_ws/rby1-ros2/install/rby1_mobile_control/share/ament_index
[3.068s] creating /home/nvidia/rby1_ros2_ws/rby1-ros2/install/rby1_mobile_control/share/ament_index/resource_index
[3.069s] creating /home/nvidia/rby1_ros2_ws/rby1-ros2/install/rby1_mobile_control/share/ament_index/resource_index/packages
[3.069s] copying resource/rby1_mobile_control -> /home/nvidia/rby1_ros2_ws/rby1-ros2/install/rby1_mobile_control/share/ament_index/resource_index/packages
[3.069s] copying package.xml -> /home/nvidia/rby1_ros2_ws/rby1-ros2/install/rby1_mobile_control/share/rby1_mobile_control
[3.069s] running install_egg_info
[3.073s] Copying ../build/rby1_mobile_control/rby1_mobile_control.egg-info to /home/nvidia/rby1_ros2_ws/rby1-ros2/install/rby1_mobile_control/lib/python3.10/site-packages/rby1_mobile_control-0.0.1-py3.10.egg-info
[3.075s] running install_scripts
[3.118s] Installing mobile_publisher script to /home/nvidia/rby1_ros2_ws/rby1-ros2/install/rby1_mobile_control/lib/rby1_mobile_control
[3.119s] writing list of installed files to '/home/nvidia/rby1_ros2_ws/rby1-ros2/build/rby1_mobile_control/install.log'
[3.194s] Invoked command in '/home/nvidia/rby1_ros2_ws/rby1-ros2/rby1_mobile_control' returned '0': PYTHONPATH=/home/nvidia/rby1_ros2_ws/rby1-ros2/build/rby1_mobile_control/prefix_override:/usr/lib/python3/dist-packages/colcon_core/task/python/colcon_distutils_commands:/home/nvidia/rby1_ros2_ws/rby1-ros2/install/rby1_mobile_control/lib/python3.10/site-packages:${PYTHONPATH} /usr/bin/python3 -W ignore:setup.py install is deprecated -W ignore:easy_install command is deprecated setup.py egg_info --egg-base ../build/rby1_mobile_control build --build-base /home/nvidia/rby1_ros2_ws/rby1-ros2/build/rby1_mobile_control/build install --record /home/nvidia/rby1_ros2_ws/rby1-ros2/build/rby1_mobile_control/install.log --single-version-externally-managed install_data
